[2025-09-02T19:48:47.453+0300][0.010s][info][gc,init] CardTable entry size: 512
[2025-09-02T19:48:47.454+0300][0.010s][debug][gc,heap] Minimum heap 2147483648  Initial heap 2147483648  Maximum heap 2147483648
[2025-09-02T19:48:47.454+0300][0.010s][info ][gc     ] Using G1
[2025-09-02T19:48:47.466+0300][0.023s][info ][gc,init] Version: 21.0.7+6-b1038.58 (release)
[2025-09-02T19:48:47.466+0300][0.023s][info ][gc,init] CPUs: 12 total, 12 available
[2025-09-02T19:48:47.466+0300][0.023s][info ][gc,init] Memory: 32768M
[2025-09-02T19:48:47.466+0300][0.023s][info ][gc,init] Large Page Support: Disabled
[2025-09-02T19:48:47.466+0300][0.023s][info ][gc,init] NUMA Support: Disabled
[2025-09-02T19:48:47.466+0300][0.023s][info ][gc,init] Compressed Oops: Enabled (Zero based)
[2025-09-02T19:48:47.466+0300][0.023s][info ][gc,init] Heap Region Size: 1M
[2025-09-02T19:48:47.466+0300][0.023s][info ][gc,init] Heap Min Capacity: 2G
[2025-09-02T19:48:47.466+0300][0.023s][info ][gc,init] Heap Initial Capacity: 2G
[2025-09-02T19:48:47.466+0300][0.023s][info ][gc,init] Heap Max Capacity: 2G
[2025-09-02T19:48:47.466+0300][0.023s][info ][gc,init] Pre-touch: Disabled
[2025-09-02T19:48:47.466+0300][0.023s][info ][gc,init] Parallel Workers: 10
[2025-09-02T19:48:47.466+0300][0.023s][info ][gc,init] Concurrent Workers: 3
[2025-09-02T19:48:47.466+0300][0.023s][info ][gc,init] Concurrent Refinement Workers: 10
[2025-09-02T19:48:47.466+0300][0.023s][info ][gc,init] Periodic GC: Disabled
[2025-09-02T19:48:47.487+0300][0.044s][info ][gc,metaspace] CDS archive(s) mapped at: [0x000000011c000000-0x000000011dc32000-0x000000011dc32000), size 29564928, SharedBaseAddress: 0x000000011c000000, ArchiveRelocationMode: 1.
[2025-09-02T19:48:47.487+0300][0.044s][info ][gc,metaspace] Compressed class space mapped at: 0x000000011e000000-0x000000015e000000, reserved size: 1073741824
[2025-09-02T19:48:47.487+0300][0.044s][info ][gc,metaspace] Narrow klass base: 0x000000011c000000, Narrow klass shift: 0, Narrow klass range: 0x100000000
[2025-09-02T19:48:48.509+0300][1.066s][info ][gc,start    ] GC(0) Pause Young (Normal) (G1 Evacuation Pause)
[2025-09-02T19:48:48.509+0300][1.066s][debug][gc,heap     ] GC(0) Heap before GC invocations=0 (full 0):
[2025-09-02T19:48:48.509+0300][1.066s][debug][gc,heap     ] GC(0)  garbage-first heap   total 2097152K, used 106660K [0x0000000780000000, 0x0000000800000000)
[2025-09-02T19:48:48.509+0300][1.066s][debug][gc,heap     ] GC(0)   region size 1024K, 102 young (104448K), 0 survivors (0K)
[2025-09-02T19:48:48.509+0300][1.066s][debug][gc,heap     ] GC(0)  Metaspace       used 15621K, committed 15936K, reserved 1114112K
[2025-09-02T19:48:48.509+0300][1.066s][debug][gc,heap     ] GC(0)   class space    used 1948K, committed 2112K, reserved 1048576K
[2025-09-02T19:48:48.510+0300][1.066s][info ][gc,task     ] GC(0) Using 10 workers of 10 for evacuation
[2025-09-02T19:48:48.515+0300][1.071s][info ][gc,phases   ] GC(0)   Pre Evacuate Collection Set: 0.2ms
[2025-09-02T19:48:48.515+0300][1.071s][info ][gc,phases   ] GC(0)   Merge Heap Roots: 0.1ms
[2025-09-02T19:48:48.515+0300][1.071s][info ][gc,phases   ] GC(0)   Evacuate Collection Set: 3.6ms
[2025-09-02T19:48:48.515+0300][1.071s][info ][gc,phases   ] GC(0)   Post Evacuate Collection Set: 0.7ms
[2025-09-02T19:48:48.515+0300][1.071s][info ][gc,phases   ] GC(0)   Other: 0.6ms
[2025-09-02T19:48:48.515+0300][1.071s][info ][gc,heap     ] GC(0) Eden regions: 102->0(101)
[2025-09-02T19:48:48.515+0300][1.071s][info ][gc,heap     ] GC(0) Survivor regions: 0->7(13)
[2025-09-02T19:48:48.515+0300][1.071s][info ][gc,heap     ] GC(0) Old regions: 3->3
[2025-09-02T19:48:48.515+0300][1.071s][info ][gc,heap     ] GC(0) Humongous regions: 0->0
[2025-09-02T19:48:48.515+0300][1.071s][info ][gc,metaspace] GC(0) Metaspace: 15621K(15936K)->15621K(15936K) NonClass: 13672K(13824K)->13672K(13824K) Class: 1948K(2112K)->1948K(2112K)
[2025-09-02T19:48:48.515+0300][1.071s][debug][gc,heap     ] GC(0) Heap after GC invocations=1 (full 0):
[2025-09-02T19:48:48.515+0300][1.071s][debug][gc,heap     ] GC(0)  garbage-first heap   total 2097152K, used 8996K [0x0000000780000000, 0x0000000800000000)
[2025-09-02T19:48:48.515+0300][1.071s][debug][gc,heap     ] GC(0)   region size 1024K, 7 young (7168K), 7 survivors (7168K)
[2025-09-02T19:48:48.515+0300][1.071s][debug][gc,heap     ] GC(0)  Metaspace       used 15621K, committed 15936K, reserved 1114112K
[2025-09-02T19:48:48.515+0300][1.071s][debug][gc,heap     ] GC(0)   class space    used 1948K, committed 2112K, reserved 1048576K
[2025-09-02T19:48:48.515+0300][1.071s][info ][gc          ] GC(0) Pause Young (Normal) (G1 Evacuation Pause) 104M->8M(2048M) 5.600ms
[2025-09-02T19:48:48.515+0300][1.071s][info ][gc,cpu      ] GC(0) User=0.04s Sys=0.00s Real=0.01s
[2025-09-02T19:48:49.038+0300][1.594s][info ][gc,start    ] GC(1) Pause Young (Concurrent Start) (Metadata GC Threshold)
[2025-09-02T19:48:49.038+0300][1.594s][debug][gc,heap     ] GC(1) Heap before GC invocations=1 (full 0):
[2025-09-02T19:48:49.038+0300][1.594s][debug][gc,heap     ] GC(1)  garbage-first heap   total 2097152K, used 52004K [0x0000000780000000, 0x0000000800000000)
[2025-09-02T19:48:49.038+0300][1.594s][debug][gc,heap     ] GC(1)   region size 1024K, 50 young (51200K), 7 survivors (7168K)
[2025-09-02T19:48:49.038+0300][1.594s][debug][gc,heap     ] GC(1)  Metaspace       used 21126K, committed 21504K, reserved 1114112K
[2025-09-02T19:48:49.038+0300][1.594s][debug][gc,heap     ] GC(1)   class space    used 2694K, committed 2880K, reserved 1048576K
[2025-09-02T19:48:49.038+0300][1.594s][info ][gc,task     ] GC(1) Using 10 workers of 10 for evacuation
[2025-09-02T19:48:49.044+0300][1.600s][info ][gc,phases   ] GC(1)   Pre Evacuate Collection Set: 0.2ms
[2025-09-02T19:48:49.044+0300][1.600s][info ][gc,phases   ] GC(1)   Merge Heap Roots: 0.1ms
[2025-09-02T19:48:49.044+0300][1.600s][info ][gc,phases   ] GC(1)   Evacuate Collection Set: 5.0ms
[2025-09-02T19:48:49.044+0300][1.600s][info ][gc,phases   ] GC(1)   Post Evacuate Collection Set: 0.7ms
[2025-09-02T19:48:49.044+0300][1.600s][info ][gc,phases   ] GC(1)   Other: 0.1ms
[2025-09-02T19:48:49.044+0300][1.600s][info ][gc,heap     ] GC(1) Eden regions: 43->0(131)
[2025-09-02T19:48:49.044+0300][1.600s][info ][gc,heap     ] GC(1) Survivor regions: 7->9(14)
[2025-09-02T19:48:49.044+0300][1.600s][info ][gc,heap     ] GC(1) Old regions: 3->3
[2025-09-02T19:48:49.044+0300][1.600s][info ][gc,heap     ] GC(1) Humongous regions: 0->0
[2025-09-02T19:48:49.044+0300][1.600s][info ][gc,metaspace] GC(1) Metaspace: 21126K(21504K)->21126K(21504K) NonClass: 18431K(18624K)->18431K(18624K) Class: 2694K(2880K)->2694K(2880K)
[2025-09-02T19:48:49.044+0300][1.600s][debug][gc,heap     ] GC(1) Heap after GC invocations=2 (full 0):
[2025-09-02T19:48:49.044+0300][1.600s][debug][gc,heap     ] GC(1)  garbage-first heap   total 2097152K, used 11428K [0x0000000780000000, 0x0000000800000000)
[2025-09-02T19:48:49.044+0300][1.600s][debug][gc,heap     ] GC(1)   region size 1024K, 9 young (9216K), 9 survivors (9216K)
[2025-09-02T19:48:49.044+0300][1.600s][debug][gc,heap     ] GC(1)  Metaspace       used 21126K, committed 21504K, reserved 1114112K
[2025-09-02T19:48:49.044+0300][1.600s][debug][gc,heap     ] GC(1)   class space    used 2694K, committed 2880K, reserved 1048576K
[2025-09-02T19:48:49.044+0300][1.600s][info ][gc          ] GC(1) Pause Young (Concurrent Start) (Metadata GC Threshold) 51M->11M(2048M) 6.456ms
[2025-09-02T19:48:49.044+0300][1.600s][info ][gc,cpu      ] GC(1) User=0.05s Sys=0.00s Real=0.01s
[2025-09-02T19:48:49.044+0300][1.600s][info ][gc          ] GC(2) Concurrent Mark Cycle
[2025-09-02T19:48:49.044+0300][1.601s][info ][gc,marking  ] GC(2) Concurrent Scan Root Regions
[2025-09-02T19:48:49.047+0300][1.604s][info ][gc,marking  ] GC(2) Concurrent Scan Root Regions 3.304ms
[2025-09-02T19:48:49.047+0300][1.604s][info ][gc,marking  ] GC(2) Concurrent Mark
[2025-09-02T19:48:49.048+0300][1.604s][info ][gc,marking  ] GC(2) Concurrent Mark From Roots
[2025-09-02T19:48:49.048+0300][1.604s][info ][gc,task     ] GC(2) Using 3 workers of 3 for marking
[2025-09-02T19:48:49.050+0300][1.607s][info ][gc,marking  ] GC(2) Concurrent Mark From Roots 2.967ms
[2025-09-02T19:48:49.051+0300][1.607s][info ][gc,marking  ] GC(2) Concurrent Preclean
[2025-09-02T19:48:49.051+0300][1.607s][info ][gc,marking  ] GC(2) Concurrent Preclean 0.023ms
[2025-09-02T19:48:49.051+0300][1.607s][info ][gc,start    ] GC(2) Pause Remark
[2025-09-02T19:48:49.053+0300][1.609s][info ][gc          ] GC(2) Pause Remark 12M->12M(2048M) 1.758ms
[2025-09-02T19:48:49.053+0300][1.609s][info ][gc,cpu      ] GC(2) User=0.02s Sys=0.01s Real=0.00s
[2025-09-02T19:48:49.053+0300][1.609s][info ][gc,marking  ] GC(2) Concurrent Mark 5.319ms
[2025-09-02T19:48:49.053+0300][1.609s][info ][gc,marking  ] GC(2) Concurrent Rebuild Remembered Sets and Scrub Regions
[2025-09-02T19:48:49.054+0300][1.610s][info ][gc,marking  ] GC(2) Concurrent Rebuild Remembered Sets and Scrub Regions 1.247ms
[2025-09-02T19:48:49.054+0300][1.611s][info ][gc,start    ] GC(2) Pause Cleanup
[2025-09-02T19:48:49.054+0300][1.611s][info ][gc          ] GC(2) Pause Cleanup 12M->12M(2048M) 0.170ms
[2025-09-02T19:48:49.054+0300][1.611s][info ][gc,cpu      ] GC(2) User=0.00s Sys=0.00s Real=0.00s
[2025-09-02T19:48:49.054+0300][1.611s][info ][gc,marking  ] GC(2) Concurrent Clear Claimed Marks
[2025-09-02T19:48:49.055+0300][1.611s][info ][gc,marking  ] GC(2) Concurrent Clear Claimed Marks 0.094ms
[2025-09-02T19:48:49.055+0300][1.611s][info ][gc,marking  ] GC(2) Concurrent Cleanup for Next Mark
[2025-09-02T19:48:49.066+0300][1.623s][info ][gc,marking  ] GC(2) Concurrent Cleanup for Next Mark 11.679ms
[2025-09-02T19:48:49.066+0300][1.623s][info ][gc          ] GC(2) Concurrent Mark Cycle 22.279ms
[2025-09-02T19:49:14.176+0300][26.732s][info ][gc,start    ] GC(3) Pause Young (Prepare Mixed) (G1 Evacuation Pause)
[2025-09-02T19:49:14.176+0300][26.732s][debug][gc,heap     ] GC(3) Heap before GC invocations=3 (full 0):
[2025-09-02T19:49:14.176+0300][26.732s][debug][gc,heap     ] GC(3)  garbage-first heap   total 2097152K, used 145572K [0x0000000780000000, 0x0000000800000000)
[2025-09-02T19:49:14.176+0300][26.732s][debug][gc,heap     ] GC(3)   region size 1024K, 140 young (143360K), 9 survivors (9216K)
[2025-09-02T19:49:14.176+0300][26.732s][debug][gc,heap     ] GC(3)  Metaspace       used 27742K, committed 28224K, reserved 1114112K
[2025-09-02T19:49:14.176+0300][26.732s][debug][gc,heap     ] GC(3)   class space    used 3565K, committed 3776K, reserved 1048576K
[2025-09-02T19:49:14.176+0300][26.732s][info ][gc,task     ] GC(3) Using 10 workers of 10 for evacuation
[2025-09-02T19:49:14.214+0300][26.770s][info ][gc,phases   ] GC(3)   Pre Evacuate Collection Set: 0.2ms
[2025-09-02T19:49:14.214+0300][26.770s][info ][gc,phases   ] GC(3)   Merge Heap Roots: 0.1ms
[2025-09-02T19:49:14.214+0300][26.770s][info ][gc,phases   ] GC(3)   Evacuate Collection Set: 36.4ms
[2025-09-02T19:49:14.214+0300][26.770s][info ][gc,phases   ] GC(3)   Post Evacuate Collection Set: 1.0ms
[2025-09-02T19:49:14.214+0300][26.770s][info ][gc,phases   ] GC(3)   Other: 0.1ms
[2025-09-02T19:49:14.214+0300][26.770s][info ][gc,heap     ] GC(3) Eden regions: 131->0(84)
[2025-09-02T19:49:14.214+0300][26.770s][info ][gc,heap     ] GC(3) Survivor regions: 9->18(18)
[2025-09-02T19:49:14.214+0300][26.770s][info ][gc,heap     ] GC(3) Old regions: 3->74
[2025-09-02T19:49:14.214+0300][26.770s][info ][gc,heap     ] GC(3) Humongous regions: 0->0
[2025-09-02T19:49:14.214+0300][26.770s][info ][gc,metaspace] GC(3) Metaspace: 27742K(28224K)->27742K(28224K) NonClass: 24177K(24448K)->24177K(24448K) Class: 3565K(3776K)->3565K(3776K)
[2025-09-02T19:49:14.214+0300][26.770s][debug][gc,heap     ] GC(3) Heap after GC invocations=4 (full 0):
[2025-09-02T19:49:14.214+0300][26.770s][debug][gc,heap     ] GC(3)  garbage-first heap   total 2097152K, used 92779K [0x0000000780000000, 0x0000000800000000)
[2025-09-02T19:49:14.214+0300][26.770s][debug][gc,heap     ] GC(3)   region size 1024K, 18 young (18432K), 18 survivors (18432K)
[2025-09-02T19:49:14.214+0300][26.770s][debug][gc,heap     ] GC(3)  Metaspace       used 27742K, committed 28224K, reserved 1114112K
[2025-09-02T19:49:14.214+0300][26.770s][debug][gc,heap     ] GC(3)   class space    used 3565K, committed 3776K, reserved 1048576K
[2025-09-02T19:49:14.214+0300][26.770s][info ][gc          ] GC(3) Pause Young (Prepare Mixed) (G1 Evacuation Pause) 142M->90M(2048M) 38.105ms
[2025-09-02T19:49:14.214+0300][26.770s][info ][gc,cpu      ] GC(3) User=0.09s Sys=0.21s Real=0.04s
[2025-09-02T19:49:14.300+0300][26.856s][info ][gc,start    ] GC(4) Pause Young (Mixed) (G1 Evacuation Pause)
[2025-09-02T19:49:14.300+0300][26.856s][debug][gc,heap     ] GC(4) Heap before GC invocations=4 (full 0):
[2025-09-02T19:49:14.300+0300][26.856s][debug][gc,heap     ] GC(4)  garbage-first heap   total 2097152K, used 178795K [0x0000000780000000, 0x0000000800000000)
[2025-09-02T19:49:14.300+0300][26.856s][debug][gc,heap     ] GC(4)   region size 1024K, 102 young (104448K), 18 survivors (18432K)
[2025-09-02T19:49:14.300+0300][26.856s][debug][gc,heap     ] GC(4)  Metaspace       used 27742K, committed 28224K, reserved 1114112K
[2025-09-02T19:49:14.300+0300][26.856s][debug][gc,heap     ] GC(4)   class space    used 3565K, committed 3776K, reserved 1048576K
[2025-09-02T19:49:14.300+0300][26.856s][info ][gc,task     ] GC(4) Using 10 workers of 10 for evacuation
[2025-09-02T19:49:14.336+0300][26.893s][info ][gc,phases   ] GC(4)   Pre Evacuate Collection Set: 0.1ms
[2025-09-02T19:49:14.337+0300][26.893s][info ][gc,phases   ] GC(4)   Merge Heap Roots: 0.1ms
[2025-09-02T19:49:14.337+0300][26.893s][info ][gc,phases   ] GC(4)   Evacuate Collection Set: 35.6ms
[2025-09-02T19:49:14.337+0300][26.893s][info ][gc,phases   ] GC(4)   Post Evacuate Collection Set: 0.6ms
[2025-09-02T19:49:14.337+0300][26.893s][info ][gc,phases   ] GC(4)   Other: 0.0ms
[2025-09-02T19:49:14.337+0300][26.893s][info ][gc,heap     ] GC(4) Eden regions: 84->0(89)
[2025-09-02T19:49:14.337+0300][26.893s][info ][gc,heap     ] GC(4) Survivor regions: 18->13(13)
[2025-09-02T19:49:14.337+0300][26.893s][info ][gc,heap     ] GC(4) Old regions: 74->163
[2025-09-02T19:49:14.337+0300][26.893s][info ][gc,heap     ] GC(4) Humongous regions: 0->0
[2025-09-02T19:49:14.337+0300][26.893s][info ][gc,metaspace] GC(4) Metaspace: 27742K(28224K)->27742K(28224K) NonClass: 24177K(24448K)->24177K(24448K) Class: 3565K(3776K)->3565K(3776K)
[2025-09-02T19:49:14.337+0300][26.893s][debug][gc,heap     ] GC(4) Heap after GC invocations=5 (full 0):
[2025-09-02T19:49:14.337+0300][26.893s][debug][gc,heap     ] GC(4)  garbage-first heap   total 2097152K, used 179712K [0x0000000780000000, 0x0000000800000000)
[2025-09-02T19:49:14.337+0300][26.893s][debug][gc,heap     ] GC(4)   region size 1024K, 13 young (13312K), 13 survivors (13312K)
[2025-09-02T19:49:14.337+0300][26.893s][debug][gc,heap     ] GC(4)  Metaspace       used 27742K, committed 28224K, reserved 1114112K
[2025-09-02T19:49:14.337+0300][26.893s][debug][gc,heap     ] GC(4)   class space    used 3565K, committed 3776K, reserved 1048576K
[2025-09-02T19:49:14.337+0300][26.893s][info ][gc          ] GC(4) Pause Young (Mixed) (G1 Evacuation Pause) 174M->175M(2048M) 36.770ms
[2025-09-02T19:49:14.337+0300][26.893s][info ][gc,cpu      ] GC(4) User=0.09s Sys=0.20s Real=0.03s
[2025-09-02T19:49:14.434+0300][26.990s][info ][gc,start    ] GC(5) Pause Young (Normal) (G1 Evacuation Pause)
[2025-09-02T19:49:14.434+0300][26.990s][debug][gc,heap     ] GC(5) Heap before GC invocations=5 (full 0):
[2025-09-02T19:49:14.434+0300][26.990s][debug][gc,heap     ] GC(5)  garbage-first heap   total 2097152K, used 271872K [0x0000000780000000, 0x0000000800000000)
[2025-09-02T19:49:14.434+0300][26.990s][debug][gc,heap     ] GC(5)   region size 1024K, 102 young (104448K), 13 survivors (13312K)
[2025-09-02T19:49:14.434+0300][26.990s][debug][gc,heap     ] GC(5)  Metaspace       used 27749K, committed 28224K, reserved 1114112K
[2025-09-02T19:49:14.434+0300][26.991s][debug][gc,heap     ] GC(5)   class space    used 3565K, committed 3776K, reserved 1048576K
[2025-09-02T19:49:14.434+0300][26.991s][info ][gc,task     ] GC(5) Using 10 workers of 10 for evacuation
[2025-09-02T19:49:14.473+0300][27.030s][info ][gc,phases   ] GC(5)   Pre Evacuate Collection Set: 0.2ms
[2025-09-02T19:49:14.474+0300][27.030s][info ][gc,phases   ] GC(5)   Merge Heap Roots: 0.1ms
[2025-09-02T19:49:14.474+0300][27.030s][info ][gc,phases   ] GC(5)   Evacuate Collection Set: 38.6ms
[2025-09-02T19:49:14.474+0300][27.030s][info ][gc,phases   ] GC(5)   Post Evacuate Collection Set: 0.3ms
[2025-09-02T19:49:14.474+0300][27.030s][info ][gc,phases   ] GC(5)   Other: 0.1ms
[2025-09-02T19:49:14.474+0300][27.030s][info ][gc,heap     ] GC(5) Eden regions: 89->0(89)
[2025-09-02T19:49:14.474+0300][27.030s][info ][gc,heap     ] GC(5) Survivor regions: 13->13(13)
[2025-09-02T19:49:14.474+0300][27.030s][info ][gc,heap     ] GC(5) Old regions: 163->254
[2025-09-02T19:49:14.474+0300][27.030s][info ][gc,heap     ] GC(5) Humongous regions: 1->1
[2025-09-02T19:49:14.474+0300][27.030s][info ][gc,metaspace] GC(5) Metaspace: 27749K(28224K)->27749K(28224K) NonClass: 24183K(24448K)->24183K(24448K) Class: 3565K(3776K)->3565K(3776K)
[2025-09-02T19:49:14.474+0300][27.030s][debug][gc,heap     ] GC(5) Heap after GC invocations=6 (full 0):
[2025-09-02T19:49:14.474+0300][27.030s][debug][gc,heap     ] GC(5)  garbage-first heap   total 2097152K, used 273920K [0x0000000780000000, 0x0000000800000000)
[2025-09-02T19:49:14.474+0300][27.030s][debug][gc,heap     ] GC(5)   region size 1024K, 13 young (13312K), 13 survivors (13312K)
[2025-09-02T19:49:14.474+0300][27.030s][debug][gc,heap     ] GC(5)  Metaspace       used 27749K, committed 28224K, reserved 1114112K
[2025-09-02T19:49:14.474+0300][27.030s][debug][gc,heap     ] GC(5)   class space    used 3565K, committed 3776K, reserved 1048576K
[2025-09-02T19:49:14.474+0300][27.030s][info ][gc          ] GC(5) Pause Young (Normal) (G1 Evacuation Pause) 265M->267M(2048M) 39.639ms
[2025-09-02T19:49:14.474+0300][27.030s][info ][gc,cpu      ] GC(5) User=0.07s Sys=0.21s Real=0.04s
[2025-09-02T19:49:14.564+0300][27.120s][info ][gc,start    ] GC(6) Pause Young (Normal) (G1 Evacuation Pause)
[2025-09-02T19:49:14.564+0300][27.120s][debug][gc,heap     ] GC(6) Heap before GC invocations=6 (full 0):
[2025-09-02T19:49:14.564+0300][27.120s][debug][gc,heap     ] GC(6)  garbage-first heap   total 2097152K, used 365056K [0x0000000780000000, 0x0000000800000000)
[2025-09-02T19:49:14.564+0300][27.120s][debug][gc,heap     ] GC(6)   region size 1024K, 102 young (104448K), 13 survivors (13312K)
[2025-09-02T19:49:14.564+0300][27.120s][debug][gc,heap     ] GC(6)  Metaspace       used 27749K, committed 28224K, reserved 1114112K
[2025-09-02T19:49:14.564+0300][27.120s][debug][gc,heap     ] GC(6)   class space    used 3565K, committed 3776K, reserved 1048576K
[2025-09-02T19:49:14.564+0300][27.120s][info ][gc,task     ] GC(6) Using 10 workers of 10 for evacuation
[2025-09-02T19:49:14.603+0300][27.159s][info ][gc,phases   ] GC(6)   Pre Evacuate Collection Set: 0.2ms
[2025-09-02T19:49:14.603+0300][27.159s][info ][gc,phases   ] GC(6)   Merge Heap Roots: 0.2ms
[2025-09-02T19:49:14.603+0300][27.159s][info ][gc,phases   ] GC(6)   Evacuate Collection Set: 38.2ms
[2025-09-02T19:49:14.603+0300][27.159s][info ][gc,phases   ] GC(6)   Post Evacuate Collection Set: 0.2ms
[2025-09-02T19:49:14.603+0300][27.159s][info ][gc,phases   ] GC(6)   Other: 0.1ms
[2025-09-02T19:49:14.603+0300][27.159s][info ][gc,heap     ] GC(6) Eden regions: 89->0(89)
[2025-09-02T19:49:14.603+0300][27.159s][info ][gc,heap     ] GC(6) Survivor regions: 13->13(13)
[2025-09-02T19:49:14.603+0300][27.159s][info ][gc,heap     ] GC(6) Old regions: 254->344
[2025-09-02T19:49:14.603+0300][27.159s][info ][gc,heap     ] GC(6) Humongous regions: 1->1
[2025-09-02T19:49:14.603+0300][27.159s][info ][gc,metaspace] GC(6) Metaspace: 27749K(28224K)->27749K(28224K) NonClass: 24183K(24448K)->24183K(24448K) Class: 3565K(3776K)->3565K(3776K)
[2025-09-02T19:49:14.603+0300][27.159s][debug][gc,heap     ] GC(6) Heap after GC invocations=7 (full 0):
[2025-09-02T19:49:14.603+0300][27.159s][debug][gc,heap     ] GC(6)  garbage-first heap   total 2097152K, used 366592K [0x0000000780000000, 0x0000000800000000)
[2025-09-02T19:49:14.603+0300][27.159s][debug][gc,heap     ] GC(6)   region size 1024K, 13 young (13312K), 13 survivors (13312K)
[2025-09-02T19:49:14.603+0300][27.159s][debug][gc,heap     ] GC(6)  Metaspace       used 27749K, committed 28224K, reserved 1114112K
[2025-09-02T19:49:14.603+0300][27.159s][debug][gc,heap     ] GC(6)   class space    used 3565K, committed 3776K, reserved 1048576K
[2025-09-02T19:49:14.603+0300][27.159s][info ][gc          ] GC(6) Pause Young (Normal) (G1 Evacuation Pause) 356M->358M(2048M) 39.172ms
[2025-09-02T19:49:14.603+0300][27.159s][info ][gc,cpu      ] GC(6) User=0.07s Sys=0.23s Real=0.04s
[2025-09-02T19:49:14.707+0300][27.263s][info ][gc,start    ] GC(7) Pause Young (Normal) (G1 Evacuation Pause)
[2025-09-02T19:49:14.707+0300][27.263s][debug][gc,heap     ] GC(7) Heap before GC invocations=7 (full 0):
[2025-09-02T19:49:14.707+0300][27.263s][debug][gc,heap     ] GC(7)  garbage-first heap   total 2097152K, used 459776K [0x0000000780000000, 0x0000000800000000)
[2025-09-02T19:49:14.707+0300][27.263s][debug][gc,heap     ] GC(7)   region size 1024K, 102 young (104448K), 13 survivors (13312K)
[2025-09-02T19:49:14.707+0300][27.263s][debug][gc,heap     ] GC(7)  Metaspace       used 27749K, committed 28224K, reserved 1114112K
[2025-09-02T19:49:14.707+0300][27.263s][debug][gc,heap     ] GC(7)   class space    used 3565K, committed 3776K, reserved 1048576K
[2025-09-02T19:49:14.707+0300][27.263s][info ][gc,task     ] GC(7) Using 10 workers of 10 for evacuation
[2025-09-02T19:49:14.749+0300][27.306s][info ][gc,phases   ] GC(7)   Pre Evacuate Collection Set: 0.2ms
[2025-09-02T19:49:14.749+0300][27.306s][info ][gc,phases   ] GC(7)   Merge Heap Roots: 0.1ms
[2025-09-02T19:49:14.749+0300][27.306s][info ][gc,phases   ] GC(7)   Evacuate Collection Set: 41.5ms
[2025-09-02T19:49:14.749+0300][27.306s][info ][gc,phases   ] GC(7)   Post Evacuate Collection Set: 0.4ms
[2025-09-02T19:49:14.749+0300][27.306s][info ][gc,phases   ] GC(7)   Other: 0.1ms
[2025-09-02T19:49:14.750+0300][27.306s][info ][gc,heap     ] GC(7) Eden regions: 89->0(89)
[2025-09-02T19:49:14.750+0300][27.306s][info ][gc,heap     ] GC(7) Survivor regions: 13->13(13)
[2025-09-02T19:49:14.750+0300][27.306s][info ][gc,heap     ] GC(7) Old regions: 344->435
[2025-09-02T19:49:14.750+0300][27.306s][info ][gc,heap     ] GC(7) Humongous regions: 3->3
[2025-09-02T19:49:14.750+0300][27.306s][info ][gc,metaspace] GC(7) Metaspace: 27749K(28224K)->27749K(28224K) NonClass: 24183K(24448K)->24183K(24448K) Class: 3565K(3776K)->3565K(3776K)
[2025-09-02T19:49:14.750+0300][27.306s][debug][gc,heap     ] GC(7) Heap after GC invocations=8 (full 0):
[2025-09-02T19:49:14.750+0300][27.306s][debug][gc,heap     ] GC(7)  garbage-first heap   total 2097152K, used 461824K [0x0000000780000000, 0x0000000800000000)
[2025-09-02T19:49:14.750+0300][27.306s][debug][gc,heap     ] GC(7)   region size 1024K, 13 young (13312K), 13 survivors (13312K)
[2025-09-02T19:49:14.750+0300][27.306s][debug][gc,heap     ] GC(7)  Metaspace       used 27749K, committed 28224K, reserved 1114112K
[2025-09-02T19:49:14.750+0300][27.306s][debug][gc,heap     ] GC(7)   class space    used 3565K, committed 3776K, reserved 1048576K
[2025-09-02T19:49:14.750+0300][27.306s][info ][gc          ] GC(7) Pause Young (Normal) (G1 Evacuation Pause) 449M->451M(2048M) 42.601ms
[2025-09-02T19:49:14.750+0300][27.306s][info ][gc,cpu      ] GC(7) User=0.09s Sys=0.24s Real=0.05s
[2025-09-02T19:49:14.839+0300][27.395s][info ][gc,start    ] GC(8) Pause Young (Normal) (G1 Evacuation Pause)
[2025-09-02T19:49:14.839+0300][27.395s][debug][gc,heap     ] GC(8) Heap before GC invocations=8 (full 0):
[2025-09-02T19:49:14.839+0300][27.395s][debug][gc,heap     ] GC(8)  garbage-first heap   total 2097152K, used 552960K [0x0000000780000000, 0x0000000800000000)
[2025-09-02T19:49:14.839+0300][27.395s][debug][gc,heap     ] GC(8)   region size 1024K, 102 young (104448K), 13 survivors (13312K)
[2025-09-02T19:49:14.839+0300][27.395s][debug][gc,heap     ] GC(8)  Metaspace       used 27749K, committed 28224K, reserved 1114112K
[2025-09-02T19:49:14.839+0300][27.395s][debug][gc,heap     ] GC(8)   class space    used 3565K, committed 3776K, reserved 1048576K
[2025-09-02T19:49:14.839+0300][27.395s][info ][gc,task     ] GC(8) Using 10 workers of 10 for evacuation
[2025-09-02T19:49:14.872+0300][27.428s][info ][gc,phases   ] GC(8)   Pre Evacuate Collection Set: 0.2ms
[2025-09-02T19:49:14.872+0300][27.428s][info ][gc,phases   ] GC(8)   Merge Heap Roots: 0.1ms
[2025-09-02T19:49:14.872+0300][27.428s][info ][gc,phases   ] GC(8)   Evacuate Collection Set: 32.1ms
[2025-09-02T19:49:14.872+0300][27.428s][info ][gc,phases   ] GC(8)   Post Evacuate Collection Set: 0.2ms
[2025-09-02T19:49:14.872+0300][27.428s][info ][gc,phases   ] GC(8)   Other: 0.0ms
[2025-09-02T19:49:14.872+0300][27.428s][info ][gc,heap     ] GC(8) Eden regions: 89->0(89)
[2025-09-02T19:49:14.872+0300][27.428s][info ][gc,heap     ] GC(8) Survivor regions: 13->13(13)
[2025-09-02T19:49:14.872+0300][27.428s][info ][gc,heap     ] GC(8) Old regions: 435->527
[2025-09-02T19:49:14.872+0300][27.428s][info ][gc,heap     ] GC(8) Humongous regions: 3->3
[2025-09-02T19:49:14.872+0300][27.428s][info ][gc,metaspace] GC(8) Metaspace: 27749K(28224K)->27749K(28224K) NonClass: 24183K(24448K)->24183K(24448K) Class: 3565K(3776K)->3565K(3776K)
[2025-09-02T19:49:14.872+0300][27.428s][debug][gc,heap     ] GC(8) Heap after GC invocations=9 (full 0):
[2025-09-02T19:49:14.872+0300][27.428s][debug][gc,heap     ] GC(8)  garbage-first heap   total 2097152K, used 556032K [0x0000000780000000, 0x0000000800000000)
[2025-09-02T19:49:14.872+0300][27.428s][debug][gc,heap     ] GC(8)   region size 1024K, 13 young (13312K), 13 survivors (13312K)
[2025-09-02T19:49:14.872+0300][27.428s][debug][gc,heap     ] GC(8)  Metaspace       used 27749K, committed 28224K, reserved 1114112K
[2025-09-02T19:49:14.872+0300][27.428s][debug][gc,heap     ] GC(8)   class space    used 3565K, committed 3776K, reserved 1048576K
[2025-09-02T19:49:14.872+0300][27.428s][info ][gc          ] GC(8) Pause Young (Normal) (G1 Evacuation Pause) 540M->543M(2048M) 33.040ms
[2025-09-02T19:49:14.872+0300][27.428s][info ][gc,cpu      ] GC(8) User=0.07s Sys=0.19s Real=0.04s
[2025-09-02T19:49:14.959+0300][27.515s][info ][gc,start    ] GC(9) Pause Young (Normal) (G1 Evacuation Pause)
[2025-09-02T19:49:14.959+0300][27.515s][debug][gc,heap     ] GC(9) Heap before GC invocations=9 (full 0):
[2025-09-02T19:49:14.959+0300][27.515s][debug][gc,heap     ] GC(9)  garbage-first heap   total 2097152K, used 647168K [0x0000000780000000, 0x0000000800000000)
[2025-09-02T19:49:14.959+0300][27.515s][debug][gc,heap     ] GC(9)   region size 1024K, 102 young (104448K), 13 survivors (13312K)
[2025-09-02T19:49:14.959+0300][27.515s][debug][gc,heap     ] GC(9)  Metaspace       used 27749K, committed 28224K, reserved 1114112K
[2025-09-02T19:49:14.959+0300][27.515s][debug][gc,heap     ] GC(9)   class space    used 3565K, committed 3776K, reserved 1048576K
[2025-09-02T19:49:14.959+0300][27.515s][info ][gc,task     ] GC(9) Using 10 workers of 10 for evacuation
[2025-09-02T19:49:14.998+0300][27.554s][info ][gc,phases   ] GC(9)   Pre Evacuate Collection Set: 0.2ms
[2025-09-02T19:49:14.998+0300][27.555s][info ][gc,phases   ] GC(9)   Merge Heap Roots: 0.1ms
[2025-09-02T19:49:14.998+0300][27.555s][info ][gc,phases   ] GC(9)   Evacuate Collection Set: 38.3ms
[2025-09-02T19:49:14.998+0300][27.555s][info ][gc,phases   ] GC(9)   Post Evacuate Collection Set: 0.4ms
[2025-09-02T19:49:14.998+0300][27.555s][info ][gc,phases   ] GC(9)   Other: 0.0ms
[2025-09-02T19:49:14.998+0300][27.555s][info ][gc,heap     ] GC(9) Eden regions: 89->0(89)
[2025-09-02T19:49:14.998+0300][27.555s][info ][gc,heap     ] GC(9) Survivor regions: 13->13(13)
[2025-09-02T19:49:14.998+0300][27.555s][info ][gc,heap     ] GC(9) Old regions: 527->618
[2025-09-02T19:49:14.998+0300][27.555s][info ][gc,heap     ] GC(9) Humongous regions: 3->3
[2025-09-02T19:49:14.998+0300][27.555s][info ][gc,metaspace] GC(9) Metaspace: 27749K(28224K)->27749K(28224K) NonClass: 24183K(24448K)->24183K(24448K) Class: 3565K(3776K)->3565K(3776K)
[2025-09-02T19:49:14.998+0300][27.555s][debug][gc,heap     ] GC(9) Heap after GC invocations=10 (full 0):
[2025-09-02T19:49:14.998+0300][27.555s][debug][gc,heap     ] GC(9)  garbage-first heap   total 2097152K, used 649216K [0x0000000780000000, 0x0000000800000000)
[2025-09-02T19:49:14.998+0300][27.555s][debug][gc,heap     ] GC(9)   region size 1024K, 13 young (13312K), 13 survivors (13312K)
[2025-09-02T19:49:14.998+0300][27.555s][debug][gc,heap     ] GC(9)  Metaspace       used 27749K, committed 28224K, reserved 1114112K
[2025-09-02T19:49:14.998+0300][27.555s][debug][gc,heap     ] GC(9)   class space    used 3565K, committed 3776K, reserved 1048576K
[2025-09-02T19:49:14.998+0300][27.555s][info ][gc          ] GC(9) Pause Young (Normal) (G1 Evacuation Pause) 632M->634M(2048M) 39.429ms
[2025-09-02T19:49:14.998+0300][27.555s][info ][gc,cpu      ] GC(9) User=0.07s Sys=0.23s Real=0.04s
[2025-09-02T19:49:15.089+0300][27.646s][info ][gc,start    ] GC(10) Pause Young (Normal) (G1 Evacuation Pause)
[2025-09-02T19:49:15.089+0300][27.646s][debug][gc,heap     ] GC(10) Heap before GC invocations=10 (full 0):
[2025-09-02T19:49:15.089+0300][27.646s][debug][gc,heap     ] GC(10)  garbage-first heap   total 2097152K, used 740352K [0x0000000780000000, 0x0000000800000000)
[2025-09-02T19:49:15.089+0300][27.646s][debug][gc,heap     ] GC(10)   region size 1024K, 102 young (104448K), 13 survivors (13312K)
[2025-09-02T19:49:15.089+0300][27.646s][debug][gc,heap     ] GC(10)  Metaspace       used 27749K, committed 28224K, reserved 1114112K
[2025-09-02T19:49:15.089+0300][27.646s][debug][gc,heap     ] GC(10)   class space    used 3565K, committed 3776K, reserved 1048576K
[2025-09-02T19:49:15.089+0300][27.646s][info ][gc,task     ] GC(10) Using 10 workers of 10 for evacuation
[2025-09-02T19:49:15.126+0300][27.683s][info ][gc,phases   ] GC(10)   Pre Evacuate Collection Set: 0.2ms
[2025-09-02T19:49:15.127+0300][27.683s][info ][gc,phases   ] GC(10)   Merge Heap Roots: 0.2ms
[2025-09-02T19:49:15.127+0300][27.683s][info ][gc,phases   ] GC(10)   Evacuate Collection Set: 36.4ms
[2025-09-02T19:49:15.127+0300][27.683s][info ][gc,phases   ] GC(10)   Post Evacuate Collection Set: 0.3ms
[2025-09-02T19:49:15.127+0300][27.683s][info ][gc,phases   ] GC(10)   Other: 0.0ms
[2025-09-02T19:49:15.127+0300][27.683s][info ][gc,heap     ] GC(10) Eden regions: 89->0(96)
[2025-09-02T19:49:15.127+0300][27.683s][info ][gc,heap     ] GC(10) Survivor regions: 13->13(13)
[2025-09-02T19:49:15.127+0300][27.683s][info ][gc,heap     ] GC(10) Old regions: 618->709
[2025-09-02T19:49:15.127+0300][27.683s][info ][gc,heap     ] GC(10) Humongous regions: 3->3
[2025-09-02T19:49:15.127+0300][27.683s][info ][gc,metaspace] GC(10) Metaspace: 27749K(28224K)->27749K(28224K) NonClass: 24184K(24448K)->24184K(24448K) Class: 3565K(3776K)->3565K(3776K)
[2025-09-02T19:49:15.127+0300][27.683s][debug][gc,heap     ] GC(10) Heap after GC invocations=11 (full 0):
[2025-09-02T19:49:15.127+0300][27.683s][debug][gc,heap     ] GC(10)  garbage-first heap   total 2097152K, used 741888K [0x0000000780000000, 0x0000000800000000)
[2025-09-02T19:49:15.127+0300][27.683s][debug][gc,heap     ] GC(10)   region size 1024K, 13 young (13312K), 13 survivors (13312K)
[2025-09-02T19:49:15.127+0300][27.683s][debug][gc,heap     ] GC(10)  Metaspace       used 27749K, committed 28224K, reserved 1114112K
[2025-09-02T19:49:15.127+0300][27.683s][debug][gc,heap     ] GC(10)   class space    used 3565K, committed 3776K, reserved 1048576K
[2025-09-02T19:49:15.127+0300][27.683s][info ][gc          ] GC(10) Pause Young (Normal) (G1 Evacuation Pause) 723M->724M(2048M) 37.336ms
[2025-09-02T19:49:15.127+0300][27.683s][info ][gc,cpu      ] GC(10) User=0.07s Sys=0.21s Real=0.04s
[2025-09-02T19:49:15.248+0300][27.804s][info ][gc,start    ] GC(11) Pause Young (Normal) (G1 Evacuation Pause)
[2025-09-02T19:49:15.248+0300][27.804s][debug][gc,heap     ] GC(11) Heap before GC invocations=11 (full 0):
[2025-09-02T19:49:15.248+0300][27.804s][debug][gc,heap     ] GC(11)  garbage-first heap   total 2097152K, used 847360K [0x0000000780000000, 0x0000000800000000)
[2025-09-02T19:49:15.248+0300][27.804s][debug][gc,heap     ] GC(11)   region size 1024K, 113 young (115712K), 13 survivors (13312K)
[2025-09-02T19:49:15.248+0300][27.804s][debug][gc,heap     ] GC(11)  Metaspace       used 27749K, committed 28224K, reserved 1114112K
[2025-09-02T19:49:15.248+0300][27.804s][debug][gc,heap     ] GC(11)   class space    used 3565K, committed 3776K, reserved 1048576K
[2025-09-02T19:49:15.248+0300][27.804s][info ][gc,task     ] GC(11) Using 10 workers of 10 for evacuation
[2025-09-02T19:49:15.294+0300][27.850s][info ][gc,phases   ] GC(11)   Pre Evacuate Collection Set: 0.2ms
[2025-09-02T19:49:15.294+0300][27.850s][info ][gc,phases   ] GC(11)   Merge Heap Roots: 0.2ms
[2025-09-02T19:49:15.294+0300][27.850s][info ][gc,phases   ] GC(11)   Evacuate Collection Set: 45.1ms
[2025-09-02T19:49:15.294+0300][27.850s][info ][gc,phases   ] GC(11)   Post Evacuate Collection Set: 0.2ms
[2025-09-02T19:49:15.294+0300][27.850s][info ][gc,phases   ] GC(11)   Other: 0.1ms
[2025-09-02T19:49:15.294+0300][27.850s][info ][gc,heap     ] GC(11) Eden regions: 100->0(114)
[2025-09-02T19:49:15.294+0300][27.850s][info ][gc,heap     ] GC(11) Survivor regions: 13->15(15)
[2025-09-02T19:49:15.294+0300][27.850s][info ][gc,heap     ] GC(11) Old regions: 709->809
[2025-09-02T19:49:15.294+0300][27.850s][info ][gc,heap     ] GC(11) Humongous regions: 6->6
[2025-09-02T19:49:15.294+0300][27.850s][info ][gc,metaspace] GC(11) Metaspace: 27749K(28224K)->27749K(28224K) NonClass: 24184K(24448K)->24184K(24448K) Class: 3565K(3776K)->3565K(3776K)
[2025-09-02T19:49:15.294+0300][27.850s][debug][gc,heap     ] GC(11) Heap after GC invocations=12 (full 0):
[2025-09-02T19:49:15.294+0300][27.850s][debug][gc,heap     ] GC(11)  garbage-first heap   total 2097152K, used 849408K [0x0000000780000000, 0x0000000800000000)
[2025-09-02T19:49:15.294+0300][27.850s][debug][gc,heap     ] GC(11)   region size 1024K, 15 young (15360K), 15 survivors (15360K)
[2025-09-02T19:49:15.294+0300][27.850s][debug][gc,heap     ] GC(11)  Metaspace       used 27749K, committed 28224K, reserved 1114112K
[2025-09-02T19:49:15.294+0300][27.850s][debug][gc,heap     ] GC(11)   class space    used 3565K, committed 3776K, reserved 1048576K
[2025-09-02T19:49:15.294+0300][27.850s][info ][gc          ] GC(11) Pause Young (Normal) (G1 Evacuation Pause) 827M->829M(2048M) 46.227ms
[2025-09-02T19:49:15.294+0300][27.850s][info ][gc,cpu      ] GC(11) User=0.11s Sys=0.26s Real=0.05s
[2025-09-02T19:49:15.420+0300][27.976s][info ][gc,start    ] GC(12) Pause Young (Normal) (G1 Evacuation Pause)
[2025-09-02T19:49:15.420+0300][27.976s][debug][gc,heap     ] GC(12) Heap before GC invocations=12 (full 0):
[2025-09-02T19:49:15.420+0300][27.976s][debug][gc,heap     ] GC(12)  garbage-first heap   total 2097152K, used 971264K [0x0000000780000000, 0x0000000800000000)
[2025-09-02T19:49:15.420+0300][27.976s][debug][gc,heap     ] GC(12)   region size 1024K, 134 young (137216K), 15 survivors (15360K)
[2025-09-02T19:49:15.420+0300][27.976s][debug][gc,heap     ] GC(12)  Metaspace       used 27749K, committed 28224K, reserved 1114112K
[2025-09-02T19:49:15.420+0300][27.976s][debug][gc,heap     ] GC(12)   class space    used 3565K, committed 3776K, reserved 1048576K
[2025-09-02T19:49:15.420+0300][27.976s][info ][gc,task     ] GC(12) Using 10 workers of 10 for evacuation
[2025-09-02T19:49:15.468+0300][28.024s][info ][gc,phases   ] GC(12)   Pre Evacuate Collection Set: 0.2ms
[2025-09-02T19:49:15.468+0300][28.024s][info ][gc,phases   ] GC(12)   Merge Heap Roots: 0.1ms
[2025-09-02T19:49:15.468+0300][28.024s][info ][gc,phases   ] GC(12)   Evacuate Collection Set: 47.5ms
[2025-09-02T19:49:15.468+0300][28.024s][info ][gc,phases   ] GC(12)   Post Evacuate Collection Set: 0.2ms
[2025-09-02T19:49:15.468+0300][28.024s][info ][gc,phases   ] GC(12)   Other: 0.1ms
[2025-09-02T19:49:15.468+0300][28.024s][info ][gc,heap     ] GC(12) Eden regions: 119->0(139)
[2025-09-02T19:49:15.468+0300][28.024s][info ][gc,heap     ] GC(12) Survivor regions: 15->17(17)
[2025-09-02T19:49:15.468+0300][28.024s][info ][gc,heap     ] GC(12) Old regions: 809->928
[2025-09-02T19:49:15.468+0300][28.025s][info ][gc,heap     ] GC(12) Humongous regions: 6->6
[2025-09-02T19:49:15.468+0300][28.025s][info ][gc,metaspace] GC(12) Metaspace: 27749K(28224K)->27749K(28224K) NonClass: 24184K(24448K)->24184K(24448K) Class: 3565K(3776K)->3565K(3776K)
[2025-09-02T19:49:15.468+0300][28.025s][debug][gc,heap     ] GC(12) Heap after GC invocations=13 (full 0):
[2025-09-02T19:49:15.468+0300][28.025s][debug][gc,heap     ] GC(12)  garbage-first heap   total 2097152K, used 973824K [0x0000000780000000, 0x0000000800000000)
[2025-09-02T19:49:15.468+0300][28.025s][debug][gc,heap     ] GC(12)   region size 1024K, 17 young (17408K), 17 survivors (17408K)
[2025-09-02T19:49:15.468+0300][28.025s][debug][gc,heap     ] GC(12)  Metaspace       used 27749K, committed 28224K, reserved 1114112K
[2025-09-02T19:49:15.468+0300][28.025s][debug][gc,heap     ] GC(12)   class space    used 3565K, committed 3776K, reserved 1048576K
[2025-09-02T19:49:15.468+0300][28.025s][info ][gc          ] GC(12) Pause Young (Normal) (G1 Evacuation Pause) 948M->951M(2048M) 48.435ms
[2025-09-02T19:49:15.468+0300][28.025s][info ][gc,cpu      ] GC(12) User=0.09s Sys=0.27s Real=0.04s
[2025-09-02T19:49:15.619+0300][28.175s][info ][gc,start    ] GC(13) Pause Young (Concurrent Start) (G1 Evacuation Pause)
[2025-09-02T19:49:15.619+0300][28.175s][debug][gc,heap     ] GC(13) Heap before GC invocations=13 (full 0):
[2025-09-02T19:49:15.619+0300][28.175s][debug][gc,heap     ] GC(13)  garbage-first heap   total 2097152K, used 1122304K [0x0000000780000000, 0x0000000800000000)
[2025-09-02T19:49:15.619+0300][28.175s][debug][gc,heap     ] GC(13)   region size 1024K, 162 young (165888K), 17 survivors (17408K)
[2025-09-02T19:49:15.619+0300][28.175s][debug][gc,heap     ] GC(13)  Metaspace       used 27749K, committed 28224K, reserved 1114112K
[2025-09-02T19:49:15.619+0300][28.175s][debug][gc,heap     ] GC(13)   class space    used 3565K, committed 3776K, reserved 1048576K
[2025-09-02T19:49:15.619+0300][28.175s][info ][gc,task     ] GC(13) Using 10 workers of 10 for evacuation
[2025-09-02T19:49:15.674+0300][28.230s][info ][gc,phases   ] GC(13)   Pre Evacuate Collection Set: 0.4ms
[2025-09-02T19:49:15.674+0300][28.230s][info ][gc,phases   ] GC(13)   Merge Heap Roots: 0.2ms
[2025-09-02T19:49:15.674+0300][28.230s][info ][gc,phases   ] GC(13)   Evacuate Collection Set: 53.9ms
[2025-09-02T19:49:15.674+0300][28.230s][info ][gc,phases   ] GC(13)   Post Evacuate Collection Set: 0.3ms
[2025-09-02T19:49:15.674+0300][28.230s][info ][gc,phases   ] GC(13)   Other: 0.1ms
[2025-09-02T19:49:15.674+0300][28.230s][info ][gc,heap     ] GC(13) Eden regions: 145->0(167)
[2025-09-02T19:49:15.674+0300][28.230s][info ][gc,heap     ] GC(13) Survivor regions: 17->21(21)
[2025-09-02T19:49:15.674+0300][28.230s][info ][gc,heap     ] GC(13) Old regions: 928->1071
[2025-09-02T19:49:15.674+0300][28.230s][info ][gc,heap     ] GC(13) Humongous regions: 6->6
[2025-09-02T19:49:15.674+0300][28.230s][info ][gc,metaspace] GC(13) Metaspace: 27749K(28224K)->27749K(28224K) NonClass: 24184K(24448K)->24184K(24448K) Class: 3565K(3776K)->3565K(3776K)
[2025-09-02T19:49:15.674+0300][28.230s][debug][gc,heap     ] GC(13) Heap after GC invocations=14 (full 0):
[2025-09-02T19:49:15.674+0300][28.230s][debug][gc,heap     ] GC(13)  garbage-first heap   total 2097152K, used 1124352K [0x0000000780000000, 0x0000000800000000)
[2025-09-02T19:49:15.674+0300][28.230s][debug][gc,heap     ] GC(13)   region size 1024K, 21 young (21504K), 21 survivors (21504K)
[2025-09-02T19:49:15.674+0300][28.230s][debug][gc,heap     ] GC(13)  Metaspace       used 27749K, committed 28224K, reserved 1114112K
[2025-09-02T19:49:15.674+0300][28.230s][debug][gc,heap     ] GC(13)   class space    used 3565K, committed 3776K, reserved 1048576K
[2025-09-02T19:49:15.674+0300][28.230s][info ][gc          ] GC(13) Pause Young (Concurrent Start) (G1 Evacuation Pause) 1096M->1098M(2048M) 55.225ms
[2025-09-02T19:49:15.674+0300][28.230s][info ][gc,cpu      ] GC(13) User=0.09s Sys=0.35s Real=0.06s
[2025-09-02T19:49:15.674+0300][28.230s][info ][gc          ] GC(14) Concurrent Mark Cycle
[2025-09-02T19:49:15.674+0300][28.230s][info ][gc,marking  ] GC(14) Concurrent Scan Root Regions
[2025-09-02T19:49:15.677+0300][28.233s][info ][gc,marking  ] GC(14) Concurrent Scan Root Regions 2.900ms
[2025-09-02T19:49:15.677+0300][28.233s][info ][gc,marking  ] GC(14) Concurrent Mark
[2025-09-02T19:49:15.677+0300][28.233s][info ][gc,marking  ] GC(14) Concurrent Mark From Roots
[2025-09-02T19:49:15.677+0300][28.233s][info ][gc,task     ] GC(14) Using 3 workers of 3 for marking
[2025-09-02T19:49:15.705+0300][28.261s][info ][gc,marking  ] GC(14) Concurrent Mark From Roots 28.040ms
[2025-09-02T19:49:15.705+0300][28.261s][info ][gc,marking  ] GC(14) Concurrent Preclean
[2025-09-02T19:49:15.705+0300][28.261s][info ][gc,marking  ] GC(14) Concurrent Preclean 0.068ms
[2025-09-02T19:49:15.705+0300][28.261s][info ][gc,start    ] GC(14) Pause Remark
[2025-09-02T19:49:15.707+0300][28.264s][info ][gc          ] GC(14) Pause Remark 1125M->1122M(2048M) 2.265ms
[2025-09-02T19:49:15.707+0300][28.264s][info ][gc,cpu      ] GC(14) User=0.01s Sys=0.00s Real=0.00s
[2025-09-02T19:49:15.707+0300][28.264s][info ][gc,marking  ] GC(14) Concurrent Mark 30.645ms
[2025-09-02T19:49:15.707+0300][28.264s][info ][gc,marking  ] GC(14) Concurrent Rebuild Remembered Sets and Scrub Regions
[2025-09-02T19:49:15.726+0300][28.282s][info ][gc,marking  ] GC(14) Concurrent Rebuild Remembered Sets and Scrub Regions 18.185ms
[2025-09-02T19:49:15.726+0300][28.282s][info ][gc,start    ] GC(14) Pause Cleanup
[2025-09-02T19:49:15.726+0300][28.282s][info ][gc          ] GC(14) Pause Cleanup 1136M->1136M(2048M) 0.324ms
[2025-09-02T19:49:15.726+0300][28.282s][info ][gc,cpu      ] GC(14) User=0.00s Sys=0.00s Real=0.00s
[2025-09-02T19:49:15.726+0300][28.282s][info ][gc,marking  ] GC(14) Concurrent Clear Claimed Marks
[2025-09-02T19:49:15.726+0300][28.282s][info ][gc,marking  ] GC(14) Concurrent Clear Claimed Marks 0.032ms
[2025-09-02T19:49:15.726+0300][28.282s][info ][gc,marking  ] GC(14) Concurrent Cleanup for Next Mark
[2025-09-02T19:49:15.728+0300][28.285s][info ][gc,marking  ] GC(14) Concurrent Cleanup for Next Mark 2.143ms
[2025-09-02T19:49:15.728+0300][28.285s][info ][gc          ] GC(14) Concurrent Mark Cycle 54.595ms
[2025-09-02T19:49:15.864+0300][28.421s][info ][gc,start    ] GC(15) Pause Young (Prepare Mixed) (G1 Evacuation Pause)
[2025-09-02T19:49:15.864+0300][28.421s][debug][gc,heap     ] GC(15) Heap before GC invocations=15 (full 0):
[2025-09-02T19:49:15.864+0300][28.421s][debug][gc,heap     ] GC(15)  garbage-first heap   total 2097152K, used 1290240K [0x0000000780000000, 0x0000000800000000)
[2025-09-02T19:49:15.864+0300][28.421s][debug][gc,heap     ] GC(15)   region size 1024K, 186 young (190464K), 21 survivors (21504K)
[2025-09-02T19:49:15.864+0300][28.421s][debug][gc,heap     ] GC(15)  Metaspace       used 27749K, committed 28224K, reserved 1114112K
[2025-09-02T19:49:15.864+0300][28.421s][debug][gc,heap     ] GC(15)   class space    used 3565K, committed 3776K, reserved 1048576K
[2025-09-02T19:49:15.864+0300][28.421s][info ][gc,task     ] GC(15) Using 10 workers of 10 for evacuation
[2025-09-02T19:49:15.927+0300][28.483s][info ][gc,phases   ] GC(15)   Pre Evacuate Collection Set: 0.2ms
[2025-09-02T19:49:15.927+0300][28.483s][info ][gc,phases   ] GC(15)   Merge Heap Roots: 0.1ms
[2025-09-02T19:49:15.927+0300][28.483s][info ][gc,phases   ] GC(15)   Evacuate Collection Set: 61.6ms
[2025-09-02T19:49:15.927+0300][28.483s][info ][gc,phases   ] GC(15)   Post Evacuate Collection Set: 0.2ms
[2025-09-02T19:49:15.927+0300][28.483s][info ][gc,phases   ] GC(15)   Other: 0.1ms
[2025-09-02T19:49:15.927+0300][28.483s][info ][gc,heap     ] GC(15) Eden regions: 165->0(192)
[2025-09-02T19:49:15.927+0300][28.483s][info ][gc,heap     ] GC(15) Survivor regions: 21->24(24)
[2025-09-02T19:49:15.927+0300][28.483s][info ][gc,heap     ] GC(15) Old regions: 1071->1236
[2025-09-02T19:49:15.927+0300][28.483s][info ][gc,heap     ] GC(15) Humongous regions: 3->3
[2025-09-02T19:49:15.927+0300][28.483s][info ][gc,metaspace] GC(15) Metaspace: 27749K(28224K)->27749K(28224K) NonClass: 24184K(24448K)->24184K(24448K) Class: 3565K(3776K)->3565K(3776K)
[2025-09-02T19:49:15.927+0300][28.483s][debug][gc,heap     ] GC(15) Heap after GC invocations=16 (full 0):
[2025-09-02T19:49:15.927+0300][28.483s][debug][gc,heap     ] GC(15)  garbage-first heap   total 2097152K, used 1292800K [0x0000000780000000, 0x0000000800000000)
[2025-09-02T19:49:15.927+0300][28.483s][debug][gc,heap     ] GC(15)   region size 1024K, 24 young (24576K), 24 survivors (24576K)
[2025-09-02T19:49:15.927+0300][28.483s][debug][gc,heap     ] GC(15)  Metaspace       used 27749K, committed 28224K, reserved 1114112K
[2025-09-02T19:49:15.927+0300][28.483s][debug][gc,heap     ] GC(15)   class space    used 3565K, committed 3776K, reserved 1048576K
[2025-09-02T19:49:15.927+0300][28.483s][info ][gc          ] GC(15) Pause Young (Prepare Mixed) (G1 Evacuation Pause) 1260M->1262M(2048M) 62.504ms
[2025-09-02T19:49:15.927+0300][28.483s][info ][gc,cpu      ] GC(15) User=0.10s Sys=0.41s Real=0.06s
[2025-09-02T19:49:16.114+0300][28.671s][info ][gc,start    ] GC(16) Pause Young (Mixed) (G1 Evacuation Pause)
[2025-09-02T19:49:16.114+0300][28.671s][debug][gc,heap     ] GC(16) Heap before GC invocations=16 (full 0):
[2025-09-02T19:49:16.114+0300][28.671s][debug][gc,heap     ] GC(16)  garbage-first heap   total 2097152K, used 1485312K [0x0000000780000000, 0x0000000800000000)
[2025-09-02T19:49:16.114+0300][28.671s][debug][gc,heap     ] GC(16)   region size 1024K, 212 young (217088K), 24 survivors (24576K)
[2025-09-02T19:49:16.114+0300][28.671s][debug][gc,heap     ] GC(16)  Metaspace       used 27749K, committed 28224K, reserved 1114112K
[2025-09-02T19:49:16.114+0300][28.671s][debug][gc,heap     ] GC(16)   class space    used 3565K, committed 3776K, reserved 1048576K
[2025-09-02T19:49:16.114+0300][28.671s][info ][gc,task     ] GC(16) Using 10 workers of 10 for evacuation
[2025-09-02T19:49:16.187+0300][28.743s][info ][gc,phases   ] GC(16)   Pre Evacuate Collection Set: 0.2ms
[2025-09-02T19:49:16.187+0300][28.743s][info ][gc,phases   ] GC(16)   Merge Heap Roots: 0.2ms
[2025-09-02T19:49:16.187+0300][28.743s][info ][gc,phases   ] GC(16)   Evacuate Collection Set: 71.7ms
[2025-09-02T19:49:16.187+0300][28.743s][info ][gc,phases   ] GC(16)   Post Evacuate Collection Set: 0.2ms
[2025-09-02T19:49:16.187+0300][28.743s][info ][gc,phases   ] GC(16)   Other: 0.1ms
[2025-09-02T19:49:16.187+0300][28.743s][info ][gc,heap     ] GC(16) Eden regions: 188->0(186)
[2025-09-02T19:49:16.187+0300][28.743s][info ][gc,heap     ] GC(16) Survivor regions: 24->27(27)
[2025-09-02T19:49:16.187+0300][28.743s][info ][gc,heap     ] GC(16) Old regions: 1236->1419
[2025-09-02T19:49:16.187+0300][28.743s][info ][gc,heap     ] GC(16) Humongous regions: 3->3
[2025-09-02T19:49:16.187+0300][28.743s][info ][gc,metaspace] GC(16) Metaspace: 27749K(28224K)->27749K(28224K) NonClass: 24184K(24448K)->24184K(24448K) Class: 3565K(3776K)->3565K(3776K)
[2025-09-02T19:49:16.187+0300][28.743s][debug][gc,heap     ] GC(16) Heap after GC invocations=17 (full 0):
[2025-09-02T19:49:16.187+0300][28.743s][debug][gc,heap     ] GC(16)  garbage-first heap   total 2097152K, used 1483264K [0x0000000780000000, 0x0000000800000000)
[2025-09-02T19:49:16.187+0300][28.743s][debug][gc,heap     ] GC(16)   region size 1024K, 27 young (27648K), 27 survivors (27648K)
[2025-09-02T19:49:16.187+0300][28.743s][debug][gc,heap     ] GC(16)  Metaspace       used 27749K, committed 28224K, reserved 1114112K
[2025-09-02T19:49:16.187+0300][28.743s][debug][gc,heap     ] GC(16)   class space    used 3565K, committed 3776K, reserved 1048576K
[2025-09-02T19:49:16.187+0300][28.743s][info ][gc          ] GC(16) Pause Young (Mixed) (G1 Evacuation Pause) 1450M->1448M(2048M) 72.648ms
[2025-09-02T19:49:16.187+0300][28.743s][info ][gc,cpu      ] GC(16) User=0.12s Sys=0.45s Real=0.07s
[2025-09-02T19:49:16.361+0300][28.918s][info ][gc,start    ] GC(17) Pause Young (Concurrent Start) (G1 Humongous Allocation)
[2025-09-02T19:49:16.361+0300][28.918s][debug][gc,heap     ] GC(17) Heap before GC invocations=17 (full 0):
[2025-09-02T19:49:16.361+0300][28.918s][debug][gc,heap     ] GC(17)  garbage-first heap   total 2097152K, used 1663488K [0x0000000780000000, 0x0000000800000000)
[2025-09-02T19:49:16.361+0300][28.918s][debug][gc,heap     ] GC(17)   region size 1024K, 204 young (208896K), 27 survivors (27648K)
[2025-09-02T19:49:16.361+0300][28.918s][debug][gc,heap     ] GC(17)  Metaspace       used 27749K, committed 28224K, reserved 1114112K
[2025-09-02T19:49:16.361+0300][28.918s][debug][gc,heap     ] GC(17)   class space    used 3565K, committed 3776K, reserved 1048576K
[2025-09-02T19:49:16.361+0300][28.918s][info ][gc,task     ] GC(17) Using 10 workers of 10 for evacuation
[2025-09-02T19:49:16.440+0300][28.997s][info ][gc,phases   ] GC(17)   Pre Evacuate Collection Set: 0.3ms
[2025-09-02T19:49:16.441+0300][28.997s][info ][gc,phases   ] GC(17)   Merge Heap Roots: 0.2ms
[2025-09-02T19:49:16.441+0300][28.997s][info ][gc,phases   ] GC(17)   Evacuate Collection Set: 78.0ms
[2025-09-02T19:49:16.441+0300][28.997s][info ][gc,phases   ] GC(17)   Post Evacuate Collection Set: 0.4ms
[2025-09-02T19:49:16.441+0300][28.997s][info ][gc,phases   ] GC(17)   Other: 0.1ms
[2025-09-02T19:49:16.441+0300][28.997s][info ][gc,heap     ] GC(17) Eden regions: 177->0(130)
[2025-09-02T19:49:16.441+0300][28.997s][info ][gc,heap     ] GC(17) Survivor regions: 27->27(27)
[2025-09-02T19:49:16.441+0300][28.997s][info ][gc,heap     ] GC(17) Old regions: 1419->1597
[2025-09-02T19:49:16.441+0300][28.997s][info ][gc,heap     ] GC(17) Humongous regions: 3->3
[2025-09-02T19:49:16.441+0300][28.997s][info ][gc,metaspace] GC(17) Metaspace: 27749K(28224K)->27749K(28224K) NonClass: 24184K(24448K)->24184K(24448K) Class: 3565K(3776K)->3565K(3776K)
[2025-09-02T19:49:16.441+0300][28.997s][debug][gc,heap     ] GC(17) Heap after GC invocations=18 (full 0):
[2025-09-02T19:49:16.441+0300][28.997s][debug][gc,heap     ] GC(17)  garbage-first heap   total 2097152K, used 1666048K [0x0000000780000000, 0x0000000800000000)
[2025-09-02T19:49:16.441+0300][28.997s][debug][gc,heap     ] GC(17)   region size 1024K, 27 young (27648K), 27 survivors (27648K)
[2025-09-02T19:49:16.441+0300][28.997s][debug][gc,heap     ] GC(17)  Metaspace       used 27749K, committed 28224K, reserved 1114112K
[2025-09-02T19:49:16.441+0300][28.997s][debug][gc,heap     ] GC(17)   class space    used 3565K, committed 3776K, reserved 1048576K
[2025-09-02T19:49:16.441+0300][28.997s][info ][gc          ] GC(17) Pause Young (Concurrent Start) (G1 Humongous Allocation) 1625M->1627M(2048M) 79.380ms
[2025-09-02T19:49:16.441+0300][28.997s][info ][gc,cpu      ] GC(17) User=0.15s Sys=0.46s Real=0.08s
[2025-09-02T19:49:16.441+0300][28.997s][info ][gc          ] GC(18) Concurrent Mark Cycle
[2025-09-02T19:49:16.441+0300][28.997s][info ][gc,marking  ] GC(18) Concurrent Scan Root Regions
[2025-09-02T19:49:16.445+0300][29.001s][info ][gc,marking  ] GC(18) Concurrent Scan Root Regions 3.902ms
[2025-09-02T19:49:16.445+0300][29.001s][info ][gc,marking  ] GC(18) Concurrent Mark
[2025-09-02T19:49:16.445+0300][29.001s][info ][gc,marking  ] GC(18) Concurrent Mark From Roots
[2025-09-02T19:49:16.445+0300][29.001s][info ][gc,task     ] GC(18) Using 3 workers of 3 for marking
[2025-09-02T19:49:16.486+0300][29.042s][info ][gc,marking  ] GC(18) Concurrent Mark From Roots 41.107ms
[2025-09-02T19:49:16.486+0300][29.042s][info ][gc,marking  ] GC(18) Concurrent Preclean
[2025-09-02T19:49:16.486+0300][29.042s][info ][gc,marking  ] GC(18) Concurrent Preclean 0.071ms
[2025-09-02T19:49:16.486+0300][29.042s][info ][gc,start    ] GC(18) Pause Remark
[2025-09-02T19:49:16.488+0300][29.044s][info ][gc          ] GC(18) Pause Remark 1634M->1634M(2048M) 2.055ms
[2025-09-02T19:49:16.488+0300][29.044s][info ][gc,cpu      ] GC(18) User=0.01s Sys=0.00s Real=0.00s
[2025-09-02T19:49:16.488+0300][29.044s][info ][gc,marking  ] GC(18) Concurrent Mark 43.558ms
[2025-09-02T19:49:16.488+0300][29.045s][info ][gc,marking  ] GC(18) Concurrent Rebuild Remembered Sets and Scrub Regions
[2025-09-02T19:49:16.517+0300][29.074s][info ][gc,marking  ] GC(18) Concurrent Rebuild Remembered Sets and Scrub Regions 29.212ms
[2025-09-02T19:49:16.518+0300][29.074s][info ][gc,start    ] GC(18) Pause Cleanup
[2025-09-02T19:49:16.518+0300][29.074s][info ][gc          ] GC(18) Pause Cleanup 1648M->1648M(2048M) 0.437ms
[2025-09-02T19:49:16.518+0300][29.074s][info ][gc,cpu      ] GC(18) User=0.00s Sys=0.00s Real=0.00s
[2025-09-02T19:49:16.518+0300][29.074s][info ][gc,marking  ] GC(18) Concurrent Clear Claimed Marks
[2025-09-02T19:49:16.518+0300][29.074s][info ][gc,marking  ] GC(18) Concurrent Clear Claimed Marks 0.054ms
[2025-09-02T19:49:16.518+0300][29.074s][info ][gc,marking  ] GC(18) Concurrent Cleanup for Next Mark
[2025-09-02T19:49:16.520+0300][29.077s][info ][gc,marking  ] GC(18) Concurrent Cleanup for Next Mark 2.048ms
[2025-09-02T19:49:16.520+0300][29.077s][info ][gc          ] GC(18) Concurrent Mark Cycle 79.579ms
[2025-09-02T19:49:27.404+0300][39.961s][info ][gc,start    ] GC(19) Pause Young (Prepare Mixed) (G1 Evacuation Pause)
[2025-09-02T19:49:27.404+0300][39.961s][debug][gc,heap     ] GC(19) Heap before GC invocations=19 (full 0):
[2025-09-02T19:49:27.404+0300][39.961s][debug][gc,heap     ] GC(19)  garbage-first heap   total 2097152K, used 1804288K [0x0000000780000000, 0x0000000800000000)
[2025-09-02T19:49:27.404+0300][39.961s][debug][gc,heap     ] GC(19)   region size 1024K, 157 young (160768K), 27 survivors (27648K)
[2025-09-02T19:49:27.404+0300][39.961s][debug][gc,heap     ] GC(19)  Metaspace       used 28615K, committed 29184K, reserved 1114112K
[2025-09-02T19:49:27.405+0300][39.961s][debug][gc,heap     ] GC(19)   class space    used 3666K, committed 3904K, reserved 1048576K
[2025-09-02T19:49:27.405+0300][39.961s][info ][gc,task     ] GC(19) Using 10 workers of 10 for evacuation
[2025-09-02T19:49:27.437+0300][39.993s][info ][gc,phases   ] GC(19)   Pre Evacuate Collection Set: 0.3ms
[2025-09-02T19:49:27.437+0300][39.993s][info ][gc,phases   ] GC(19)   Merge Heap Roots: 0.3ms
[2025-09-02T19:49:27.437+0300][39.993s][info ][gc,phases   ] GC(19)   Evacuate Collection Set: 31.4ms
[2025-09-02T19:49:27.437+0300][39.993s][info ][gc,phases   ] GC(19)   Post Evacuate Collection Set: 0.3ms
[2025-09-02T19:49:27.437+0300][39.993s][info ][gc,phases   ] GC(19)   Other: 0.1ms
[2025-09-02T19:49:27.437+0300][39.993s][info ][gc,heap     ] GC(19) Eden regions: 130->0(117)
[2025-09-02T19:49:27.437+0300][39.993s][info ][gc,heap     ] GC(19) Survivor regions: 27->20(20)
[2025-09-02T19:49:27.437+0300][39.993s][info ][gc,heap     ] GC(19) Old regions: 1597->1658
[2025-09-02T19:49:27.437+0300][39.993s][info ][gc,heap     ] GC(19) Humongous regions: 8->8
[2025-09-02T19:49:27.437+0300][39.993s][info ][gc,metaspace] GC(19) Metaspace: 28615K(29184K)->28615K(29184K) NonClass: 24949K(25280K)->24949K(25280K) Class: 3666K(3904K)->3666K(3904K)
[2025-09-02T19:49:27.437+0300][39.993s][debug][gc,heap     ] GC(19) Heap after GC invocations=20 (full 0):
[2025-09-02T19:49:27.437+0300][39.994s][debug][gc,heap     ] GC(19)  garbage-first heap   total 2097152K, used 1725952K [0x0000000780000000, 0x0000000800000000)
[2025-09-02T19:49:27.437+0300][39.994s][debug][gc,heap     ] GC(19)   region size 1024K, 20 young (20480K), 20 survivors (20480K)
[2025-09-02T19:49:27.437+0300][39.994s][debug][gc,heap     ] GC(19)  Metaspace       used 28615K, committed 29184K, reserved 1114112K
[2025-09-02T19:49:27.437+0300][39.994s][debug][gc,heap     ] GC(19)   class space    used 3666K, committed 3904K, reserved 1048576K
[2025-09-02T19:49:27.437+0300][39.994s][info ][gc          ] GC(19) Pause Young (Prepare Mixed) (G1 Evacuation Pause) 1762M->1685M(2048M) 33.083ms
[2025-09-02T19:49:27.437+0300][39.994s][info ][gc,cpu      ] GC(19) User=0.11s Sys=0.14s Real=0.03s
[2025-09-02T19:49:27.947+0300][40.503s][info ][gc,start    ] GC(20) Pause Young (Mixed) (G1 Evacuation Pause)
[2025-09-02T19:49:27.947+0300][40.503s][debug][gc,heap     ] GC(20) Heap before GC invocations=20 (full 0):
[2025-09-02T19:49:27.947+0300][40.503s][debug][gc,heap     ] GC(20)  garbage-first heap   total 2097152K, used 1848832K [0x0000000780000000, 0x0000000800000000)
[2025-09-02T19:49:27.947+0300][40.503s][debug][gc,heap     ] GC(20)   region size 1024K, 137 young (140288K), 20 survivors (20480K)
[2025-09-02T19:49:27.947+0300][40.503s][debug][gc,heap     ] GC(20)  Metaspace       used 30219K, committed 30720K, reserved 1114112K
[2025-09-02T19:49:27.947+0300][40.503s][debug][gc,heap     ] GC(20)   class space    used 3821K, committed 4032K, reserved 1048576K
[2025-09-02T19:49:27.947+0300][40.503s][info ][gc,task     ] GC(20) Using 10 workers of 10 for evacuation
[2025-09-02T19:49:27.961+0300][40.517s][info ][gc,phases   ] GC(20)   Pre Evacuate Collection Set: 0.4ms
[2025-09-02T19:49:27.961+0300][40.517s][info ][gc,phases   ] GC(20)   Merge Heap Roots: 0.1ms
[2025-09-02T19:49:27.961+0300][40.517s][info ][gc,phases   ] GC(20)   Evacuate Collection Set: 12.2ms
[2025-09-02T19:49:27.961+0300][40.517s][info ][gc,phases   ] GC(20)   Post Evacuate Collection Set: 0.7ms
[2025-09-02T19:49:27.961+0300][40.517s][info ][gc,phases   ] GC(20)   Other: 0.1ms
[2025-09-02T19:49:27.961+0300][40.517s][info ][gc,heap     ] GC(20) Eden regions: 117->0(125)
[2025-09-02T19:49:27.961+0300][40.517s][info ][gc,heap     ] GC(20) Survivor regions: 20->13(18)
[2025-09-02T19:49:27.961+0300][40.517s][info ][gc,heap     ] GC(20) Old regions: 1658->1674
[2025-09-02T19:49:27.961+0300][40.517s][info ][gc,heap     ] GC(20) Humongous regions: 11->11
[2025-09-02T19:49:27.961+0300][40.517s][info ][gc,metaspace] GC(20) Metaspace: 30219K(30720K)->30219K(30720K) NonClass: 26397K(26688K)->26397K(26688K) Class: 3821K(4032K)->3821K(4032K)
[2025-09-02T19:49:27.961+0300][40.517s][debug][gc,heap     ] GC(20) Heap after GC invocations=21 (full 0):
[2025-09-02T19:49:27.961+0300][40.517s][debug][gc,heap     ] GC(20)  garbage-first heap   total 2097152K, used 1738240K [0x0000000780000000, 0x0000000800000000)
[2025-09-02T19:49:27.961+0300][40.517s][debug][gc,heap     ] GC(20)   region size 1024K, 13 young (13312K), 13 survivors (13312K)
[2025-09-02T19:49:27.961+0300][40.517s][debug][gc,heap     ] GC(20)  Metaspace       used 30219K, committed 30720K, reserved 1114112K
[2025-09-02T19:49:27.961+0300][40.517s][debug][gc,heap     ] GC(20)   class space    used 3821K, committed 4032K, reserved 1048576K
[2025-09-02T19:49:27.961+0300][40.517s][info ][gc          ] GC(20) Pause Young (Mixed) (G1 Evacuation Pause) 1805M->1697M(2048M) 14.184ms
[2025-09-02T19:49:27.961+0300][40.517s][info ][gc,cpu      ] GC(20) User=0.06s Sys=0.02s Real=0.02s
[2025-09-02T19:49:29.795+0300][42.351s][info ][gc,start    ] GC(21) Pause Young (Concurrent Start) (G1 Evacuation Pause)
[2025-09-02T19:49:29.795+0300][42.351s][debug][gc,heap     ] GC(21) Heap before GC invocations=21 (full 0):
[2025-09-02T19:49:29.795+0300][42.351s][debug][gc,heap     ] GC(21)  garbage-first heap   total 2097152K, used 1865216K [0x0000000780000000, 0x0000000800000000)
[2025-09-02T19:49:29.795+0300][42.351s][debug][gc,heap     ] GC(21)   region size 1024K, 138 young (141312K), 13 survivors (13312K)
[2025-09-02T19:49:29.795+0300][42.351s][debug][gc,heap     ] GC(21)  Metaspace       used 31354K, committed 31808K, reserved 1114112K
[2025-09-02T19:49:29.795+0300][42.351s][debug][gc,heap     ] GC(21)   class space    used 3823K, committed 4032K, reserved 1048576K
[2025-09-02T19:49:29.795+0300][42.351s][info ][gc,task     ] GC(21) Using 10 workers of 10 for evacuation
[2025-09-02T19:49:29.801+0300][42.357s][info ][gc,phases   ] GC(21)   Pre Evacuate Collection Set: 0.3ms
[2025-09-02T19:49:29.801+0300][42.357s][info ][gc,phases   ] GC(21)   Merge Heap Roots: 0.1ms
[2025-09-02T19:49:29.801+0300][42.357s][info ][gc,phases   ] GC(21)   Evacuate Collection Set: 5.1ms
[2025-09-02T19:49:29.801+0300][42.357s][info ][gc,phases   ] GC(21)   Post Evacuate Collection Set: 0.5ms
[2025-09-02T19:49:29.801+0300][42.357s][info ][gc,phases   ] GC(21)   Other: 0.1ms
[2025-09-02T19:49:29.801+0300][42.357s][info ][gc,heap     ] GC(21) Eden regions: 125->0(134)
[2025-09-02T19:49:29.801+0300][42.357s][info ][gc,heap     ] GC(21) Survivor regions: 13->13(18)
[2025-09-02T19:49:29.801+0300][42.357s][info ][gc,heap     ] GC(21) Old regions: 1674->1686
[2025-09-02T19:49:29.801+0300][42.357s][info ][gc,heap     ] GC(21) Humongous regions: 11->11
[2025-09-02T19:49:29.801+0300][42.357s][info ][gc,metaspace] GC(21) Metaspace: 31354K(31808K)->31354K(31808K) NonClass: 27530K(27776K)->27530K(27776K) Class: 3823K(4032K)->3823K(4032K)
[2025-09-02T19:49:29.801+0300][42.357s][debug][gc,heap     ] GC(21) Heap after GC invocations=22 (full 0):
[2025-09-02T19:49:29.801+0300][42.357s][debug][gc,heap     ] GC(21)  garbage-first heap   total 2097152K, used 1750889K [0x0000000780000000, 0x0000000800000000)
[2025-09-02T19:49:29.801+0300][42.357s][debug][gc,heap     ] GC(21)   region size 1024K, 13 young (13312K), 13 survivors (13312K)
[2025-09-02T19:49:29.801+0300][42.357s][debug][gc,heap     ] GC(21)  Metaspace       used 31354K, committed 31808K, reserved 1114112K
[2025-09-02T19:49:29.801+0300][42.357s][debug][gc,heap     ] GC(21)   class space    used 3823K, committed 4032K, reserved 1048576K
[2025-09-02T19:49:29.801+0300][42.357s][info ][gc          ] GC(21) Pause Young (Concurrent Start) (G1 Evacuation Pause) 1822M->1709M(2048M) 6.489ms
[2025-09-02T19:49:29.801+0300][42.357s][info ][gc          ] GC(22) Concurrent Mark Cycle
[2025-09-02T19:49:29.801+0300][42.357s][info ][gc,marking  ] GC(22) Concurrent Scan Root Regions
[2025-09-02T19:49:29.801+0300][42.358s][info ][gc,cpu      ] GC(21) User=0.04s Sys=0.01s Real=0.01s
[2025-09-02T19:49:29.804+0300][42.360s][info ][gc,marking  ] GC(22) Concurrent Scan Root Regions 2.370ms
[2025-09-02T19:49:29.804+0300][42.360s][info ][gc,marking  ] GC(22) Concurrent Mark
[2025-09-02T19:49:29.804+0300][42.360s][info ][gc,marking  ] GC(22) Concurrent Mark From Roots
[2025-09-02T19:49:29.804+0300][42.360s][info ][gc,task     ] GC(22) Using 3 workers of 3 for marking
[2025-09-02T19:49:31.101+0300][43.657s][info ][gc,marking  ] GC(22) Concurrent Mark From Roots 1296.878ms
[2025-09-02T19:49:31.101+0300][43.657s][info ][gc,marking  ] GC(22) Concurrent Preclean
[2025-09-02T19:49:31.101+0300][43.657s][info ][gc,marking  ] GC(22) Concurrent Preclean 0.132ms
[2025-09-02T19:49:31.101+0300][43.657s][info ][gc,start    ] GC(22) Pause Remark
[2025-09-02T19:49:31.104+0300][43.660s][info ][gc          ] GC(22) Pause Remark 1808M->1805M(2048M) 2.663ms
[2025-09-02T19:49:31.104+0300][43.660s][info ][gc,cpu      ] GC(22) User=0.02s Sys=0.00s Real=0.00s
[2025-09-02T19:49:31.104+0300][43.660s][info ][gc,marking  ] GC(22) Concurrent Mark 1300.516ms
[2025-09-02T19:49:31.104+0300][43.660s][info ][gc,marking  ] GC(22) Concurrent Rebuild Remembered Sets and Scrub Regions
[2025-09-02T19:49:31.138+0300][43.694s][info ][gc,marking  ] GC(22) Concurrent Rebuild Remembered Sets and Scrub Regions 33.384ms
[2025-09-02T19:49:31.175+0300][43.731s][info ][gc,start    ] GC(22) Pause Cleanup
[2025-09-02T19:49:31.175+0300][43.731s][info ][gc          ] GC(22) Pause Cleanup 1807M->1807M(2048M) 0.383ms
[2025-09-02T19:49:31.175+0300][43.731s][info ][gc,cpu      ] GC(22) User=0.00s Sys=0.00s Real=0.00s
[2025-09-02T19:49:31.175+0300][43.731s][info ][gc,marking  ] GC(22) Concurrent Clear Claimed Marks
[2025-09-02T19:49:31.175+0300][43.731s][info ][gc,marking  ] GC(22) Concurrent Clear Claimed Marks 0.061ms
[2025-09-02T19:49:31.175+0300][43.732s][info ][gc,marking  ] GC(22) Concurrent Cleanup for Next Mark
[2025-09-02T19:49:31.178+0300][43.734s][info ][gc,marking  ] GC(22) Concurrent Cleanup for Next Mark 2.719ms
[2025-09-02T19:49:31.178+0300][43.734s][info ][gc          ] GC(22) Concurrent Mark Cycle 1376.879ms
[2025-09-02T19:49:31.687+0300][44.244s][info ][gc,start    ] GC(23) Pause Young (Prepare Mixed) (G1 Evacuation Pause)
[2025-09-02T19:49:31.687+0300][44.244s][debug][gc,heap     ] GC(23) Heap before GC invocations=23 (full 0):
[2025-09-02T19:49:31.688+0300][44.244s][debug][gc,heap     ] GC(23)  garbage-first heap   total 2097152K, used 1884009K [0x0000000780000000, 0x0000000800000000)
[2025-09-02T19:49:31.688+0300][44.244s][debug][gc,heap     ] GC(23)   region size 1024K, 147 young (150528K), 13 survivors (13312K)
[2025-09-02T19:49:31.688+0300][44.244s][debug][gc,heap     ] GC(23)  Metaspace       used 31379K, committed 31872K, reserved 1114112K
[2025-09-02T19:49:31.688+0300][44.244s][debug][gc,heap     ] GC(23)   class space    used 3824K, committed 4032K, reserved 1048576K
[2025-09-02T19:49:31.688+0300][44.244s][info ][gc,task     ] GC(23) Using 10 workers of 10 for evacuation
[2025-09-02T19:49:31.694+0300][44.250s][info ][gc,phases   ] GC(23)   Pre Evacuate Collection Set: 0.2ms
[2025-09-02T19:49:31.694+0300][44.250s][info ][gc,phases   ] GC(23)   Merge Heap Roots: 0.1ms
[2025-09-02T19:49:31.694+0300][44.250s][info ][gc,phases   ] GC(23)   Evacuate Collection Set: 5.1ms
[2025-09-02T19:49:31.694+0300][44.250s][info ][gc,phases   ] GC(23)   Post Evacuate Collection Set: 0.4ms
[2025-09-02T19:49:31.694+0300][44.250s][info ][gc,phases   ] GC(23)   Other: 0.1ms
[2025-09-02T19:49:31.694+0300][44.250s][info ][gc,heap     ] GC(23) Eden regions: 134->0(148)
[2025-09-02T19:49:31.694+0300][44.250s][info ][gc,heap     ] GC(23) Survivor regions: 13->7(19)
[2025-09-02T19:49:31.694+0300][44.250s][info ][gc,heap     ] GC(23) Old regions: 1686->1698
[2025-09-02T19:49:31.694+0300][44.250s][info ][gc,heap     ] GC(23) Humongous regions: 8->8
[2025-09-02T19:49:31.694+0300][44.250s][info ][gc,metaspace] GC(23) Metaspace: 31379K(31872K)->31379K(31872K) NonClass: 27555K(27840K)->27555K(27840K) Class: 3824K(4032K)->3824K(4032K)
[2025-09-02T19:49:31.694+0300][44.250s][debug][gc,heap     ] GC(23) Heap after GC invocations=24 (full 0):
[2025-09-02T19:49:31.694+0300][44.250s][debug][gc,heap     ] GC(23)  garbage-first heap   total 2097152K, used 1752915K [0x0000000780000000, 0x0000000800000000)
[2025-09-02T19:49:31.694+0300][44.250s][debug][gc,heap     ] GC(23)   region size 1024K, 7 young (7168K), 7 survivors (7168K)
[2025-09-02T19:49:31.694+0300][44.250s][debug][gc,heap     ] GC(23)  Metaspace       used 31379K, committed 31872K, reserved 1114112K
[2025-09-02T19:49:31.694+0300][44.250s][debug][gc,heap     ] GC(23)   class space    used 3824K, committed 4032K, reserved 1048576K
[2025-09-02T19:49:31.694+0300][44.250s][info ][gc          ] GC(23) Pause Young (Prepare Mixed) (G1 Evacuation Pause) 1840M->1711M(2048M) 6.344ms
[2025-09-02T19:49:31.694+0300][44.250s][info ][gc,cpu      ] GC(23) User=0.03s Sys=0.01s Real=0.01s
[2025-09-02T19:49:34.020+0300][46.576s][info ][gc,start    ] GC(24) Pause Young (Mixed) (G1 Evacuation Pause)
[2025-09-02T19:49:34.020+0300][46.576s][debug][gc,heap     ] GC(24) Heap before GC invocations=24 (full 0):
[2025-09-02T19:49:34.020+0300][46.576s][debug][gc,heap     ] GC(24)  garbage-first heap   total 2097152K, used 1903443K [0x0000000780000000, 0x0000000800000000)
[2025-09-02T19:49:34.020+0300][46.576s][debug][gc,heap     ] GC(24)   region size 1024K, 155 young (158720K), 7 survivors (7168K)
[2025-09-02T19:49:34.020+0300][46.576s][debug][gc,heap     ] GC(24)  Metaspace       used 31381K, committed 31872K, reserved 1114112K
[2025-09-02T19:49:34.020+0300][46.576s][debug][gc,heap     ] GC(24)   class space    used 3824K, committed 4032K, reserved 1048576K
[2025-09-02T19:49:34.020+0300][46.576s][info ][gc,task     ] GC(24) Using 10 workers of 10 for evacuation
[2025-09-02T19:49:34.024+0300][46.580s][info ][gc,phases   ] GC(24)   Pre Evacuate Collection Set: 0.3ms
[2025-09-02T19:49:34.024+0300][46.580s][info ][gc,phases   ] GC(24)   Merge Heap Roots: 0.1ms
[2025-09-02T19:49:34.024+0300][46.580s][info ][gc,phases   ] GC(24)   Evacuate Collection Set: 3.2ms
[2025-09-02T19:49:34.024+0300][46.581s][info ][gc,phases   ] GC(24)   Post Evacuate Collection Set: 0.5ms
[2025-09-02T19:49:34.024+0300][46.581s][info ][gc,phases   ] GC(24)   Other: 0.1ms
[2025-09-02T19:49:34.024+0300][46.581s][info ][gc,heap     ] GC(24) Eden regions: 148->0(164)
[2025-09-02T19:49:34.024+0300][46.581s][info ][gc,heap     ] GC(24) Survivor regions: 7->7(20)
[2025-09-02T19:49:34.024+0300][46.581s][info ][gc,heap     ] GC(24) Old regions: 1698->1694
[2025-09-02T19:49:34.024+0300][46.581s][info ][gc,heap     ] GC(24) Humongous regions: 8->8
[2025-09-02T19:49:34.024+0300][46.581s][info ][gc,metaspace] GC(24) Metaspace: 31381K(31872K)->31381K(31872K) NonClass: 27556K(27840K)->27556K(27840K) Class: 3824K(4032K)->3824K(4032K)
[2025-09-02T19:49:34.024+0300][46.581s][debug][gc,heap     ] GC(24) Heap after GC invocations=25 (full 0):
[2025-09-02T19:49:34.024+0300][46.581s][debug][gc,heap     ] GC(24)  garbage-first heap   total 2097152K, used 1749391K [0x0000000780000000, 0x0000000800000000)
[2025-09-02T19:49:34.024+0300][46.581s][debug][gc,heap     ] GC(24)   region size 1024K, 7 young (7168K), 7 survivors (7168K)
[2025-09-02T19:49:34.024+0300][46.581s][debug][gc,heap     ] GC(24)  Metaspace       used 31381K, committed 31872K, reserved 1114112K
[2025-09-02T19:49:34.024+0300][46.581s][debug][gc,heap     ] GC(24)   class space    used 3824K, committed 4032K, reserved 1048576K
[2025-09-02T19:49:34.024+0300][46.581s][info ][gc          ] GC(24) Pause Young (Mixed) (G1 Evacuation Pause) 1859M->1708M(2048M) 4.664ms
[2025-09-02T19:49:34.025+0300][46.581s][info ][gc,cpu      ] GC(24) User=0.03s Sys=0.00s Real=0.00s
[2025-09-02T19:49:36.307+0300][48.863s][info ][gc,start    ] GC(25) Pause Young (Concurrent Start) (G1 Evacuation Pause)
[2025-09-02T19:49:36.307+0300][48.863s][debug][gc,heap     ] GC(25) Heap before GC invocations=25 (full 0):
[2025-09-02T19:49:36.307+0300][48.863s][debug][gc,heap     ] GC(25)  garbage-first heap   total 2097152K, used 1916303K [0x0000000780000000, 0x0000000800000000)
[2025-09-02T19:49:36.307+0300][48.863s][debug][gc,heap     ] GC(25)   region size 1024K, 171 young (175104K), 7 survivors (7168K)
[2025-09-02T19:49:36.307+0300][48.863s][debug][gc,heap     ] GC(25)  Metaspace       used 31381K, committed 31872K, reserved 1114112K
[2025-09-02T19:49:36.307+0300][48.863s][debug][gc,heap     ] GC(25)   class space    used 3824K, committed 4032K, reserved 1048576K
[2025-09-02T19:49:36.307+0300][48.863s][info ][gc,task     ] GC(25) Using 10 workers of 10 for evacuation
[2025-09-02T19:49:36.310+0300][48.866s][info ][gc,phases   ] GC(25)   Pre Evacuate Collection Set: 0.2ms
[2025-09-02T19:49:36.310+0300][48.866s][info ][gc,phases   ] GC(25)   Merge Heap Roots: 0.1ms
[2025-09-02T19:49:36.310+0300][48.866s][info ][gc,phases   ] GC(25)   Evacuate Collection Set: 1.9ms
[2025-09-02T19:49:36.310+0300][48.866s][info ][gc,phases   ] GC(25)   Post Evacuate Collection Set: 0.3ms
[2025-09-02T19:49:36.310+0300][48.866s][info ][gc,phases   ] GC(25)   Other: 0.1ms
[2025-09-02T19:49:36.310+0300][48.866s][info ][gc,heap     ] GC(25) Eden regions: 164->0(181)
[2025-09-02T19:49:36.310+0300][48.866s][info ][gc,heap     ] GC(25) Survivor regions: 7->7(22)
[2025-09-02T19:49:36.310+0300][48.866s][info ][gc,heap     ] GC(25) Old regions: 1694->1694
[2025-09-02T19:49:36.310+0300][48.866s][info ][gc,heap     ] GC(25) Humongous regions: 8->8
[2025-09-02T19:49:36.310+0300][48.866s][info ][gc,metaspace] GC(25) Metaspace: 31381K(31872K)->31381K(31872K) NonClass: 27557K(27840K)->27557K(27840K) Class: 3824K(4032K)->3824K(4032K)
[2025-09-02T19:49:36.310+0300][48.866s][debug][gc,heap     ] GC(25) Heap after GC invocations=26 (full 0):
[2025-09-02T19:49:36.310+0300][48.866s][debug][gc,heap     ] GC(25)  garbage-first heap   total 2097152K, used 1749297K [0x0000000780000000, 0x0000000800000000)
[2025-09-02T19:49:36.310+0300][48.866s][debug][gc,heap     ] GC(25)   region size 1024K, 7 young (7168K), 7 survivors (7168K)
[2025-09-02T19:49:36.310+0300][48.866s][debug][gc,heap     ] GC(25)  Metaspace       used 31381K, committed 31872K, reserved 1114112K
[2025-09-02T19:49:36.310+0300][48.866s][debug][gc,heap     ] GC(25)   class space    used 3824K, committed 4032K, reserved 1048576K
[2025-09-02T19:49:36.310+0300][48.866s][info ][gc          ] GC(25) Pause Young (Concurrent Start) (G1 Evacuation Pause) 1872M->1708M(2048M) 2.866ms
[2025-09-02T19:49:36.310+0300][48.866s][info ][gc          ] GC(26) Concurrent Mark Cycle
[2025-09-02T19:49:36.310+0300][48.866s][info ][gc,marking  ] GC(26) Concurrent Scan Root Regions
[2025-09-02T19:49:36.310+0300][48.866s][info ][gc,cpu      ] GC(25) User=0.02s Sys=0.00s Real=0.01s
[2025-09-02T19:49:36.311+0300][48.867s][info ][gc,marking  ] GC(26) Concurrent Scan Root Regions 0.918ms
[2025-09-02T19:49:36.311+0300][48.867s][info ][gc,marking  ] GC(26) Concurrent Mark
[2025-09-02T19:49:36.311+0300][48.867s][info ][gc,marking  ] GC(26) Concurrent Mark From Roots
[2025-09-02T19:49:36.311+0300][48.867s][info ][gc,task     ] GC(26) Using 3 workers of 3 for marking
[2025-09-02T19:49:36.367+0300][48.923s][info ][gc,marking  ] GC(26) Concurrent Mark From Roots 55.661ms
[2025-09-02T19:49:36.367+0300][48.923s][info ][gc,marking  ] GC(26) Concurrent Preclean
[2025-09-02T19:49:36.367+0300][48.923s][info ][gc,marking  ] GC(26) Concurrent Preclean 0.111ms
[2025-09-02T19:49:36.396+0300][48.952s][info ][gc,start    ] GC(26) Pause Remark
[2025-09-02T19:49:36.400+0300][48.956s][info ][gc          ] GC(26) Pause Remark 1719M->1719M(2048M) 4.196ms
[2025-09-02T19:49:36.400+0300][48.956s][info ][gc,cpu      ] GC(26) User=0.03s Sys=0.01s Real=0.01s
[2025-09-02T19:49:36.400+0300][48.956s][info ][gc,marking  ] GC(26) Concurrent Mark 89.406ms
[2025-09-02T19:49:36.400+0300][48.956s][info ][gc,marking  ] GC(26) Concurrent Rebuild Remembered Sets and Scrub Regions
[2025-09-02T19:49:36.434+0300][48.990s][info ][gc,marking  ] GC(26) Concurrent Rebuild Remembered Sets and Scrub Regions 33.615ms
[2025-09-02T19:49:36.509+0300][49.065s][info ][gc,start    ] GC(26) Pause Cleanup
[2025-09-02T19:49:36.509+0300][49.066s][info ][gc          ] GC(26) Pause Cleanup 1724M->1724M(2048M) 0.379ms
[2025-09-02T19:49:36.509+0300][49.066s][info ][gc,cpu      ] GC(26) User=0.00s Sys=0.00s Real=0.00s
[2025-09-02T19:49:36.510+0300][49.066s][info ][gc,marking  ] GC(26) Concurrent Clear Claimed Marks
[2025-09-02T19:49:36.510+0300][49.066s][info ][gc,marking  ] GC(26) Concurrent Clear Claimed Marks 0.057ms
[2025-09-02T19:49:36.510+0300][49.066s][info ][gc,marking  ] GC(26) Concurrent Cleanup for Next Mark
[2025-09-02T19:49:36.512+0300][49.069s][info ][gc,marking  ] GC(26) Concurrent Cleanup for Next Mark 2.728ms
[2025-09-02T19:49:36.513+0300][49.069s][info ][gc          ] GC(26) Concurrent Mark Cycle 202.709ms
[2025-09-02T19:49:38.837+0300][51.393s][info ][gc,start    ] GC(27) Pause Young (Prepare Mixed) (G1 Evacuation Pause)
[2025-09-02T19:49:38.837+0300][51.393s][debug][gc,heap     ] GC(27) Heap before GC invocations=27 (full 0):
[2025-09-02T19:49:38.837+0300][51.393s][debug][gc,heap     ] GC(27)  garbage-first heap   total 2097152K, used 1933617K [0x0000000780000000, 0x0000000800000000)
[2025-09-02T19:49:38.837+0300][51.393s][debug][gc,heap     ] GC(27)   region size 1024K, 188 young (192512K), 7 survivors (7168K)
[2025-09-02T19:49:38.837+0300][51.393s][debug][gc,heap     ] GC(27)  Metaspace       used 31381K, committed 31872K, reserved 1114112K
[2025-09-02T19:49:38.837+0300][51.393s][debug][gc,heap     ] GC(27)   class space    used 3823K, committed 4032K, reserved 1048576K
[2025-09-02T19:49:38.837+0300][51.393s][info ][gc,task     ] GC(27) Using 10 workers of 10 for evacuation
[2025-09-02T19:49:38.840+0300][51.396s][info ][gc,phases   ] GC(27)   Pre Evacuate Collection Set: 0.2ms
[2025-09-02T19:49:38.840+0300][51.396s][info ][gc,phases   ] GC(27)   Merge Heap Roots: 0.1ms
[2025-09-02T19:49:38.840+0300][51.396s][info ][gc,phases   ] GC(27)   Evacuate Collection Set: 1.8ms
[2025-09-02T19:49:38.840+0300][51.396s][info ][gc,phases   ] GC(27)   Post Evacuate Collection Set: 0.3ms
[2025-09-02T19:49:38.840+0300][51.396s][info ][gc,phases   ] GC(27)   Other: 0.0ms
[2025-09-02T19:49:38.840+0300][51.396s][info ][gc,heap     ] GC(27) Eden regions: 181->0(197)
[2025-09-02T19:49:38.840+0300][51.396s][info ][gc,heap     ] GC(27) Survivor regions: 7->7(24)
[2025-09-02T19:49:38.840+0300][51.396s][info ][gc,heap     ] GC(27) Old regions: 1694->1694
[2025-09-02T19:49:38.840+0300][51.396s][info ][gc,heap     ] GC(27) Humongous regions: 8->8
[2025-09-02T19:49:38.840+0300][51.396s][info ][gc,metaspace] GC(27) Metaspace: 31381K(31872K)->31381K(31872K) NonClass: 27557K(27840K)->27557K(27840K) Class: 3823K(4032K)->3823K(4032K)
[2025-09-02T19:49:38.840+0300][51.396s][debug][gc,heap     ] GC(27) Heap after GC invocations=28 (full 0):
[2025-09-02T19:49:38.840+0300][51.396s][debug][gc,heap     ] GC(27)  garbage-first heap   total 2097152K, used 1749275K [0x0000000780000000, 0x0000000800000000)
[2025-09-02T19:49:38.840+0300][51.396s][debug][gc,heap     ] GC(27)   region size 1024K, 7 young (7168K), 7 survivors (7168K)
[2025-09-02T19:49:38.840+0300][51.396s][debug][gc,heap     ] GC(27)  Metaspace       used 31381K, committed 31872K, reserved 1114112K
[2025-09-02T19:49:38.840+0300][51.396s][debug][gc,heap     ] GC(27)   class space    used 3823K, committed 4032K, reserved 1048576K
[2025-09-02T19:49:38.840+0300][51.396s][info ][gc          ] GC(27) Pause Young (Prepare Mixed) (G1 Evacuation Pause) 1889M->1708M(2048M) 2.719ms
[2025-09-02T19:49:38.840+0300][51.396s][info ][gc,cpu      ] GC(27) User=0.02s Sys=0.00s Real=0.01s
[2025-09-02T19:49:41.875+0300][54.431s][info ][gc,start    ] GC(28) Pause Young (Mixed) (G1 Evacuation Pause)
[2025-09-02T19:49:41.875+0300][54.431s][debug][gc,heap     ] GC(28) Heap before GC invocations=28 (full 0):
[2025-09-02T19:49:41.875+0300][54.431s][debug][gc,heap     ] GC(28)  garbage-first heap   total 2097152K, used 1949979K [0x0000000780000000, 0x0000000800000000)
[2025-09-02T19:49:41.875+0300][54.431s][debug][gc,heap     ] GC(28)   region size 1024K, 204 young (208896K), 7 survivors (7168K)
[2025-09-02T19:49:41.875+0300][54.431s][debug][gc,heap     ] GC(28)  Metaspace       used 31385K, committed 31872K, reserved 1114112K
[2025-09-02T19:49:41.875+0300][54.431s][debug][gc,heap     ] GC(28)   class space    used 3824K, committed 4032K, reserved 1048576K
[2025-09-02T19:49:41.875+0300][54.431s][info ][gc,task     ] GC(28) Using 10 workers of 10 for evacuation
[2025-09-02T19:49:41.878+0300][54.435s][info ][gc,phases   ] GC(28)   Pre Evacuate Collection Set: 0.2ms
[2025-09-02T19:49:41.878+0300][54.435s][info ][gc,phases   ] GC(28)   Merge Heap Roots: 0.1ms
[2025-09-02T19:49:41.878+0300][54.435s][info ][gc,phases   ] GC(28)   Evacuate Collection Set: 2.3ms
[2025-09-02T19:49:41.878+0300][54.435s][info ][gc,phases   ] GC(28)   Post Evacuate Collection Set: 0.4ms
[2025-09-02T19:49:41.878+0300][54.435s][info ][gc,phases   ] GC(28)   Other: 0.1ms
[2025-09-02T19:49:41.878+0300][54.435s][info ][gc,heap     ] GC(28) Eden regions: 197->0(237)
[2025-09-02T19:49:41.878+0300][54.435s][info ][gc,heap     ] GC(28) Survivor regions: 7->5(26)
[2025-09-02T19:49:41.878+0300][54.435s][info ][gc,heap     ] GC(28) Old regions: 1694->1690
[2025-09-02T19:49:41.878+0300][54.435s][info ][gc,heap     ] GC(28) Humongous regions: 8->8
[2025-09-02T19:49:41.878+0300][54.435s][info ][gc,metaspace] GC(28) Metaspace: 31385K(31872K)->31385K(31872K) NonClass: 27561K(27840K)->27561K(27840K) Class: 3824K(4032K)->3824K(4032K)
[2025-09-02T19:49:41.878+0300][54.435s][debug][gc,heap     ] GC(28) Heap after GC invocations=29 (full 0):
[2025-09-02T19:49:41.878+0300][54.435s][debug][gc,heap     ] GC(28)  garbage-first heap   total 2097152K, used 1742726K [0x0000000780000000, 0x0000000800000000)
[2025-09-02T19:49:41.879+0300][54.435s][debug][gc,heap     ] GC(28)   region size 1024K, 5 young (5120K), 5 survivors (5120K)
[2025-09-02T19:49:41.879+0300][54.435s][debug][gc,heap     ] GC(28)  Metaspace       used 31385K, committed 31872K, reserved 1114112K
[2025-09-02T19:49:41.879+0300][54.435s][debug][gc,heap     ] GC(28)   class space    used 3824K, committed 4032K, reserved 1048576K
[2025-09-02T19:49:41.879+0300][54.435s][info ][gc          ] GC(28) Pause Young (Mixed) (G1 Evacuation Pause) 1905M->1701M(2048M) 3.526ms
[2025-09-02T19:49:41.879+0300][54.435s][info ][gc,cpu      ] GC(28) User=0.01s Sys=0.01s Real=0.00s
[2025-09-02T19:49:44.881+0300][57.437s][info ][gc,start    ] GC(29) Pause Young (Concurrent Start) (G1 Evacuation Pause)
[2025-09-02T19:49:44.881+0300][57.437s][debug][gc,heap     ] GC(29) Heap before GC invocations=29 (full 0):
[2025-09-02T19:49:44.881+0300][57.437s][debug][gc,heap     ] GC(29)  garbage-first heap   total 2097152K, used 1985414K [0x0000000780000000, 0x0000000800000000)
[2025-09-02T19:49:44.881+0300][57.437s][debug][gc,heap     ] GC(29)   region size 1024K, 242 young (247808K), 5 survivors (5120K)
[2025-09-02T19:49:44.881+0300][57.437s][debug][gc,heap     ] GC(29)  Metaspace       used 31388K, committed 31872K, reserved 1114112K
[2025-09-02T19:49:44.881+0300][57.437s][debug][gc,heap     ] GC(29)   class space    used 3824K, committed 4032K, reserved 1048576K
[2025-09-02T19:49:44.881+0300][57.437s][info ][gc,task     ] GC(29) Using 10 workers of 10 for evacuation
[2025-09-02T19:49:44.883+0300][57.439s][info ][gc,phases   ] GC(29)   Pre Evacuate Collection Set: 0.2ms
[2025-09-02T19:49:44.883+0300][57.439s][info ][gc,phases   ] GC(29)   Merge Heap Roots: 0.1ms
[2025-09-02T19:49:44.883+0300][57.439s][info ][gc,phases   ] GC(29)   Evacuate Collection Set: 1.6ms
[2025-09-02T19:49:44.883+0300][57.439s][info ][gc,phases   ] GC(29)   Post Evacuate Collection Set: 0.2ms
[2025-09-02T19:49:44.883+0300][57.439s][info ][gc,phases   ] GC(29)   Other: 0.1ms
[2025-09-02T19:49:44.883+0300][57.439s][info ][gc,heap     ] GC(29) Eden regions: 237->0(237)
[2025-09-02T19:49:44.883+0300][57.439s][info ][gc,heap     ] GC(29) Survivor regions: 5->5(31)
[2025-09-02T19:49:44.883+0300][57.439s][info ][gc,heap     ] GC(29) Old regions: 1690->1690
[2025-09-02T19:49:44.883+0300][57.439s][info ][gc,heap     ] GC(29) Humongous regions: 8->8
[2025-09-02T19:49:44.883+0300][57.439s][info ][gc,metaspace] GC(29) Metaspace: 31388K(31872K)->31388K(31872K) NonClass: 27564K(27840K)->27564K(27840K) Class: 3824K(4032K)->3824K(4032K)
[2025-09-02T19:49:44.883+0300][57.439s][debug][gc,heap     ] GC(29) Heap after GC invocations=30 (full 0):
[2025-09-02T19:49:44.883+0300][57.439s][debug][gc,heap     ] GC(29)  garbage-first heap   total 2097152K, used 1742444K [0x0000000780000000, 0x0000000800000000)
[2025-09-02T19:49:44.883+0300][57.439s][debug][gc,heap     ] GC(29)   region size 1024K, 5 young (5120K), 5 survivors (5120K)
[2025-09-02T19:49:44.883+0300][57.440s][debug][gc,heap     ] GC(29)  Metaspace       used 31388K, committed 31872K, reserved 1114112K
[2025-09-02T19:49:44.883+0300][57.440s][debug][gc,heap     ] GC(29)   class space    used 3824K, committed 4032K, reserved 1048576K
[2025-09-02T19:49:44.883+0300][57.440s][info ][gc          ] GC(29) Pause Young (Concurrent Start) (G1 Evacuation Pause) 1938M->1701M(2048M) 2.491ms
[2025-09-02T19:49:44.883+0300][57.440s][info ][gc          ] GC(30) Concurrent Mark Cycle
[2025-09-02T19:49:44.883+0300][57.440s][info ][gc,cpu      ] GC(29) User=0.01s Sys=0.01s Real=0.00s
[2025-09-02T19:49:44.883+0300][57.440s][info ][gc,marking  ] GC(30) Concurrent Scan Root Regions
[2025-09-02T19:49:44.884+0300][57.440s][info ][gc,marking  ] GC(30) Concurrent Scan Root Regions 0.501ms
[2025-09-02T19:49:44.884+0300][57.440s][info ][gc,marking  ] GC(30) Concurrent Mark
[2025-09-02T19:49:44.884+0300][57.440s][info ][gc,marking  ] GC(30) Concurrent Mark From Roots
[2025-09-02T19:49:44.884+0300][57.440s][info ][gc,task     ] GC(30) Using 3 workers of 3 for marking
[2025-09-02T19:49:44.932+0300][57.488s][info ][gc,marking  ] GC(30) Concurrent Mark From Roots 47.625ms
[2025-09-02T19:49:44.932+0300][57.488s][info ][gc,marking  ] GC(30) Concurrent Preclean
[2025-09-02T19:49:44.932+0300][57.488s][info ][gc,marking  ] GC(30) Concurrent Preclean 0.115ms
[2025-09-02T19:49:44.932+0300][57.488s][info ][gc,start    ] GC(30) Pause Remark
[2025-09-02T19:49:44.934+0300][57.490s][info ][gc          ] GC(30) Pause Remark 1707M->1707M(2048M) 2.390ms
[2025-09-02T19:49:44.934+0300][57.491s][info ][gc,cpu      ] GC(30) User=0.02s Sys=0.00s Real=0.00s
[2025-09-02T19:49:44.934+0300][57.491s][info ][gc,marking  ] GC(30) Concurrent Mark 50.441ms
[2025-09-02T19:49:44.934+0300][57.491s][info ][gc,marking  ] GC(30) Concurrent Rebuild Remembered Sets and Scrub Regions
[2025-09-02T19:49:44.963+0300][57.519s][info ][gc,marking  ] GC(30) Concurrent Rebuild Remembered Sets and Scrub Regions 28.532ms
[2025-09-02T19:49:44.963+0300][57.519s][info ][gc,start    ] GC(30) Pause Cleanup
[2025-09-02T19:49:44.963+0300][57.520s][info ][gc          ] GC(30) Pause Cleanup 1710M->1710M(2048M) 0.298ms
[2025-09-02T19:49:44.963+0300][57.520s][info ][gc,cpu      ] GC(30) User=0.01s Sys=0.00s Real=0.00s
[2025-09-02T19:49:44.963+0300][57.520s][info ][gc,marking  ] GC(30) Concurrent Clear Claimed Marks
[2025-09-02T19:49:44.963+0300][57.520s][info ][gc,marking  ] GC(30) Concurrent Clear Claimed Marks 0.035ms
[2025-09-02T19:49:44.963+0300][57.520s][info ][gc,marking  ] GC(30) Concurrent Cleanup for Next Mark
[2025-09-02T19:49:44.966+0300][57.522s][info ][gc,marking  ] GC(30) Concurrent Cleanup for Next Mark 2.478ms
[2025-09-02T19:49:44.966+0300][57.522s][info ][gc          ] GC(30) Concurrent Mark Cycle 82.640ms
[2025-09-02T19:49:47.492+0300][60.048s][info ][gc,start    ] GC(31) Pause Young (Prepare Mixed) (G1 Evacuation Pause)
[2025-09-02T19:49:47.492+0300][60.048s][debug][gc,heap     ] GC(31) Heap before GC invocations=31 (full 0):
[2025-09-02T19:49:47.492+0300][60.048s][debug][gc,heap     ] GC(31)  garbage-first heap   total 2097152K, used 1985132K [0x0000000780000000, 0x0000000800000000)
[2025-09-02T19:49:47.492+0300][60.048s][debug][gc,heap     ] GC(31)   region size 1024K, 242 young (247808K), 5 survivors (5120K)
[2025-09-02T19:49:47.492+0300][60.048s][debug][gc,heap     ] GC(31)  Metaspace       used 31388K, committed 31872K, reserved 1114112K
[2025-09-02T19:49:47.492+0300][60.048s][debug][gc,heap     ] GC(31)   class space    used 3824K, committed 4032K, reserved 1048576K
[2025-09-02T19:49:47.492+0300][60.048s][info ][gc,task     ] GC(31) Using 10 workers of 10 for evacuation
[2025-09-02T19:49:47.493+0300][60.050s][info ][gc,phases   ] GC(31)   Pre Evacuate Collection Set: 0.2ms
[2025-09-02T19:49:47.493+0300][60.050s][info ][gc,phases   ] GC(31)   Merge Heap Roots: 0.1ms
[2025-09-02T19:49:47.493+0300][60.050s][info ][gc,phases   ] GC(31)   Evacuate Collection Set: 1.0ms
[2025-09-02T19:49:47.493+0300][60.050s][info ][gc,phases   ] GC(31)   Post Evacuate Collection Set: 0.2ms
[2025-09-02T19:49:47.493+0300][60.050s][info ][gc,phases   ] GC(31)   Other: 0.0ms
[2025-09-02T19:49:47.493+0300][60.050s][info ][gc,heap     ] GC(31) Eden regions: 237->0(237)
[2025-09-02T19:49:47.494+0300][60.050s][info ][gc,heap     ] GC(31) Survivor regions: 5->5(31)
[2025-09-02T19:49:47.494+0300][60.050s][info ][gc,heap     ] GC(31) Old regions: 1690->1690
[2025-09-02T19:49:47.494+0300][60.050s][info ][gc,heap     ] GC(31) Humongous regions: 8->8
[2025-09-02T19:49:47.494+0300][60.050s][info ][gc,metaspace] GC(31) Metaspace: 31388K(31872K)->31388K(31872K) NonClass: 27564K(27840K)->27564K(27840K) Class: 3824K(4032K)->3824K(4032K)
[2025-09-02T19:49:47.494+0300][60.050s][debug][gc,heap     ] GC(31) Heap after GC invocations=32 (full 0):
[2025-09-02T19:49:47.494+0300][60.050s][debug][gc,heap     ] GC(31)  garbage-first heap   total 2097152K, used 1742571K [0x0000000780000000, 0x0000000800000000)
[2025-09-02T19:49:47.494+0300][60.050s][debug][gc,heap     ] GC(31)   region size 1024K, 5 young (5120K), 5 survivors (5120K)
[2025-09-02T19:49:47.494+0300][60.050s][debug][gc,heap     ] GC(31)  Metaspace       used 31388K, committed 31872K, reserved 1114112K
[2025-09-02T19:49:47.494+0300][60.050s][debug][gc,heap     ] GC(31)   class space    used 3824K, committed 4032K, reserved 1048576K
[2025-09-02T19:49:47.494+0300][60.050s][info ][gc          ] GC(31) Pause Young (Prepare Mixed) (G1 Evacuation Pause) 1938M->1701M(2048M) 1.747ms
[2025-09-02T19:49:47.494+0300][60.050s][info ][gc,cpu      ] GC(31) User=0.01s Sys=0.00s Real=0.00s
[2025-09-02T19:49:49.799+0300][62.355s][info ][gc,start    ] GC(32) Pause Young (Mixed) (G1 Evacuation Pause)
[2025-09-02T19:49:49.799+0300][62.355s][debug][gc,heap     ] GC(32) Heap before GC invocations=32 (full 0):
[2025-09-02T19:49:49.799+0300][62.355s][debug][gc,heap     ] GC(32)  garbage-first heap   total 2097152K, used 1985259K [0x0000000780000000, 0x0000000800000000)
[2025-09-02T19:49:49.799+0300][62.355s][debug][gc,heap     ] GC(32)   region size 1024K, 242 young (247808K), 5 survivors (5120K)
[2025-09-02T19:49:49.799+0300][62.355s][debug][gc,heap     ] GC(32)  Metaspace       used 31394K, committed 31872K, reserved 1114112K
[2025-09-02T19:49:49.799+0300][62.355s][debug][gc,heap     ] GC(32)   class space    used 3824K, committed 4032K, reserved 1048576K
[2025-09-02T19:49:49.799+0300][62.355s][info ][gc,task     ] GC(32) Using 10 workers of 10 for evacuation
[2025-09-02T19:49:49.801+0300][62.357s][info ][gc,phases   ] GC(32)   Pre Evacuate Collection Set: 0.2ms
[2025-09-02T19:49:49.801+0300][62.357s][info ][gc,phases   ] GC(32)   Merge Heap Roots: 0.1ms
[2025-09-02T19:49:49.801+0300][62.357s][info ][gc,phases   ] GC(32)   Evacuate Collection Set: 1.7ms
[2025-09-02T19:49:49.801+0300][62.357s][info ][gc,phases   ] GC(32)   Post Evacuate Collection Set: 0.2ms
[2025-09-02T19:49:49.801+0300][62.357s][info ][gc,phases   ] GC(32)   Other: 0.1ms
[2025-09-02T19:49:49.801+0300][62.357s][info ][gc,heap     ] GC(32) Eden regions: 237->0(241)
[2025-09-02T19:49:49.801+0300][62.357s][info ][gc,heap     ] GC(32) Survivor regions: 5->5(31)
[2025-09-02T19:49:49.801+0300][62.357s][info ][gc,heap     ] GC(32) Old regions: 1690->1686
[2025-09-02T19:49:49.801+0300][62.357s][info ][gc,heap     ] GC(32) Humongous regions: 8->8
[2025-09-02T19:49:49.801+0300][62.357s][info ][gc,metaspace] GC(32) Metaspace: 31394K(31872K)->31394K(31872K) NonClass: 27569K(27840K)->27569K(27840K) Class: 3824K(4032K)->3824K(4032K)
[2025-09-02T19:49:49.801+0300][62.357s][debug][gc,heap     ] GC(32) Heap after GC invocations=33 (full 0):
[2025-09-02T19:49:49.801+0300][62.358s][debug][gc,heap     ] GC(32)  garbage-first heap   total 2097152K, used 1738613K [0x0000000780000000, 0x0000000800000000)
[2025-09-02T19:49:49.801+0300][62.358s][debug][gc,heap     ] GC(32)   region size 1024K, 5 young (5120K), 5 survivors (5120K)
[2025-09-02T19:49:49.801+0300][62.358s][debug][gc,heap     ] GC(32)  Metaspace       used 31394K, committed 31872K, reserved 1114112K
[2025-09-02T19:49:49.801+0300][62.358s][debug][gc,heap     ] GC(32)   class space    used 3824K, committed 4032K, reserved 1048576K
[2025-09-02T19:49:49.801+0300][62.358s][info ][gc          ] GC(32) Pause Young (Mixed) (G1 Evacuation Pause) 1938M->1697M(2048M) 2.618ms
[2025-09-02T19:49:49.801+0300][62.358s][info ][gc,cpu      ] GC(32) User=0.02s Sys=0.01s Real=0.01s
[2025-09-02T19:49:51.900+0300][64.456s][info ][gc,start    ] GC(33) Pause Young (Concurrent Start) (G1 Evacuation Pause)
[2025-09-02T19:49:51.900+0300][64.456s][debug][gc,heap     ] GC(33) Heap before GC invocations=33 (full 0):
[2025-09-02T19:49:51.900+0300][64.456s][debug][gc,heap     ] GC(33)  garbage-first heap   total 2097152K, used 1985397K [0x0000000780000000, 0x0000000800000000)
[2025-09-02T19:49:51.900+0300][64.456s][debug][gc,heap     ] GC(33)   region size 1024K, 246 young (251904K), 5 survivors (5120K)
[2025-09-02T19:49:51.900+0300][64.456s][debug][gc,heap     ] GC(33)  Metaspace       used 31394K, committed 31872K, reserved 1114112K
[2025-09-02T19:49:51.900+0300][64.456s][debug][gc,heap     ] GC(33)   class space    used 3824K, committed 4032K, reserved 1048576K
[2025-09-02T19:49:51.900+0300][64.456s][info ][gc,task     ] GC(33) Using 10 workers of 10 for evacuation
[2025-09-02T19:49:51.902+0300][64.459s][info ][gc,phases   ] GC(33)   Pre Evacuate Collection Set: 0.2ms
[2025-09-02T19:49:51.902+0300][64.459s][info ][gc,phases   ] GC(33)   Merge Heap Roots: 0.1ms
[2025-09-02T19:49:51.902+0300][64.459s][info ][gc,phases   ] GC(33)   Evacuate Collection Set: 1.8ms
[2025-09-02T19:49:51.903+0300][64.459s][info ][gc,phases   ] GC(33)   Post Evacuate Collection Set: 0.3ms
[2025-09-02T19:49:51.903+0300][64.459s][info ][gc,phases   ] GC(33)   Other: 0.1ms
[2025-09-02T19:49:51.903+0300][64.459s][info ][gc,heap     ] GC(33) Eden regions: 241->0(241)
[2025-09-02T19:49:51.903+0300][64.459s][info ][gc,heap     ] GC(33) Survivor regions: 5->5(31)
[2025-09-02T19:49:51.903+0300][64.459s][info ][gc,heap     ] GC(33) Old regions: 1686->1686
[2025-09-02T19:49:51.903+0300][64.459s][info ][gc,heap     ] GC(33) Humongous regions: 8->8
[2025-09-02T19:49:51.903+0300][64.459s][info ][gc,metaspace] GC(33) Metaspace: 31394K(31872K)->31394K(31872K) NonClass: 27570K(27840K)->27570K(27840K) Class: 3824K(4032K)->3824K(4032K)
[2025-09-02T19:49:51.903+0300][64.459s][debug][gc,heap     ] GC(33) Heap after GC invocations=34 (full 0):
[2025-09-02T19:49:51.903+0300][64.459s][debug][gc,heap     ] GC(33)  garbage-first heap   total 2097152K, used 1738528K [0x0000000780000000, 0x0000000800000000)
[2025-09-02T19:49:51.903+0300][64.459s][debug][gc,heap     ] GC(33)   region size 1024K, 5 young (5120K), 5 survivors (5120K)
[2025-09-02T19:49:51.903+0300][64.459s][debug][gc,heap     ] GC(33)  Metaspace       used 31394K, committed 31872K, reserved 1114112K
[2025-09-02T19:49:51.903+0300][64.459s][debug][gc,heap     ] GC(33)   class space    used 3824K, committed 4032K, reserved 1048576K
[2025-09-02T19:49:51.903+0300][64.459s][info ][gc          ] GC(33) Pause Young (Concurrent Start) (G1 Evacuation Pause) 1938M->1697M(2048M) 2.730ms
[2025-09-02T19:49:51.903+0300][64.459s][info ][gc          ] GC(34) Concurrent Mark Cycle
[2025-09-02T19:49:51.903+0300][64.459s][info ][gc,cpu      ] GC(33) User=0.01s Sys=0.01s Real=0.00s
[2025-09-02T19:49:51.903+0300][64.459s][info ][gc,marking  ] GC(34) Concurrent Scan Root Regions
[2025-09-02T19:49:51.903+0300][64.459s][info ][gc,marking  ] GC(34) Concurrent Scan Root Regions 0.436ms
[2025-09-02T19:49:51.903+0300][64.459s][info ][gc,marking  ] GC(34) Concurrent Mark
[2025-09-02T19:49:51.903+0300][64.459s][info ][gc,marking  ] GC(34) Concurrent Mark From Roots
[2025-09-02T19:49:51.903+0300][64.459s][info ][gc,task     ] GC(34) Using 3 workers of 3 for marking
[2025-09-02T19:49:51.951+0300][64.507s][info ][gc,marking  ] GC(34) Concurrent Mark From Roots 47.428ms
[2025-09-02T19:49:51.951+0300][64.507s][info ][gc,marking  ] GC(34) Concurrent Preclean
[2025-09-02T19:49:51.951+0300][64.507s][info ][gc,marking  ] GC(34) Concurrent Preclean 0.106ms
[2025-09-02T19:49:51.951+0300][64.507s][info ][gc,start    ] GC(34) Pause Remark
[2025-09-02T19:49:51.953+0300][64.509s][info ][gc          ] GC(34) Pause Remark 1704M->1704M(2048M) 2.276ms
[2025-09-02T19:49:51.953+0300][64.509s][info ][gc,cpu      ] GC(34) User=0.01s Sys=0.00s Real=0.00s
[2025-09-02T19:49:51.953+0300][64.509s][info ][gc,marking  ] GC(34) Concurrent Mark 50.077ms
[2025-09-02T19:49:51.953+0300][64.509s][info ][gc,marking  ] GC(34) Concurrent Rebuild Remembered Sets and Scrub Regions
[2025-09-02T19:49:51.983+0300][64.539s][info ][gc,marking  ] GC(34) Concurrent Rebuild Remembered Sets and Scrub Regions 29.706ms
[2025-09-02T19:49:51.983+0300][64.539s][info ][gc,start    ] GC(34) Pause Cleanup
[2025-09-02T19:49:51.983+0300][64.540s][info ][gc          ] GC(34) Pause Cleanup 1708M->1708M(2048M) 0.318ms
[2025-09-02T19:49:51.983+0300][64.540s][info ][gc,cpu      ] GC(34) User=0.00s Sys=0.00s Real=0.00s
[2025-09-02T19:49:51.984+0300][64.540s][info ][gc,marking  ] GC(34) Concurrent Clear Claimed Marks
[2025-09-02T19:49:51.984+0300][64.540s][info ][gc,marking  ] GC(34) Concurrent Clear Claimed Marks 0.058ms
[2025-09-02T19:49:51.984+0300][64.540s][info ][gc,marking  ] GC(34) Concurrent Cleanup for Next Mark
[2025-09-02T19:49:51.986+0300][64.542s][info ][gc,marking  ] GC(34) Concurrent Cleanup for Next Mark 2.060ms
[2025-09-02T19:49:51.986+0300][64.542s][info ][gc          ] GC(34) Concurrent Mark Cycle 83.037ms
[2025-09-02T19:49:53.856+0300][66.412s][info ][gc,start    ] GC(35) Pause Young (Prepare Mixed) (G1 Evacuation Pause)
[2025-09-02T19:49:53.856+0300][66.412s][debug][gc,heap     ] GC(35) Heap before GC invocations=35 (full 0):
[2025-09-02T19:49:53.856+0300][66.412s][debug][gc,heap     ] GC(35)  garbage-first heap   total 2097152K, used 1985312K [0x0000000780000000, 0x0000000800000000)
[2025-09-02T19:49:53.856+0300][66.412s][debug][gc,heap     ] GC(35)   region size 1024K, 246 young (251904K), 5 survivors (5120K)
[2025-09-02T19:49:53.856+0300][66.412s][debug][gc,heap     ] GC(35)  Metaspace       used 31417K, committed 31936K, reserved 1114112K
[2025-09-02T19:49:53.856+0300][66.412s][debug][gc,heap     ] GC(35)   class space    used 3824K, committed 4032K, reserved 1048576K
[2025-09-02T19:49:53.856+0300][66.412s][info ][gc,task     ] GC(35) Using 10 workers of 10 for evacuation
[2025-09-02T19:49:53.858+0300][66.414s][info ][gc,phases   ] GC(35)   Pre Evacuate Collection Set: 0.2ms
[2025-09-02T19:49:53.858+0300][66.414s][info ][gc,phases   ] GC(35)   Merge Heap Roots: 0.1ms
[2025-09-02T19:49:53.858+0300][66.414s][info ][gc,phases   ] GC(35)   Evacuate Collection Set: 1.2ms
[2025-09-02T19:49:53.858+0300][66.414s][info ][gc,phases   ] GC(35)   Post Evacuate Collection Set: 0.3ms
[2025-09-02T19:49:53.858+0300][66.414s][info ][gc,phases   ] GC(35)   Other: 0.1ms
[2025-09-02T19:49:53.858+0300][66.414s][info ][gc,heap     ] GC(35) Eden regions: 241->0(241)
[2025-09-02T19:49:53.858+0300][66.414s][info ][gc,heap     ] GC(35) Survivor regions: 5->5(31)
[2025-09-02T19:49:53.858+0300][66.414s][info ][gc,heap     ] GC(35) Old regions: 1686->1686
[2025-09-02T19:49:53.858+0300][66.414s][info ][gc,heap     ] GC(35) Humongous regions: 8->8
[2025-09-02T19:49:53.858+0300][66.414s][info ][gc,metaspace] GC(35) Metaspace: 31417K(31936K)->31417K(31936K) NonClass: 27592K(27904K)->27592K(27904K) Class: 3824K(4032K)->3824K(4032K)
[2025-09-02T19:49:53.858+0300][66.414s][debug][gc,heap     ] GC(35) Heap after GC invocations=36 (full 0):
[2025-09-02T19:49:53.858+0300][66.414s][debug][gc,heap     ] GC(35)  garbage-first heap   total 2097152K, used 1738609K [0x0000000780000000, 0x0000000800000000)
[2025-09-02T19:49:53.858+0300][66.414s][debug][gc,heap     ] GC(35)   region size 1024K, 5 young (5120K), 5 survivors (5120K)
[2025-09-02T19:49:53.858+0300][66.414s][debug][gc,heap     ] GC(35)  Metaspace       used 31417K, committed 31936K, reserved 1114112K
[2025-09-02T19:49:53.858+0300][66.414s][debug][gc,heap     ] GC(35)   class space    used 3824K, committed 4032K, reserved 1048576K
[2025-09-02T19:49:53.858+0300][66.414s][info ][gc          ] GC(35) Pause Young (Prepare Mixed) (G1 Evacuation Pause) 1938M->1697M(2048M) 2.319ms
[2025-09-02T19:49:53.858+0300][66.414s][info ][gc,cpu      ] GC(35) User=0.01s Sys=0.00s Real=0.00s
[2025-09-02T19:49:55.711+0300][68.267s][info ][gc,start    ] GC(36) Pause Young (Mixed) (G1 Evacuation Pause)
[2025-09-02T19:49:55.711+0300][68.267s][debug][gc,heap     ] GC(36) Heap before GC invocations=36 (full 0):
[2025-09-02T19:49:55.711+0300][68.267s][debug][gc,heap     ] GC(36)  garbage-first heap   total 2097152K, used 1985393K [0x0000000780000000, 0x0000000800000000)
[2025-09-02T19:49:55.711+0300][68.267s][debug][gc,heap     ] GC(36)   region size 1024K, 246 young (251904K), 5 survivors (5120K)
[2025-09-02T19:49:55.711+0300][68.267s][debug][gc,heap     ] GC(36)  Metaspace       used 31418K, committed 31936K, reserved 1114112K
[2025-09-02T19:49:55.711+0300][68.267s][debug][gc,heap     ] GC(36)   class space    used 3824K, committed 4032K, reserved 1048576K
[2025-09-02T19:49:55.711+0300][68.267s][info ][gc,task     ] GC(36) Using 10 workers of 10 for evacuation
[2025-09-02T19:49:55.713+0300][68.269s][info ][gc,phases   ] GC(36)   Pre Evacuate Collection Set: 0.2ms
[2025-09-02T19:49:55.713+0300][68.269s][info ][gc,phases   ] GC(36)   Merge Heap Roots: 0.1ms
[2025-09-02T19:49:55.713+0300][68.269s][info ][gc,phases   ] GC(36)   Evacuate Collection Set: 1.6ms
[2025-09-02T19:49:55.713+0300][68.269s][info ][gc,phases   ] GC(36)   Post Evacuate Collection Set: 0.2ms
[2025-09-02T19:49:55.713+0300][68.269s][info ][gc,phases   ] GC(36)   Other: 0.1ms
[2025-09-02T19:49:55.713+0300][68.269s][info ][gc,heap     ] GC(36) Eden regions: 241->0(244)
[2025-09-02T19:49:55.713+0300][68.269s][info ][gc,heap     ] GC(36) Survivor regions: 5->5(31)
[2025-09-02T19:49:55.713+0300][68.269s][info ][gc,heap     ] GC(36) Old regions: 1686->1683
[2025-09-02T19:49:55.713+0300][68.269s][info ][gc,heap     ] GC(36) Humongous regions: 8->8
[2025-09-02T19:49:55.713+0300][68.269s][info ][gc,metaspace] GC(36) Metaspace: 31418K(31936K)->31418K(31936K) NonClass: 27594K(27904K)->27594K(27904K) Class: 3824K(4032K)->3824K(4032K)
[2025-09-02T19:49:55.713+0300][68.269s][debug][gc,heap     ] GC(36) Heap after GC invocations=37 (full 0):
[2025-09-02T19:49:55.713+0300][68.269s][debug][gc,heap     ] GC(36)  garbage-first heap   total 2097152K, used 1735805K [0x0000000780000000, 0x0000000800000000)
[2025-09-02T19:49:55.713+0300][68.269s][debug][gc,heap     ] GC(36)   region size 1024K, 5 young (5120K), 5 survivors (5120K)
[2025-09-02T19:49:55.713+0300][68.269s][debug][gc,heap     ] GC(36)  Metaspace       used 31418K, committed 31936K, reserved 1114112K
[2025-09-02T19:49:55.713+0300][68.269s][debug][gc,heap     ] GC(36)   class space    used 3824K, committed 4032K, reserved 1048576K
[2025-09-02T19:49:55.713+0300][68.269s][info ][gc          ] GC(36) Pause Young (Mixed) (G1 Evacuation Pause) 1938M->1695M(2048M) 2.597ms
[2025-09-02T19:49:55.713+0300][68.269s][info ][gc,cpu      ] GC(36) User=0.01s Sys=0.01s Real=0.00s
[2025-09-02T19:50:23.072+0300][95.628s][info ][gc,heap,exit] Heap
[2025-09-02T19:50:23.072+0300][95.628s][info ][gc,heap,exit]  garbage-first heap   total 2097152K, used 1944724K [0x0000000780000000, 0x0000000800000000)
[2025-09-02T19:50:23.072+0300][95.628s][info ][gc,heap,exit]   region size 1024K, 210 young (215040K), 5 survivors (5120K)
[2025-09-02T19:50:23.072+0300][95.628s][info ][gc,heap,exit]  Metaspace       used 31586K, committed 32128K, reserved 1114112K
[2025-09-02T19:50:23.072+0300][95.628s][info ][gc,heap,exit]   class space    used 3854K, committed 4096K, reserved 1048576K
