[2025-09-02T14:49:38.542+0300][0.011s][info][gc,init] CardTable entry size: 512
[2025-09-02T14:49:38.542+0300][0.011s][debug][gc,heap] Minimum heap 2147483648  Initial heap 2147483648  Maximum heap 2147483648
[2025-09-02T14:49:38.542+0300][0.012s][info ][gc     ] Using G1
[2025-09-02T14:49:38.554+0300][0.023s][info ][gc,init] Version: 21.0.7+6-b1038.58 (release)
[2025-09-02T14:49:38.554+0300][0.023s][info ][gc,init] CPUs: 12 total, 12 available
[2025-09-02T14:49:38.554+0300][0.023s][info ][gc,init] Memory: 32768M
[2025-09-02T14:49:38.554+0300][0.023s][info ][gc,init] Large Page Support: Disabled
[2025-09-02T14:49:38.554+0300][0.023s][info ][gc,init] NUMA Support: Disabled
[2025-09-02T14:49:38.554+0300][0.023s][info ][gc,init] Compressed Oops: Enabled (Zero based)
[2025-09-02T14:49:38.554+0300][0.023s][info ][gc,init] Heap Region Size: 1M
[2025-09-02T14:49:38.554+0300][0.024s][info ][gc,init] Heap Min Capacity: 2G
[2025-09-02T14:49:38.554+0300][0.024s][info ][gc,init] Heap Initial Capacity: 2G
[2025-09-02T14:49:38.554+0300][0.024s][info ][gc,init] Heap Max Capacity: 2G
[2025-09-02T14:49:38.554+0300][0.024s][info ][gc,init] Pre-touch: Disabled
[2025-09-02T14:49:38.555+0300][0.024s][info ][gc,init] Parallel Workers: 10
[2025-09-02T14:49:38.555+0300][0.024s][info ][gc,init] Concurrent Workers: 3
[2025-09-02T14:49:38.555+0300][0.024s][info ][gc,init] Concurrent Refinement Workers: 10
[2025-09-02T14:49:38.555+0300][0.024s][info ][gc,init] Periodic GC: Disabled
[2025-09-02T14:49:38.575+0300][0.044s][info ][gc,metaspace] CDS archive(s) mapped at: [0x000000011f000000-0x0000000120c32000-0x0000000120c32000), size 29564928, SharedBaseAddress: 0x000000011f000000, ArchiveRelocationMode: 1.
[2025-09-02T14:49:38.575+0300][0.044s][info ][gc,metaspace] Compressed class space mapped at: 0x0000000121000000-0x0000000161000000, reserved size: 1073741824
[2025-09-02T14:49:38.575+0300][0.044s][info ][gc,metaspace] Narrow klass base: 0x000000011f000000, Narrow klass shift: 0, Narrow klass range: 0x100000000
[2025-09-02T14:49:39.613+0300][1.082s][info ][gc,start    ] GC(0) Pause Young (Normal) (G1 Evacuation Pause)
[2025-09-02T14:49:39.613+0300][1.082s][debug][gc,heap     ] GC(0) Heap before GC invocations=0 (full 0):
[2025-09-02T14:49:39.613+0300][1.082s][debug][gc,heap     ] GC(0)  garbage-first heap   total 2097152K, used 106660K [0x0000000780000000, 0x0000000800000000)
[2025-09-02T14:49:39.613+0300][1.082s][debug][gc,heap     ] GC(0)   region size 1024K, 102 young (104448K), 0 survivors (0K)
[2025-09-02T14:49:39.613+0300][1.082s][debug][gc,heap     ] GC(0)  Metaspace       used 15614K, committed 15936K, reserved 1114112K
[2025-09-02T14:49:39.613+0300][1.082s][debug][gc,heap     ] GC(0)   class space    used 1948K, committed 2112K, reserved 1048576K
[2025-09-02T14:49:39.614+0300][1.083s][info ][gc,task     ] GC(0) Using 10 workers of 10 for evacuation
[2025-09-02T14:49:39.620+0300][1.089s][info ][gc,phases   ] GC(0)   Pre Evacuate Collection Set: 0.2ms
[2025-09-02T14:49:39.620+0300][1.089s][info ][gc,phases   ] GC(0)   Merge Heap Roots: 0.1ms
[2025-09-02T14:49:39.620+0300][1.089s][info ][gc,phases   ] GC(0)   Evacuate Collection Set: 3.6ms
[2025-09-02T14:49:39.620+0300][1.089s][info ][gc,phases   ] GC(0)   Post Evacuate Collection Set: 0.9ms
[2025-09-02T14:49:39.620+0300][1.089s][info ][gc,phases   ] GC(0)   Other: 0.8ms
[2025-09-02T14:49:39.620+0300][1.089s][info ][gc,heap     ] GC(0) Eden regions: 102->0(101)
[2025-09-02T14:49:39.620+0300][1.089s][info ][gc,heap     ] GC(0) Survivor regions: 0->7(13)
[2025-09-02T14:49:39.620+0300][1.089s][info ][gc,heap     ] GC(0) Old regions: 3->3
[2025-09-02T14:49:39.620+0300][1.089s][info ][gc,heap     ] GC(0) Humongous regions: 0->0
[2025-09-02T14:49:39.620+0300][1.089s][info ][gc,metaspace] GC(0) Metaspace: 15614K(15936K)->15614K(15936K) NonClass: 13666K(13824K)->13666K(13824K) Class: 1948K(2112K)->1948K(2112K)
[2025-09-02T14:49:39.620+0300][1.089s][debug][gc,heap     ] GC(0) Heap after GC invocations=1 (full 0):
[2025-09-02T14:49:39.620+0300][1.089s][debug][gc,heap     ] GC(0)  garbage-first heap   total 2097152K, used 9060K [0x0000000780000000, 0x0000000800000000)
[2025-09-02T14:49:39.620+0300][1.089s][debug][gc,heap     ] GC(0)   region size 1024K, 7 young (7168K), 7 survivors (7168K)
[2025-09-02T14:49:39.620+0300][1.089s][debug][gc,heap     ] GC(0)  Metaspace       used 15614K, committed 15936K, reserved 1114112K
[2025-09-02T14:49:39.620+0300][1.089s][debug][gc,heap     ] GC(0)   class space    used 1948K, committed 2112K, reserved 1048576K
[2025-09-02T14:49:39.620+0300][1.089s][info ][gc          ] GC(0) Pause Young (Normal) (G1 Evacuation Pause) 104M->8M(2048M) 7.027ms
[2025-09-02T14:49:39.620+0300][1.089s][info ][gc,cpu      ] GC(0) User=0.04s Sys=0.01s Real=0.01s
[2025-09-02T14:49:40.142+0300][1.612s][info ][gc,start    ] GC(1) Pause Young (Concurrent Start) (Metadata GC Threshold)
[2025-09-02T14:49:40.143+0300][1.612s][debug][gc,heap     ] GC(1) Heap before GC invocations=1 (full 0):
[2025-09-02T14:49:40.143+0300][1.612s][debug][gc,heap     ] GC(1)  garbage-first heap   total 2097152K, used 52068K [0x0000000780000000, 0x0000000800000000)
[2025-09-02T14:49:40.143+0300][1.612s][debug][gc,heap     ] GC(1)   region size 1024K, 50 young (51200K), 7 survivors (7168K)
[2025-09-02T14:49:40.143+0300][1.612s][debug][gc,heap     ] GC(1)  Metaspace       used 21134K, committed 21504K, reserved 1114112K
[2025-09-02T14:49:40.143+0300][1.612s][debug][gc,heap     ] GC(1)   class space    used 2695K, committed 2880K, reserved 1048576K
[2025-09-02T14:49:40.143+0300][1.612s][info ][gc,task     ] GC(1) Using 10 workers of 10 for evacuation
[2025-09-02T14:49:40.148+0300][1.618s][info ][gc,phases   ] GC(1)   Pre Evacuate Collection Set: 0.2ms
[2025-09-02T14:49:40.148+0300][1.618s][info ][gc,phases   ] GC(1)   Merge Heap Roots: 0.1ms
[2025-09-02T14:49:40.149+0300][1.618s][info ][gc,phases   ] GC(1)   Evacuate Collection Set: 4.7ms
[2025-09-02T14:49:40.149+0300][1.618s][info ][gc,phases   ] GC(1)   Post Evacuate Collection Set: 0.8ms
[2025-09-02T14:49:40.149+0300][1.618s][info ][gc,phases   ] GC(1)   Other: 0.1ms
[2025-09-02T14:49:40.149+0300][1.618s][info ][gc,heap     ] GC(1) Eden regions: 43->0(132)
[2025-09-02T14:49:40.149+0300][1.618s][info ][gc,heap     ] GC(1) Survivor regions: 7->10(14)
[2025-09-02T14:49:40.149+0300][1.618s][info ][gc,heap     ] GC(1) Old regions: 3->3
[2025-09-02T14:49:40.149+0300][1.618s][info ][gc,heap     ] GC(1) Humongous regions: 0->0
[2025-09-02T14:49:40.149+0300][1.618s][info ][gc,metaspace] GC(1) Metaspace: 21134K(21504K)->21134K(21504K) NonClass: 18439K(18624K)->18439K(18624K) Class: 2695K(2880K)->2695K(2880K)
[2025-09-02T14:49:40.149+0300][1.618s][debug][gc,heap     ] GC(1) Heap after GC invocations=2 (full 0):
[2025-09-02T14:49:40.149+0300][1.618s][debug][gc,heap     ] GC(1)  garbage-first heap   total 2097152K, used 11683K [0x0000000780000000, 0x0000000800000000)
[2025-09-02T14:49:40.149+0300][1.618s][debug][gc,heap     ] GC(1)   region size 1024K, 10 young (10240K), 10 survivors (10240K)
[2025-09-02T14:49:40.149+0300][1.618s][debug][gc,heap     ] GC(1)  Metaspace       used 21134K, committed 21504K, reserved 1114112K
[2025-09-02T14:49:40.149+0300][1.618s][debug][gc,heap     ] GC(1)   class space    used 2695K, committed 2880K, reserved 1048576K
[2025-09-02T14:49:40.149+0300][1.618s][info ][gc          ] GC(1) Pause Young (Concurrent Start) (Metadata GC Threshold) 51M->11M(2048M) 6.216ms
[2025-09-02T14:49:40.149+0300][1.618s][info ][gc,cpu      ] GC(1) User=0.05s Sys=0.00s Real=0.00s
[2025-09-02T14:49:40.149+0300][1.618s][info ][gc          ] GC(2) Concurrent Mark Cycle
[2025-09-02T14:49:40.149+0300][1.618s][info ][gc,marking  ] GC(2) Concurrent Scan Root Regions
[2025-09-02T14:49:40.152+0300][1.622s][info ][gc,marking  ] GC(2) Concurrent Scan Root Regions 3.413ms
[2025-09-02T14:49:40.152+0300][1.622s][info ][gc,marking  ] GC(2) Concurrent Mark
[2025-09-02T14:49:40.152+0300][1.622s][info ][gc,marking  ] GC(2) Concurrent Mark From Roots
[2025-09-02T14:49:40.152+0300][1.622s][info ][gc,task     ] GC(2) Using 3 workers of 3 for marking
[2025-09-02T14:49:40.155+0300][1.624s][info ][gc,marking  ] GC(2) Concurrent Mark From Roots 2.531ms
[2025-09-02T14:49:40.155+0300][1.624s][info ][gc,marking  ] GC(2) Concurrent Preclean
[2025-09-02T14:49:40.155+0300][1.624s][info ][gc,marking  ] GC(2) Concurrent Preclean 0.021ms
[2025-09-02T14:49:40.155+0300][1.624s][info ][gc,start    ] GC(2) Pause Remark
[2025-09-02T14:49:40.157+0300][1.626s][info ][gc          ] GC(2) Pause Remark 12M->12M(2048M) 2.071ms
[2025-09-02T14:49:40.157+0300][1.626s][info ][gc,cpu      ] GC(2) User=0.01s Sys=0.01s Real=0.00s
[2025-09-02T14:49:40.157+0300][1.627s][info ][gc,marking  ] GC(2) Concurrent Mark 4.878ms
[2025-09-02T14:49:40.157+0300][1.627s][info ][gc,marking  ] GC(2) Concurrent Rebuild Remembered Sets and Scrub Regions
[2025-09-02T14:49:40.158+0300][1.628s][info ][gc,marking  ] GC(2) Concurrent Rebuild Remembered Sets and Scrub Regions 1.073ms
[2025-09-02T14:49:40.159+0300][1.628s][info ][gc,start    ] GC(2) Pause Cleanup
[2025-09-02T14:49:40.159+0300][1.628s][info ][gc          ] GC(2) Pause Cleanup 12M->12M(2048M) 0.203ms
[2025-09-02T14:49:40.159+0300][1.628s][info ][gc,cpu      ] GC(2) User=0.00s Sys=0.00s Real=0.00s
[2025-09-02T14:49:40.159+0300][1.628s][info ][gc,marking  ] GC(2) Concurrent Clear Claimed Marks
[2025-09-02T14:49:40.159+0300][1.628s][info ][gc,marking  ] GC(2) Concurrent Clear Claimed Marks 0.041ms
[2025-09-02T14:49:40.159+0300][1.628s][info ][gc,marking  ] GC(2) Concurrent Cleanup for Next Mark
[2025-09-02T14:49:40.169+0300][1.638s][info ][gc,marking  ] GC(2) Concurrent Cleanup for Next Mark 9.978ms
[2025-09-02T14:49:40.169+0300][1.638s][info ][gc          ] GC(2) Concurrent Mark Cycle 20.165ms
[2025-09-02T19:27:18.351+0300][12123.684s][info ][gc,start    ] GC(3) Pause Young (Prepare Mixed) (G1 Evacuation Pause)
[2025-09-02T19:27:18.351+0300][12123.684s][debug][gc,heap     ] GC(3) Heap before GC invocations=3 (full 0):
[2025-09-02T19:27:18.351+0300][12123.684s][debug][gc,heap     ] GC(3)  garbage-first heap   total 2097152K, used 146851K [0x0000000780000000, 0x0000000800000000)
[2025-09-02T19:27:18.351+0300][12123.684s][debug][gc,heap     ] GC(3)   region size 1024K, 142 young (145408K), 10 survivors (10240K)
[2025-09-02T19:27:18.351+0300][12123.684s][debug][gc,heap     ] GC(3)  Metaspace       used 27909K, committed 28416K, reserved 1114112K
[2025-09-02T19:27:18.351+0300][12123.684s][debug][gc,heap     ] GC(3)   class space    used 3560K, committed 3776K, reserved 1048576K
[2025-09-02T19:27:18.351+0300][12123.684s][info ][gc,task     ] GC(3) Using 10 workers of 10 for evacuation
[2025-09-02T19:27:18.399+0300][12123.732s][info ][gc,phases   ] GC(3)   Pre Evacuate Collection Set: 0.4ms
[2025-09-02T19:27:18.399+0300][12123.732s][info ][gc,phases   ] GC(3)   Merge Heap Roots: 0.2ms
[2025-09-02T19:27:18.399+0300][12123.732s][info ][gc,phases   ] GC(3)   Evacuate Collection Set: 46.2ms
[2025-09-02T19:27:18.399+0300][12123.732s][info ][gc,phases   ] GC(3)   Post Evacuate Collection Set: 0.9ms
[2025-09-02T19:27:18.399+0300][12123.732s][info ][gc,phases   ] GC(3)   Other: 0.1ms
[2025-09-02T19:27:18.399+0300][12123.732s][info ][gc,heap     ] GC(3) Eden regions: 132->0(84)
[2025-09-02T19:27:18.399+0300][12123.732s][info ][gc,heap     ] GC(3) Survivor regions: 10->18(18)
[2025-09-02T19:27:18.399+0300][12123.732s][info ][gc,heap     ] GC(3) Old regions: 3->73
[2025-09-02T19:27:18.399+0300][12123.732s][info ][gc,heap     ] GC(3) Humongous regions: 0->0
[2025-09-02T19:27:18.399+0300][12123.732s][info ][gc,metaspace] GC(3) Metaspace: 27909K(28416K)->27909K(28416K) NonClass: 24348K(24640K)->24348K(24640K) Class: 3560K(3776K)->3560K(3776K)
[2025-09-02T19:27:18.399+0300][12123.732s][debug][gc,heap     ] GC(3) Heap after GC invocations=4 (full 0):
[2025-09-02T19:27:18.399+0300][12123.732s][debug][gc,heap     ] GC(3)  garbage-first heap   total 2097152K, used 92282K [0x0000000780000000, 0x0000000800000000)
[2025-09-02T19:27:18.399+0300][12123.732s][debug][gc,heap     ] GC(3)   region size 1024K, 18 young (18432K), 18 survivors (18432K)
[2025-09-02T19:27:18.399+0300][12123.732s][debug][gc,heap     ] GC(3)  Metaspace       used 27909K, committed 28416K, reserved 1114112K
[2025-09-02T19:27:18.399+0300][12123.732s][debug][gc,heap     ] GC(3)   class space    used 3560K, committed 3776K, reserved 1048576K
[2025-09-02T19:27:18.399+0300][12123.732s][info ][gc          ] GC(3) Pause Young (Prepare Mixed) (G1 Evacuation Pause) 143M->90M(2048M) 48.299ms
[2025-09-02T19:27:18.399+0300][12123.732s][info ][gc,cpu      ] GC(3) User=0.10s Sys=0.28s Real=0.04s
[2025-09-02T19:27:18.510+0300][12123.842s][info ][gc,start    ] GC(4) Pause Young (Mixed) (G1 Evacuation Pause)
[2025-09-02T19:27:18.510+0300][12123.842s][debug][gc,heap     ] GC(4) Heap before GC invocations=4 (full 0):
[2025-09-02T19:27:18.510+0300][12123.842s][debug][gc,heap     ] GC(4)  garbage-first heap   total 2097152K, used 178298K [0x0000000780000000, 0x0000000800000000)
[2025-09-02T19:27:18.510+0300][12123.842s][debug][gc,heap     ] GC(4)   region size 1024K, 102 young (104448K), 18 survivors (18432K)
[2025-09-02T19:27:18.510+0300][12123.842s][debug][gc,heap     ] GC(4)  Metaspace       used 27909K, committed 28416K, reserved 1114112K
[2025-09-02T19:27:18.510+0300][12123.842s][debug][gc,heap     ] GC(4)   class space    used 3560K, committed 3776K, reserved 1048576K
[2025-09-02T19:27:18.510+0300][12123.842s][info ][gc,task     ] GC(4) Using 10 workers of 10 for evacuation
[2025-09-02T19:27:18.554+0300][12123.887s][info ][gc,phases   ] GC(4)   Pre Evacuate Collection Set: 0.2ms
[2025-09-02T19:27:18.554+0300][12123.887s][info ][gc,phases   ] GC(4)   Merge Heap Roots: 0.1ms
[2025-09-02T19:27:18.555+0300][12123.887s][info ][gc,phases   ] GC(4)   Evacuate Collection Set: 43.5ms
[2025-09-02T19:27:18.555+0300][12123.887s][info ][gc,phases   ] GC(4)   Post Evacuate Collection Set: 0.8ms
[2025-09-02T19:27:18.555+0300][12123.887s][info ][gc,phases   ] GC(4)   Other: 0.1ms
[2025-09-02T19:27:18.555+0300][12123.887s][info ][gc,heap     ] GC(4) Eden regions: 84->0(89)
[2025-09-02T19:27:18.555+0300][12123.887s][info ][gc,heap     ] GC(4) Survivor regions: 18->13(13)
[2025-09-02T19:27:18.555+0300][12123.887s][info ][gc,heap     ] GC(4) Old regions: 73->162
[2025-09-02T19:27:18.555+0300][12123.887s][info ][gc,heap     ] GC(4) Humongous regions: 0->0
[2025-09-02T19:27:18.555+0300][12123.887s][info ][gc,metaspace] GC(4) Metaspace: 27909K(28416K)->27909K(28416K) NonClass: 24348K(24640K)->24348K(24640K) Class: 3560K(3776K)->3560K(3776K)
[2025-09-02T19:27:18.555+0300][12123.887s][debug][gc,heap     ] GC(4) Heap after GC invocations=5 (full 0):
[2025-09-02T19:27:18.555+0300][12123.887s][debug][gc,heap     ] GC(4)  garbage-first heap   total 2097152K, used 179200K [0x0000000780000000, 0x0000000800000000)
[2025-09-02T19:27:18.555+0300][12123.887s][debug][gc,heap     ] GC(4)   region size 1024K, 13 young (13312K), 13 survivors (13312K)
[2025-09-02T19:27:18.555+0300][12123.887s][debug][gc,heap     ] GC(4)  Metaspace       used 27909K, committed 28416K, reserved 1114112K
[2025-09-02T19:27:18.555+0300][12123.887s][debug][gc,heap     ] GC(4)   class space    used 3560K, committed 3776K, reserved 1048576K
[2025-09-02T19:27:18.555+0300][12123.887s][info ][gc          ] GC(4) Pause Young (Mixed) (G1 Evacuation Pause) 174M->175M(2048M) 44.990ms
[2025-09-02T19:27:18.555+0300][12123.887s][info ][gc,cpu      ] GC(4) User=0.10s Sys=0.19s Real=0.04s
[2025-09-02T19:27:18.652+0300][12123.984s][info ][gc,start    ] GC(5) Pause Young (Normal) (G1 Evacuation Pause)
[2025-09-02T19:27:18.652+0300][12123.984s][debug][gc,heap     ] GC(5) Heap before GC invocations=5 (full 0):
[2025-09-02T19:27:18.652+0300][12123.984s][debug][gc,heap     ] GC(5)  garbage-first heap   total 2097152K, used 271360K [0x0000000780000000, 0x0000000800000000)
[2025-09-02T19:27:18.652+0300][12123.984s][debug][gc,heap     ] GC(5)   region size 1024K, 102 young (104448K), 13 survivors (13312K)
[2025-09-02T19:27:18.652+0300][12123.984s][debug][gc,heap     ] GC(5)  Metaspace       used 27915K, committed 28416K, reserved 1114112K
[2025-09-02T19:27:18.652+0300][12123.984s][debug][gc,heap     ] GC(5)   class space    used 3560K, committed 3776K, reserved 1048576K
[2025-09-02T19:27:18.652+0300][12123.984s][info ][gc,task     ] GC(5) Using 10 workers of 10 for evacuation
[2025-09-02T19:27:18.692+0300][12124.024s][info ][gc,phases   ] GC(5)   Pre Evacuate Collection Set: 0.1ms
[2025-09-02T19:27:18.692+0300][12124.024s][info ][gc,phases   ] GC(5)   Merge Heap Roots: 0.1ms
[2025-09-02T19:27:18.692+0300][12124.024s][info ][gc,phases   ] GC(5)   Evacuate Collection Set: 39.6ms
[2025-09-02T19:27:18.692+0300][12124.024s][info ][gc,phases   ] GC(5)   Post Evacuate Collection Set: 0.3ms
[2025-09-02T19:27:18.692+0300][12124.024s][info ][gc,phases   ] GC(5)   Other: 0.1ms
[2025-09-02T19:27:18.692+0300][12124.024s][info ][gc,heap     ] GC(5) Eden regions: 89->0(89)
[2025-09-02T19:27:18.692+0300][12124.024s][info ][gc,heap     ] GC(5) Survivor regions: 13->13(13)
[2025-09-02T19:27:18.692+0300][12124.024s][info ][gc,heap     ] GC(5) Old regions: 162->254
[2025-09-02T19:27:18.692+0300][12124.024s][info ][gc,heap     ] GC(5) Humongous regions: 1->1
[2025-09-02T19:27:18.692+0300][12124.025s][info ][gc,metaspace] GC(5) Metaspace: 27915K(28416K)->27915K(28416K) NonClass: 24354K(24640K)->24354K(24640K) Class: 3560K(3776K)->3560K(3776K)
[2025-09-02T19:27:18.692+0300][12124.025s][debug][gc,heap     ] GC(5) Heap after GC invocations=6 (full 0):
[2025-09-02T19:27:18.692+0300][12124.025s][debug][gc,heap     ] GC(5)  garbage-first heap   total 2097152K, used 273920K [0x0000000780000000, 0x0000000800000000)
[2025-09-02T19:27:18.692+0300][12124.025s][debug][gc,heap     ] GC(5)   region size 1024K, 13 young (13312K), 13 survivors (13312K)
[2025-09-02T19:27:18.692+0300][12124.025s][debug][gc,heap     ] GC(5)  Metaspace       used 27915K, committed 28416K, reserved 1114112K
[2025-09-02T19:27:18.692+0300][12124.025s][debug][gc,heap     ] GC(5)   class space    used 3560K, committed 3776K, reserved 1048576K
[2025-09-02T19:27:18.692+0300][12124.025s][info ][gc          ] GC(5) Pause Young (Normal) (G1 Evacuation Pause) 265M->267M(2048M) 40.494ms
[2025-09-02T19:27:18.692+0300][12124.025s][info ][gc,cpu      ] GC(5) User=0.08s Sys=0.24s Real=0.04s
[2025-09-02T19:27:18.783+0300][12124.115s][info ][gc,start    ] GC(6) Pause Young (Normal) (G1 Evacuation Pause)
[2025-09-02T19:27:18.783+0300][12124.115s][debug][gc,heap     ] GC(6) Heap before GC invocations=6 (full 0):
[2025-09-02T19:27:18.783+0300][12124.115s][debug][gc,heap     ] GC(6)  garbage-first heap   total 2097152K, used 365056K [0x0000000780000000, 0x0000000800000000)
[2025-09-02T19:27:18.783+0300][12124.115s][debug][gc,heap     ] GC(6)   region size 1024K, 102 young (104448K), 13 survivors (13312K)
[2025-09-02T19:27:18.783+0300][12124.115s][debug][gc,heap     ] GC(6)  Metaspace       used 27915K, committed 28416K, reserved 1114112K
[2025-09-02T19:27:18.783+0300][12124.115s][debug][gc,heap     ] GC(6)   class space    used 3560K, committed 3776K, reserved 1048576K
[2025-09-02T19:27:18.783+0300][12124.115s][info ][gc,task     ] GC(6) Using 10 workers of 10 for evacuation
[2025-09-02T19:27:18.819+0300][12124.152s][info ][gc,phases   ] GC(6)   Pre Evacuate Collection Set: 0.2ms
[2025-09-02T19:27:18.819+0300][12124.152s][info ][gc,phases   ] GC(6)   Merge Heap Roots: 0.1ms
[2025-09-02T19:27:18.819+0300][12124.152s][info ][gc,phases   ] GC(6)   Evacuate Collection Set: 35.6ms
[2025-09-02T19:27:18.819+0300][12124.152s][info ][gc,phases   ] GC(6)   Post Evacuate Collection Set: 0.2ms
[2025-09-02T19:27:18.819+0300][12124.152s][info ][gc,phases   ] GC(6)   Other: 0.1ms
[2025-09-02T19:27:18.819+0300][12124.152s][info ][gc,heap     ] GC(6) Eden regions: 89->0(89)
[2025-09-02T19:27:18.819+0300][12124.152s][info ][gc,heap     ] GC(6) Survivor regions: 13->13(13)
[2025-09-02T19:27:18.819+0300][12124.152s][info ][gc,heap     ] GC(6) Old regions: 254->346
[2025-09-02T19:27:18.819+0300][12124.152s][info ][gc,heap     ] GC(6) Humongous regions: 1->1
[2025-09-02T19:27:18.819+0300][12124.152s][info ][gc,metaspace] GC(6) Metaspace: 27915K(28416K)->27915K(28416K) NonClass: 24354K(24640K)->24354K(24640K) Class: 3560K(3776K)->3560K(3776K)
[2025-09-02T19:27:18.819+0300][12124.152s][debug][gc,heap     ] GC(6) Heap after GC invocations=7 (full 0):
[2025-09-02T19:27:18.819+0300][12124.152s][debug][gc,heap     ] GC(6)  garbage-first heap   total 2097152K, used 368128K [0x0000000780000000, 0x0000000800000000)
[2025-09-02T19:27:18.819+0300][12124.152s][debug][gc,heap     ] GC(6)   region size 1024K, 13 young (13312K), 13 survivors (13312K)
[2025-09-02T19:27:18.819+0300][12124.152s][debug][gc,heap     ] GC(6)  Metaspace       used 27915K, committed 28416K, reserved 1114112K
[2025-09-02T19:27:18.819+0300][12124.152s][debug][gc,heap     ] GC(6)   class space    used 3560K, committed 3776K, reserved 1048576K
[2025-09-02T19:27:18.819+0300][12124.152s][info ][gc          ] GC(6) Pause Young (Normal) (G1 Evacuation Pause) 356M->359M(2048M) 36.532ms
[2025-09-02T19:27:18.819+0300][12124.152s][info ][gc,cpu      ] GC(6) User=0.07s Sys=0.21s Real=0.03s
[2025-09-02T19:27:18.919+0300][12124.251s][info ][gc,start    ] GC(7) Pause Young (Normal) (G1 Evacuation Pause)
[2025-09-02T19:27:18.919+0300][12124.251s][debug][gc,heap     ] GC(7) Heap before GC invocations=7 (full 0):
[2025-09-02T19:27:18.919+0300][12124.252s][debug][gc,heap     ] GC(7)  garbage-first heap   total 2097152K, used 461312K [0x0000000780000000, 0x0000000800000000)
[2025-09-02T19:27:18.919+0300][12124.252s][debug][gc,heap     ] GC(7)   region size 1024K, 102 young (104448K), 13 survivors (13312K)
[2025-09-02T19:27:18.919+0300][12124.252s][debug][gc,heap     ] GC(7)  Metaspace       used 27915K, committed 28416K, reserved 1114112K
[2025-09-02T19:27:18.919+0300][12124.252s][debug][gc,heap     ] GC(7)   class space    used 3560K, committed 3776K, reserved 1048576K
[2025-09-02T19:27:18.919+0300][12124.252s][info ][gc,task     ] GC(7) Using 10 workers of 10 for evacuation
[2025-09-02T19:27:18.958+0300][12124.291s][info ][gc,phases   ] GC(7)   Pre Evacuate Collection Set: 0.2ms
[2025-09-02T19:27:18.958+0300][12124.291s][info ][gc,phases   ] GC(7)   Merge Heap Roots: 0.1ms
[2025-09-02T19:27:18.958+0300][12124.291s][info ][gc,phases   ] GC(7)   Evacuate Collection Set: 38.4ms
[2025-09-02T19:27:18.958+0300][12124.291s][info ][gc,phases   ] GC(7)   Post Evacuate Collection Set: 0.3ms
[2025-09-02T19:27:18.958+0300][12124.291s][info ][gc,phases   ] GC(7)   Other: 0.0ms
[2025-09-02T19:27:18.958+0300][12124.291s][info ][gc,heap     ] GC(7) Eden regions: 89->0(89)
[2025-09-02T19:27:18.958+0300][12124.291s][info ][gc,heap     ] GC(7) Survivor regions: 13->13(13)
[2025-09-02T19:27:18.958+0300][12124.291s][info ][gc,heap     ] GC(7) Old regions: 346->438
[2025-09-02T19:27:18.958+0300][12124.291s][info ][gc,heap     ] GC(7) Humongous regions: 3->3
[2025-09-02T19:27:18.958+0300][12124.291s][info ][gc,metaspace] GC(7) Metaspace: 27915K(28416K)->27915K(28416K) NonClass: 24354K(24640K)->24354K(24640K) Class: 3560K(3776K)->3560K(3776K)
[2025-09-02T19:27:18.958+0300][12124.291s][debug][gc,heap     ] GC(7) Heap after GC invocations=8 (full 0):
[2025-09-02T19:27:18.958+0300][12124.291s][debug][gc,heap     ] GC(7)  garbage-first heap   total 2097152K, used 464384K [0x0000000780000000, 0x0000000800000000)
[2025-09-02T19:27:18.958+0300][12124.291s][debug][gc,heap     ] GC(7)   region size 1024K, 13 young (13312K), 13 survivors (13312K)
[2025-09-02T19:27:18.958+0300][12124.291s][debug][gc,heap     ] GC(7)  Metaspace       used 27915K, committed 28416K, reserved 1114112K
[2025-09-02T19:27:18.958+0300][12124.291s][debug][gc,heap     ] GC(7)   class space    used 3560K, committed 3776K, reserved 1048576K
[2025-09-02T19:27:18.958+0300][12124.291s][info ][gc          ] GC(7) Pause Young (Normal) (G1 Evacuation Pause) 450M->453M(2048M) 39.342ms
[2025-09-02T19:27:18.958+0300][12124.291s][info ][gc,cpu      ] GC(7) User=0.10s Sys=0.23s Real=0.04s
[2025-09-02T19:27:19.046+0300][12124.378s][info ][gc,start    ] GC(8) Pause Young (Normal) (G1 Evacuation Pause)
[2025-09-02T19:27:19.046+0300][12124.378s][debug][gc,heap     ] GC(8) Heap before GC invocations=8 (full 0):
[2025-09-02T19:27:19.046+0300][12124.378s][debug][gc,heap     ] GC(8)  garbage-first heap   total 2097152K, used 555520K [0x0000000780000000, 0x0000000800000000)
[2025-09-02T19:27:19.046+0300][12124.378s][debug][gc,heap     ] GC(8)   region size 1024K, 102 young (104448K), 13 survivors (13312K)
[2025-09-02T19:27:19.046+0300][12124.378s][debug][gc,heap     ] GC(8)  Metaspace       used 27915K, committed 28416K, reserved 1114112K
[2025-09-02T19:27:19.046+0300][12124.378s][debug][gc,heap     ] GC(8)   class space    used 3560K, committed 3776K, reserved 1048576K
[2025-09-02T19:27:19.046+0300][12124.378s][info ][gc,task     ] GC(8) Using 10 workers of 10 for evacuation
[2025-09-02T19:27:19.082+0300][12124.414s][info ][gc,phases   ] GC(8)   Pre Evacuate Collection Set: 0.2ms
[2025-09-02T19:27:19.082+0300][12124.414s][info ][gc,phases   ] GC(8)   Merge Heap Roots: 0.1ms
[2025-09-02T19:27:19.082+0300][12124.414s][info ][gc,phases   ] GC(8)   Evacuate Collection Set: 35.2ms
[2025-09-02T19:27:19.082+0300][12124.414s][info ][gc,phases   ] GC(8)   Post Evacuate Collection Set: 0.4ms
[2025-09-02T19:27:19.082+0300][12124.414s][info ][gc,phases   ] GC(8)   Other: 0.0ms
[2025-09-02T19:27:19.082+0300][12124.414s][info ][gc,heap     ] GC(8) Eden regions: 89->0(89)
[2025-09-02T19:27:19.082+0300][12124.414s][info ][gc,heap     ] GC(8) Survivor regions: 13->13(13)
[2025-09-02T19:27:19.082+0300][12124.414s][info ][gc,heap     ] GC(8) Old regions: 438->529
[2025-09-02T19:27:19.082+0300][12124.414s][info ][gc,heap     ] GC(8) Humongous regions: 3->3
[2025-09-02T19:27:19.082+0300][12124.414s][info ][gc,metaspace] GC(8) Metaspace: 27915K(28416K)->27915K(28416K) NonClass: 24354K(24640K)->24354K(24640K) Class: 3560K(3776K)->3560K(3776K)
[2025-09-02T19:27:19.082+0300][12124.414s][debug][gc,heap     ] GC(8) Heap after GC invocations=9 (full 0):
[2025-09-02T19:27:19.082+0300][12124.414s][debug][gc,heap     ] GC(8)  garbage-first heap   total 2097152K, used 557568K [0x0000000780000000, 0x0000000800000000)
[2025-09-02T19:27:19.082+0300][12124.414s][debug][gc,heap     ] GC(8)   region size 1024K, 13 young (13312K), 13 survivors (13312K)
[2025-09-02T19:27:19.082+0300][12124.414s][debug][gc,heap     ] GC(8)  Metaspace       used 27915K, committed 28416K, reserved 1114112K
[2025-09-02T19:27:19.082+0300][12124.414s][debug][gc,heap     ] GC(8)   class space    used 3560K, committed 3776K, reserved 1048576K
[2025-09-02T19:27:19.082+0300][12124.414s][info ][gc          ] GC(8) Pause Young (Normal) (G1 Evacuation Pause) 542M->544M(2048M) 36.327ms
[2025-09-02T19:27:19.082+0300][12124.414s][info ][gc,cpu      ] GC(8) User=0.08s Sys=0.21s Real=0.04s
[2025-09-02T19:27:19.164+0300][12124.497s][info ][gc,start    ] GC(9) Pause Young (Normal) (G1 Evacuation Pause)
[2025-09-02T19:27:19.164+0300][12124.497s][debug][gc,heap     ] GC(9) Heap before GC invocations=9 (full 0):
[2025-09-02T19:27:19.164+0300][12124.497s][debug][gc,heap     ] GC(9)  garbage-first heap   total 2097152K, used 648704K [0x0000000780000000, 0x0000000800000000)
[2025-09-02T19:27:19.164+0300][12124.497s][debug][gc,heap     ] GC(9)   region size 1024K, 102 young (104448K), 13 survivors (13312K)
[2025-09-02T19:27:19.164+0300][12124.497s][debug][gc,heap     ] GC(9)  Metaspace       used 27915K, committed 28416K, reserved 1114112K
[2025-09-02T19:27:19.164+0300][12124.497s][debug][gc,heap     ] GC(9)   class space    used 3560K, committed 3776K, reserved 1048576K
[2025-09-02T19:27:19.164+0300][12124.497s][info ][gc,task     ] GC(9) Using 10 workers of 10 for evacuation
[2025-09-02T19:27:19.197+0300][12124.530s][info ][gc,phases   ] GC(9)   Pre Evacuate Collection Set: 0.2ms
[2025-09-02T19:27:19.197+0300][12124.530s][info ][gc,phases   ] GC(9)   Merge Heap Roots: 0.1ms
[2025-09-02T19:27:19.197+0300][12124.530s][info ][gc,phases   ] GC(9)   Evacuate Collection Set: 32.4ms
[2025-09-02T19:27:19.197+0300][12124.530s][info ][gc,phases   ] GC(9)   Post Evacuate Collection Set: 0.3ms
[2025-09-02T19:27:19.197+0300][12124.530s][info ][gc,phases   ] GC(9)   Other: 0.1ms
[2025-09-02T19:27:19.197+0300][12124.530s][info ][gc,heap     ] GC(9) Eden regions: 89->0(89)
[2025-09-02T19:27:19.197+0300][12124.530s][info ][gc,heap     ] GC(9) Survivor regions: 13->13(13)
[2025-09-02T19:27:19.198+0300][12124.530s][info ][gc,heap     ] GC(9) Old regions: 529->620
[2025-09-02T19:27:19.198+0300][12124.530s][info ][gc,heap     ] GC(9) Humongous regions: 3->3
[2025-09-02T19:27:19.198+0300][12124.530s][info ][gc,metaspace] GC(9) Metaspace: 27915K(28416K)->27915K(28416K) NonClass: 24354K(24640K)->24354K(24640K) Class: 3560K(3776K)->3560K(3776K)
[2025-09-02T19:27:19.198+0300][12124.530s][debug][gc,heap     ] GC(9) Heap after GC invocations=10 (full 0):
[2025-09-02T19:27:19.198+0300][12124.530s][debug][gc,heap     ] GC(9)  garbage-first heap   total 2097152K, used 650752K [0x0000000780000000, 0x0000000800000000)
[2025-09-02T19:27:19.198+0300][12124.530s][debug][gc,heap     ] GC(9)   region size 1024K, 13 young (13312K), 13 survivors (13312K)
[2025-09-02T19:27:19.198+0300][12124.530s][debug][gc,heap     ] GC(9)  Metaspace       used 27915K, committed 28416K, reserved 1114112K
[2025-09-02T19:27:19.198+0300][12124.530s][debug][gc,heap     ] GC(9)   class space    used 3560K, committed 3776K, reserved 1048576K
[2025-09-02T19:27:19.198+0300][12124.530s][info ][gc          ] GC(9) Pause Young (Normal) (G1 Evacuation Pause) 633M->635M(2048M) 33.365ms
[2025-09-02T19:27:19.198+0300][12124.530s][info ][gc,cpu      ] GC(9) User=0.06s Sys=0.21s Real=0.03s
[2025-09-02T19:27:19.285+0300][12124.618s][info ][gc,start    ] GC(10) Pause Young (Normal) (G1 Evacuation Pause)
[2025-09-02T19:27:19.285+0300][12124.618s][debug][gc,heap     ] GC(10) Heap before GC invocations=10 (full 0):
[2025-09-02T19:27:19.285+0300][12124.618s][debug][gc,heap     ] GC(10)  garbage-first heap   total 2097152K, used 741888K [0x0000000780000000, 0x0000000800000000)
[2025-09-02T19:27:19.285+0300][12124.618s][debug][gc,heap     ] GC(10)   region size 1024K, 102 young (104448K), 13 survivors (13312K)
[2025-09-02T19:27:19.285+0300][12124.618s][debug][gc,heap     ] GC(10)  Metaspace       used 27915K, committed 28416K, reserved 1114112K
[2025-09-02T19:27:19.285+0300][12124.618s][debug][gc,heap     ] GC(10)   class space    used 3560K, committed 3776K, reserved 1048576K
[2025-09-02T19:27:19.285+0300][12124.618s][info ][gc,task     ] GC(10) Using 10 workers of 10 for evacuation
[2025-09-02T19:27:19.323+0300][12124.655s][info ][gc,phases   ] GC(10)   Pre Evacuate Collection Set: 0.2ms
[2025-09-02T19:27:19.323+0300][12124.655s][info ][gc,phases   ] GC(10)   Merge Heap Roots: 0.1ms
[2025-09-02T19:27:19.323+0300][12124.655s][info ][gc,phases   ] GC(10)   Evacuate Collection Set: 37.1ms
[2025-09-02T19:27:19.323+0300][12124.655s][info ][gc,phases   ] GC(10)   Post Evacuate Collection Set: 0.3ms
[2025-09-02T19:27:19.323+0300][12124.655s][info ][gc,phases   ] GC(10)   Other: 0.0ms
[2025-09-02T19:27:19.323+0300][12124.655s][info ][gc,heap     ] GC(10) Eden regions: 89->0(97)
[2025-09-02T19:27:19.323+0300][12124.655s][info ][gc,heap     ] GC(10) Survivor regions: 13->13(13)
[2025-09-02T19:27:19.323+0300][12124.655s][info ][gc,heap     ] GC(10) Old regions: 620->712
[2025-09-02T19:27:19.323+0300][12124.655s][info ][gc,heap     ] GC(10) Humongous regions: 3->3
[2025-09-02T19:27:19.323+0300][12124.656s][info ][gc,metaspace] GC(10) Metaspace: 27915K(28416K)->27915K(28416K) NonClass: 24354K(24640K)->24354K(24640K) Class: 3560K(3776K)->3560K(3776K)
[2025-09-02T19:27:19.323+0300][12124.656s][debug][gc,heap     ] GC(10) Heap after GC invocations=11 (full 0):
[2025-09-02T19:27:19.323+0300][12124.656s][debug][gc,heap     ] GC(10)  garbage-first heap   total 2097152K, used 744960K [0x0000000780000000, 0x0000000800000000)
[2025-09-02T19:27:19.323+0300][12124.656s][debug][gc,heap     ] GC(10)   region size 1024K, 13 young (13312K), 13 survivors (13312K)
[2025-09-02T19:27:19.323+0300][12124.656s][debug][gc,heap     ] GC(10)  Metaspace       used 27915K, committed 28416K, reserved 1114112K
[2025-09-02T19:27:19.323+0300][12124.656s][debug][gc,heap     ] GC(10)   class space    used 3560K, committed 3776K, reserved 1048576K
[2025-09-02T19:27:19.323+0300][12124.656s][info ][gc          ] GC(10) Pause Young (Normal) (G1 Evacuation Pause) 724M->727M(2048M) 37.984ms
[2025-09-02T19:27:19.323+0300][12124.656s][info ][gc,cpu      ] GC(10) User=0.07s Sys=0.23s Real=0.04s
[2025-09-02T19:27:19.420+0300][12124.753s][info ][gc,start    ] GC(11) Pause Young (Normal) (G1 Evacuation Pause)
[2025-09-02T19:27:19.420+0300][12124.753s][debug][gc,heap     ] GC(11) Heap before GC invocations=11 (full 0):
[2025-09-02T19:27:19.420+0300][12124.753s][debug][gc,heap     ] GC(11)  garbage-first heap   total 2097152K, used 847360K [0x0000000780000000, 0x0000000800000000)
[2025-09-02T19:27:19.420+0300][12124.753s][debug][gc,heap     ] GC(11)   region size 1024K, 113 young (115712K), 13 survivors (13312K)
[2025-09-02T19:27:19.420+0300][12124.753s][debug][gc,heap     ] GC(11)  Metaspace       used 27915K, committed 28416K, reserved 1114112K
[2025-09-02T19:27:19.420+0300][12124.753s][debug][gc,heap     ] GC(11)   class space    used 3560K, committed 3776K, reserved 1048576K
[2025-09-02T19:27:19.420+0300][12124.753s][info ][gc,task     ] GC(11) Using 10 workers of 10 for evacuation
[2025-09-02T19:27:19.460+0300][12124.793s][info ][gc,phases   ] GC(11)   Pre Evacuate Collection Set: 0.2ms
[2025-09-02T19:27:19.460+0300][12124.793s][info ][gc,phases   ] GC(11)   Merge Heap Roots: 0.1ms
[2025-09-02T19:27:19.460+0300][12124.793s][info ][gc,phases   ] GC(11)   Evacuate Collection Set: 39.2ms
[2025-09-02T19:27:19.460+0300][12124.793s][info ][gc,phases   ] GC(11)   Post Evacuate Collection Set: 0.4ms
[2025-09-02T19:27:19.460+0300][12124.793s][info ][gc,phases   ] GC(11)   Other: 0.1ms
[2025-09-02T19:27:19.460+0300][12124.793s][info ][gc,heap     ] GC(11) Eden regions: 100->0(118)
[2025-09-02T19:27:19.460+0300][12124.793s][info ][gc,heap     ] GC(11) Survivor regions: 13->15(15)
[2025-09-02T19:27:19.460+0300][12124.793s][info ][gc,heap     ] GC(11) Old regions: 712->812
[2025-09-02T19:27:19.460+0300][12124.793s][info ][gc,heap     ] GC(11) Humongous regions: 3->3
[2025-09-02T19:27:19.460+0300][12124.793s][info ][gc,metaspace] GC(11) Metaspace: 27915K(28416K)->27915K(28416K) NonClass: 24354K(24640K)->24354K(24640K) Class: 3560K(3776K)->3560K(3776K)
[2025-09-02T19:27:19.460+0300][12124.793s][debug][gc,heap     ] GC(11) Heap after GC invocations=12 (full 0):
[2025-09-02T19:27:19.460+0300][12124.793s][debug][gc,heap     ] GC(11)  garbage-first heap   total 2097152K, used 849920K [0x0000000780000000, 0x0000000800000000)
[2025-09-02T19:27:19.460+0300][12124.793s][debug][gc,heap     ] GC(11)   region size 1024K, 15 young (15360K), 15 survivors (15360K)
[2025-09-02T19:27:19.460+0300][12124.793s][debug][gc,heap     ] GC(11)  Metaspace       used 27915K, committed 28416K, reserved 1114112K
[2025-09-02T19:27:19.460+0300][12124.793s][debug][gc,heap     ] GC(11)   class space    used 3560K, committed 3776K, reserved 1048576K
[2025-09-02T19:27:19.460+0300][12124.793s][info ][gc          ] GC(11) Pause Young (Normal) (G1 Evacuation Pause) 827M->830M(2048M) 40.337ms
[2025-09-02T19:27:19.460+0300][12124.793s][info ][gc,cpu      ] GC(11) User=0.07s Sys=0.24s Real=0.04s
[2025-09-02T19:27:19.610+0300][12124.942s][info ][gc,start    ] GC(12) Pause Young (Normal) (G1 Evacuation Pause)
[2025-09-02T19:27:19.610+0300][12124.942s][debug][gc,heap     ] GC(12) Heap before GC invocations=12 (full 0):
[2025-09-02T19:27:19.610+0300][12124.942s][debug][gc,heap     ] GC(12)  garbage-first heap   total 2097152K, used 974848K [0x0000000780000000, 0x0000000800000000)
[2025-09-02T19:27:19.610+0300][12124.942s][debug][gc,heap     ] GC(12)   region size 1024K, 134 young (137216K), 15 survivors (15360K)
[2025-09-02T19:27:19.610+0300][12124.942s][debug][gc,heap     ] GC(12)  Metaspace       used 27915K, committed 28416K, reserved 1114112K
[2025-09-02T19:27:19.610+0300][12124.942s][debug][gc,heap     ] GC(12)   class space    used 3560K, committed 3776K, reserved 1048576K
[2025-09-02T19:27:19.610+0300][12124.942s][info ][gc,task     ] GC(12) Using 10 workers of 10 for evacuation
[2025-09-02T19:27:19.662+0300][12124.995s][info ][gc,phases   ] GC(12)   Pre Evacuate Collection Set: 0.2ms
[2025-09-02T19:27:19.662+0300][12124.995s][info ][gc,phases   ] GC(12)   Merge Heap Roots: 0.2ms
[2025-09-02T19:27:19.662+0300][12124.995s][info ][gc,phases   ] GC(12)   Evacuate Collection Set: 51.5ms
[2025-09-02T19:27:19.662+0300][12124.995s][info ][gc,phases   ] GC(12)   Post Evacuate Collection Set: 0.3ms
[2025-09-02T19:27:19.662+0300][12124.995s][info ][gc,phases   ] GC(12)   Other: 0.1ms
[2025-09-02T19:27:19.662+0300][12124.995s][info ][gc,heap     ] GC(12) Eden regions: 119->0(140)
[2025-09-02T19:27:19.662+0300][12124.995s][info ][gc,heap     ] GC(12) Survivor regions: 15->17(17)
[2025-09-02T19:27:19.662+0300][12124.995s][info ][gc,heap     ] GC(12) Old regions: 812->932
[2025-09-02T19:27:19.662+0300][12124.995s][info ][gc,heap     ] GC(12) Humongous regions: 6->6
[2025-09-02T19:27:19.662+0300][12124.995s][info ][gc,metaspace] GC(12) Metaspace: 27915K(28416K)->27915K(28416K) NonClass: 24354K(24640K)->24354K(24640K) Class: 3560K(3776K)->3560K(3776K)
[2025-09-02T19:27:19.662+0300][12124.995s][debug][gc,heap     ] GC(12) Heap after GC invocations=13 (full 0):
[2025-09-02T19:27:19.662+0300][12124.995s][debug][gc,heap     ] GC(12)  garbage-first heap   total 2097152K, used 977920K [0x0000000780000000, 0x0000000800000000)
[2025-09-02T19:27:19.662+0300][12124.995s][debug][gc,heap     ] GC(12)   region size 1024K, 17 young (17408K), 17 survivors (17408K)
[2025-09-02T19:27:19.662+0300][12124.995s][debug][gc,heap     ] GC(12)  Metaspace       used 27915K, committed 28416K, reserved 1114112K
[2025-09-02T19:27:19.662+0300][12124.995s][debug][gc,heap     ] GC(12)   class space    used 3560K, committed 3776K, reserved 1048576K
[2025-09-02T19:27:19.662+0300][12124.995s][info ][gc          ] GC(12) Pause Young (Normal) (G1 Evacuation Pause) 952M->955M(2048M) 52.565ms
[2025-09-02T19:27:19.662+0300][12124.995s][info ][gc,cpu      ] GC(12) User=0.10s Sys=0.30s Real=0.05s
[2025-09-02T19:27:19.799+0300][12125.131s][info ][gc,start    ] GC(13) Pause Young (Concurrent Start) (G1 Evacuation Pause)
[2025-09-02T19:27:19.799+0300][12125.131s][debug][gc,heap     ] GC(13) Heap before GC invocations=13 (full 0):
[2025-09-02T19:27:19.799+0300][12125.131s][debug][gc,heap     ] GC(13)  garbage-first heap   total 2097152K, used 1126400K [0x0000000780000000, 0x0000000800000000)
[2025-09-02T19:27:19.799+0300][12125.131s][debug][gc,heap     ] GC(13)   region size 1024K, 162 young (165888K), 17 survivors (17408K)
[2025-09-02T19:27:19.799+0300][12125.131s][debug][gc,heap     ] GC(13)  Metaspace       used 27915K, committed 28416K, reserved 1114112K
[2025-09-02T19:27:19.799+0300][12125.131s][debug][gc,heap     ] GC(13)   class space    used 3560K, committed 3776K, reserved 1048576K
[2025-09-02T19:27:19.799+0300][12125.132s][info ][gc,task     ] GC(13) Using 10 workers of 10 for evacuation
[2025-09-02T19:27:19.862+0300][12125.194s][info ][gc,phases   ] GC(13)   Pre Evacuate Collection Set: 0.4ms
[2025-09-02T19:27:19.862+0300][12125.194s][info ][gc,phases   ] GC(13)   Merge Heap Roots: 0.3ms
[2025-09-02T19:27:19.862+0300][12125.194s][info ][gc,phases   ] GC(13)   Evacuate Collection Set: 61.8ms
[2025-09-02T19:27:19.862+0300][12125.194s][info ][gc,phases   ] GC(13)   Post Evacuate Collection Set: 0.3ms
[2025-09-02T19:27:19.862+0300][12125.194s][info ][gc,phases   ] GC(13)   Other: 0.1ms
[2025-09-02T19:27:19.862+0300][12125.194s][info ][gc,heap     ] GC(13) Eden regions: 145->0(166)
[2025-09-02T19:27:19.862+0300][12125.194s][info ][gc,heap     ] GC(13) Survivor regions: 17->21(21)
[2025-09-02T19:27:19.862+0300][12125.194s][info ][gc,heap     ] GC(13) Old regions: 932->1075
[2025-09-02T19:27:19.862+0300][12125.194s][info ][gc,heap     ] GC(13) Humongous regions: 6->6
[2025-09-02T19:27:19.862+0300][12125.194s][info ][gc,metaspace] GC(13) Metaspace: 27915K(28416K)->27915K(28416K) NonClass: 24354K(24640K)->24354K(24640K) Class: 3560K(3776K)->3560K(3776K)
[2025-09-02T19:27:19.862+0300][12125.194s][debug][gc,heap     ] GC(13) Heap after GC invocations=14 (full 0):
[2025-09-02T19:27:19.862+0300][12125.194s][debug][gc,heap     ] GC(13)  garbage-first heap   total 2097152K, used 1127936K [0x0000000780000000, 0x0000000800000000)
[2025-09-02T19:27:19.862+0300][12125.194s][debug][gc,heap     ] GC(13)   region size 1024K, 21 young (21504K), 21 survivors (21504K)
[2025-09-02T19:27:19.862+0300][12125.195s][debug][gc,heap     ] GC(13)  Metaspace       used 27915K, committed 28416K, reserved 1114112K
[2025-09-02T19:27:19.862+0300][12125.195s][debug][gc,heap     ] GC(13)   class space    used 3560K, committed 3776K, reserved 1048576K
[2025-09-02T19:27:19.862+0300][12125.195s][info ][gc          ] GC(13) Pause Young (Concurrent Start) (G1 Evacuation Pause) 1100M->1101M(2048M) 63.125ms
[2025-09-02T19:27:19.862+0300][12125.195s][info ][gc,cpu      ] GC(13) User=0.11s Sys=0.38s Real=0.07s
[2025-09-02T19:27:19.862+0300][12125.195s][info ][gc          ] GC(14) Concurrent Mark Cycle
[2025-09-02T19:27:19.862+0300][12125.195s][info ][gc,marking  ] GC(14) Concurrent Scan Root Regions
[2025-09-02T19:27:19.865+0300][12125.198s][info ][gc,marking  ] GC(14) Concurrent Scan Root Regions 3.114ms
[2025-09-02T19:27:19.865+0300][12125.198s][info ][gc,marking  ] GC(14) Concurrent Mark
[2025-09-02T19:27:19.865+0300][12125.198s][info ][gc,marking  ] GC(14) Concurrent Mark From Roots
[2025-09-02T19:27:19.865+0300][12125.198s][info ][gc,task     ] GC(14) Using 3 workers of 3 for marking
[2025-09-02T19:27:19.899+0300][12125.232s][info ][gc,marking  ] GC(14) Concurrent Mark From Roots 33.958ms
[2025-09-02T19:27:19.899+0300][12125.232s][info ][gc,marking  ] GC(14) Concurrent Preclean
[2025-09-02T19:27:19.900+0300][12125.232s][info ][gc,marking  ] GC(14) Concurrent Preclean 0.205ms
[2025-09-02T19:27:19.900+0300][12125.232s][info ][gc,start    ] GC(14) Pause Remark
[2025-09-02T19:27:19.912+0300][12125.244s][info ][gc          ] GC(14) Pause Remark 1135M->1132M(2048M) 12.051ms
[2025-09-02T19:27:19.912+0300][12125.244s][info ][gc,cpu      ] GC(14) User=0.02s Sys=0.05s Real=0.01s
[2025-09-02T19:27:19.912+0300][12125.244s][info ][gc,marking  ] GC(14) Concurrent Mark 46.522ms
[2025-09-02T19:27:19.912+0300][12125.244s][info ][gc,marking  ] GC(14) Concurrent Rebuild Remembered Sets and Scrub Regions
[2025-09-02T19:27:19.931+0300][12125.264s][info ][gc,marking  ] GC(14) Concurrent Rebuild Remembered Sets and Scrub Regions 19.620ms
[2025-09-02T19:27:19.932+0300][12125.264s][info ][gc,start    ] GC(14) Pause Cleanup
[2025-09-02T19:27:19.932+0300][12125.264s][info ][gc          ] GC(14) Pause Cleanup 1147M->1147M(2048M) 0.322ms
[2025-09-02T19:27:19.932+0300][12125.264s][info ][gc,cpu      ] GC(14) User=0.00s Sys=0.00s Real=0.00s
[2025-09-02T19:27:19.932+0300][12125.264s][info ][gc,marking  ] GC(14) Concurrent Clear Claimed Marks
[2025-09-02T19:27:19.932+0300][12125.265s][info ][gc,marking  ] GC(14) Concurrent Clear Claimed Marks 0.049ms
[2025-09-02T19:27:19.932+0300][12125.265s][info ][gc,marking  ] GC(14) Concurrent Cleanup for Next Mark
[2025-09-02T19:27:19.942+0300][12125.274s][info ][gc,marking  ] GC(14) Concurrent Cleanup for Next Mark 9.764ms
[2025-09-02T19:27:19.942+0300][12125.274s][info ][gc          ] GC(14) Concurrent Mark Cycle 79.787ms
[2025-09-02T19:27:20.060+0300][12125.392s][info ][gc,start    ] GC(15) Pause Young (Prepare Mixed) (G1 Evacuation Pause)
[2025-09-02T19:27:20.060+0300][12125.393s][debug][gc,heap     ] GC(15) Heap before GC invocations=15 (full 0):
[2025-09-02T19:27:20.060+0300][12125.393s][debug][gc,heap     ] GC(15)  garbage-first heap   total 2097152K, used 1291776K [0x0000000780000000, 0x0000000800000000)
[2025-09-02T19:27:20.060+0300][12125.393s][debug][gc,heap     ] GC(15)   region size 1024K, 184 young (188416K), 21 survivors (21504K)
[2025-09-02T19:27:20.060+0300][12125.393s][debug][gc,heap     ] GC(15)  Metaspace       used 27667K, committed 28416K, reserved 1114112K
[2025-09-02T19:27:20.060+0300][12125.393s][debug][gc,heap     ] GC(15)   class space    used 3490K, committed 3776K, reserved 1048576K
[2025-09-02T19:27:20.060+0300][12125.393s][info ][gc,task     ] GC(15) Using 10 workers of 10 for evacuation
[2025-09-02T19:27:20.126+0300][12125.459s][info ][gc,phases   ] GC(15)   Pre Evacuate Collection Set: 0.2ms
[2025-09-02T19:27:20.126+0300][12125.459s][info ][gc,phases   ] GC(15)   Merge Heap Roots: 0.2ms
[2025-09-02T19:27:20.126+0300][12125.459s][info ][gc,phases   ] GC(15)   Evacuate Collection Set: 65.3ms
[2025-09-02T19:27:20.126+0300][12125.459s][info ][gc,phases   ] GC(15)   Post Evacuate Collection Set: 0.3ms
[2025-09-02T19:27:20.126+0300][12125.459s][info ][gc,phases   ] GC(15)   Other: 0.1ms
[2025-09-02T19:27:20.126+0300][12125.459s][info ][gc,heap     ] GC(15) Eden regions: 163->0(189)
[2025-09-02T19:27:20.126+0300][12125.459s][info ][gc,heap     ] GC(15) Survivor regions: 21->23(23)
[2025-09-02T19:27:20.126+0300][12125.459s][info ][gc,heap     ] GC(15) Old regions: 1075->1239
[2025-09-02T19:27:20.126+0300][12125.459s][info ][gc,heap     ] GC(15) Humongous regions: 3->3
[2025-09-02T19:27:20.126+0300][12125.459s][info ][gc,metaspace] GC(15) Metaspace: 27667K(28416K)->27667K(28416K) NonClass: 24177K(24640K)->24177K(24640K) Class: 3490K(3776K)->3490K(3776K)
[2025-09-02T19:27:20.126+0300][12125.459s][debug][gc,heap     ] GC(15) Heap after GC invocations=16 (full 0):
[2025-09-02T19:27:20.126+0300][12125.459s][debug][gc,heap     ] GC(15)  garbage-first heap   total 2097152K, used 1294848K [0x0000000780000000, 0x0000000800000000)
[2025-09-02T19:27:20.126+0300][12125.459s][debug][gc,heap     ] GC(15)   region size 1024K, 23 young (23552K), 23 survivors (23552K)
[2025-09-02T19:27:20.126+0300][12125.459s][debug][gc,heap     ] GC(15)  Metaspace       used 27667K, committed 28416K, reserved 1114112K
[2025-09-02T19:27:20.126+0300][12125.459s][debug][gc,heap     ] GC(15)   class space    used 3490K, committed 3776K, reserved 1048576K
[2025-09-02T19:27:20.126+0300][12125.459s][info ][gc          ] GC(15) Pause Young (Prepare Mixed) (G1 Evacuation Pause) 1261M->1264M(2048M) 66.328ms
[2025-09-02T19:27:20.126+0300][12125.459s][info ][gc,cpu      ] GC(15) User=0.11s Sys=0.41s Real=0.06s
[2025-09-02T19:27:20.300+0300][12125.633s][info ][gc,start    ] GC(16) Pause Young (Mixed) (G1 Evacuation Pause)
[2025-09-02T19:27:20.300+0300][12125.633s][debug][gc,heap     ] GC(16) Heap before GC invocations=16 (full 0):
[2025-09-02T19:27:20.300+0300][12125.633s][debug][gc,heap     ] GC(16)  garbage-first heap   total 2097152K, used 1484288K [0x0000000780000000, 0x0000000800000000)
[2025-09-02T19:27:20.300+0300][12125.633s][debug][gc,heap     ] GC(16)   region size 1024K, 208 young (212992K), 23 survivors (23552K)
[2025-09-02T19:27:20.300+0300][12125.633s][debug][gc,heap     ] GC(16)  Metaspace       used 27667K, committed 28416K, reserved 1114112K
[2025-09-02T19:27:20.300+0300][12125.633s][debug][gc,heap     ] GC(16)   class space    used 3490K, committed 3776K, reserved 1048576K
[2025-09-02T19:27:20.300+0300][12125.633s][info ][gc,task     ] GC(16) Using 10 workers of 10 for evacuation
[2025-09-02T19:27:20.381+0300][12125.713s][info ][gc,phases   ] GC(16)   Pre Evacuate Collection Set: 0.2ms
[2025-09-02T19:27:20.381+0300][12125.713s][info ][gc,phases   ] GC(16)   Merge Heap Roots: 0.2ms
[2025-09-02T19:27:20.381+0300][12125.713s][info ][gc,phases   ] GC(16)   Evacuate Collection Set: 79.4ms
[2025-09-02T19:27:20.381+0300][12125.713s][info ][gc,phases   ] GC(16)   Post Evacuate Collection Set: 0.4ms
[2025-09-02T19:27:20.381+0300][12125.713s][info ][gc,phases   ] GC(16)   Other: 0.1ms
[2025-09-02T19:27:20.381+0300][12125.713s][info ][gc,heap     ] GC(16) Eden regions: 185->0(187)
[2025-09-02T19:27:20.381+0300][12125.713s][info ][gc,heap     ] GC(16) Survivor regions: 23->26(26)
[2025-09-02T19:27:20.381+0300][12125.713s][info ][gc,heap     ] GC(16) Old regions: 1239->1417
[2025-09-02T19:27:20.381+0300][12125.713s][info ][gc,heap     ] GC(16) Humongous regions: 3->3
[2025-09-02T19:27:20.381+0300][12125.713s][info ][gc,metaspace] GC(16) Metaspace: 27667K(28416K)->27667K(28416K) NonClass: 24177K(24640K)->24177K(24640K) Class: 3490K(3776K)->3490K(3776K)
[2025-09-02T19:27:20.381+0300][12125.713s][debug][gc,heap     ] GC(16) Heap after GC invocations=17 (full 0):
[2025-09-02T19:27:20.381+0300][12125.713s][debug][gc,heap     ] GC(16)  garbage-first heap   total 2097152K, used 1480192K [0x0000000780000000, 0x0000000800000000)
[2025-09-02T19:27:20.381+0300][12125.713s][debug][gc,heap     ] GC(16)   region size 1024K, 26 young (26624K), 26 survivors (26624K)
[2025-09-02T19:27:20.381+0300][12125.713s][debug][gc,heap     ] GC(16)  Metaspace       used 27667K, committed 28416K, reserved 1114112K
[2025-09-02T19:27:20.381+0300][12125.713s][debug][gc,heap     ] GC(16)   class space    used 3490K, committed 3776K, reserved 1048576K
[2025-09-02T19:27:20.381+0300][12125.713s][info ][gc          ] GC(16) Pause Young (Mixed) (G1 Evacuation Pause) 1449M->1445M(2048M) 80.684ms
[2025-09-02T19:27:20.381+0300][12125.713s][info ][gc,cpu      ] GC(16) User=0.13s Sys=0.49s Real=0.08s
[2025-09-02T19:27:20.554+0300][12125.886s][info ][gc,start    ] GC(17) Pause Young (Concurrent Start) (G1 Humongous Allocation)
[2025-09-02T19:27:20.554+0300][12125.886s][debug][gc,heap     ] GC(17) Heap before GC invocations=17 (full 0):
[2025-09-02T19:27:20.554+0300][12125.886s][debug][gc,heap     ] GC(17)  garbage-first heap   total 2097152K, used 1666560K [0x0000000780000000, 0x0000000800000000)
[2025-09-02T19:27:20.554+0300][12125.886s][debug][gc,heap     ] GC(17)   region size 1024K, 209 young (214016K), 26 survivors (26624K)
[2025-09-02T19:27:20.554+0300][12125.886s][debug][gc,heap     ] GC(17)  Metaspace       used 27667K, committed 28416K, reserved 1114112K
[2025-09-02T19:27:20.554+0300][12125.886s][debug][gc,heap     ] GC(17)   class space    used 3490K, committed 3776K, reserved 1048576K
[2025-09-02T19:27:20.554+0300][12125.886s][info ][gc,task     ] GC(17) Using 10 workers of 10 for evacuation
[2025-09-02T19:27:20.632+0300][12125.964s][info ][gc,phases   ] GC(17)   Pre Evacuate Collection Set: 0.3ms
[2025-09-02T19:27:20.632+0300][12125.964s][info ][gc,phases   ] GC(17)   Merge Heap Roots: 0.2ms
[2025-09-02T19:27:20.632+0300][12125.964s][info ][gc,phases   ] GC(17)   Evacuate Collection Set: 77.0ms
[2025-09-02T19:27:20.632+0300][12125.964s][info ][gc,phases   ] GC(17)   Post Evacuate Collection Set: 0.5ms
[2025-09-02T19:27:20.632+0300][12125.964s][info ][gc,phases   ] GC(17)   Other: 0.1ms
[2025-09-02T19:27:20.632+0300][12125.964s][info ][gc,heap     ] GC(17) Eden regions: 183->0(129)
[2025-09-02T19:27:20.632+0300][12125.964s][info ][gc,heap     ] GC(17) Survivor regions: 26->27(27)
[2025-09-02T19:27:20.632+0300][12125.964s][info ][gc,heap     ] GC(17) Old regions: 1417->1601
[2025-09-02T19:27:20.632+0300][12125.964s][info ][gc,heap     ] GC(17) Humongous regions: 3->3
[2025-09-02T19:27:20.632+0300][12125.964s][info ][gc,metaspace] GC(17) Metaspace: 27667K(28416K)->27667K(28416K) NonClass: 24177K(24640K)->24177K(24640K) Class: 3490K(3776K)->3490K(3776K)
[2025-09-02T19:27:20.632+0300][12125.964s][debug][gc,heap     ] GC(17) Heap after GC invocations=18 (full 0):
[2025-09-02T19:27:20.632+0300][12125.964s][debug][gc,heap     ] GC(17)  garbage-first heap   total 2097152K, used 1670144K [0x0000000780000000, 0x0000000800000000)
[2025-09-02T19:27:20.632+0300][12125.964s][debug][gc,heap     ] GC(17)   region size 1024K, 27 young (27648K), 27 survivors (27648K)
[2025-09-02T19:27:20.632+0300][12125.964s][debug][gc,heap     ] GC(17)  Metaspace       used 27667K, committed 28416K, reserved 1114112K
[2025-09-02T19:27:20.632+0300][12125.964s][debug][gc,heap     ] GC(17)   class space    used 3490K, committed 3776K, reserved 1048576K
[2025-09-02T19:27:20.632+0300][12125.964s][info ][gc          ] GC(17) Pause Young (Concurrent Start) (G1 Humongous Allocation) 1628M->1631M(2048M) 78.355ms
[2025-09-02T19:27:20.632+0300][12125.964s][info ][gc,cpu      ] GC(17) User=0.14s Sys=0.46s Real=0.08s
[2025-09-02T19:27:20.632+0300][12125.964s][info ][gc          ] GC(18) Concurrent Mark Cycle
[2025-09-02T19:27:20.632+0300][12125.964s][info ][gc,marking  ] GC(18) Concurrent Scan Root Regions
[2025-09-02T19:27:20.636+0300][12125.968s][info ][gc,marking  ] GC(18) Concurrent Scan Root Regions 3.998ms
[2025-09-02T19:27:20.636+0300][12125.969s][info ][gc,marking  ] GC(18) Concurrent Mark
[2025-09-02T19:27:20.636+0300][12125.969s][info ][gc,marking  ] GC(18) Concurrent Mark From Roots
[2025-09-02T19:27:20.636+0300][12125.969s][info ][gc,task     ] GC(18) Using 3 workers of 3 for marking
[2025-09-02T19:27:20.676+0300][12126.008s][info ][gc,marking  ] GC(18) Concurrent Mark From Roots 39.502ms
[2025-09-02T19:27:20.676+0300][12126.008s][info ][gc,marking  ] GC(18) Concurrent Preclean
[2025-09-02T19:27:20.676+0300][12126.008s][info ][gc,marking  ] GC(18) Concurrent Preclean 0.073ms
[2025-09-02T19:27:20.676+0300][12126.008s][info ][gc,start    ] GC(18) Pause Remark
[2025-09-02T19:27:20.678+0300][12126.010s][info ][gc          ] GC(18) Pause Remark 1638M->1638M(2048M) 1.991ms
[2025-09-02T19:27:20.678+0300][12126.010s][info ][gc,cpu      ] GC(18) User=0.01s Sys=0.00s Real=0.00s
[2025-09-02T19:27:20.678+0300][12126.010s][info ][gc,marking  ] GC(18) Concurrent Mark 41.840ms
[2025-09-02T19:27:20.678+0300][12126.010s][info ][gc,marking  ] GC(18) Concurrent Rebuild Remembered Sets and Scrub Regions
[2025-09-02T19:27:20.705+0300][12126.037s][info ][gc,marking  ] GC(18) Concurrent Rebuild Remembered Sets and Scrub Regions 27.046ms
[2025-09-02T19:27:20.705+0300][12126.038s][info ][gc,start    ] GC(18) Pause Cleanup
[2025-09-02T19:27:20.706+0300][12126.038s][info ][gc          ] GC(18) Pause Cleanup 1652M->1652M(2048M) 0.443ms
[2025-09-02T19:27:20.706+0300][12126.038s][info ][gc,cpu      ] GC(18) User=0.00s Sys=0.00s Real=0.00s
[2025-09-02T19:27:20.706+0300][12126.038s][info ][gc,marking  ] GC(18) Concurrent Clear Claimed Marks
[2025-09-02T19:27:20.706+0300][12126.038s][info ][gc,marking  ] GC(18) Concurrent Clear Claimed Marks 0.050ms
[2025-09-02T19:27:20.706+0300][12126.038s][info ][gc,marking  ] GC(18) Concurrent Cleanup for Next Mark
[2025-09-02T19:27:20.708+0300][12126.040s][info ][gc,marking  ] GC(18) Concurrent Cleanup for Next Mark 2.007ms
[2025-09-02T19:27:20.708+0300][12126.040s][info ][gc          ] GC(18) Concurrent Mark Cycle 75.797ms
[2025-09-02T19:27:43.825+0300][12149.156s][info ][gc,start    ] GC(19) Pause Young (Prepare Mixed) (GCLocker Initiated GC)
[2025-09-02T19:27:43.825+0300][12149.157s][debug][gc,heap     ] GC(19) Heap before GC invocations=19 (full 0):
[2025-09-02T19:27:43.825+0300][12149.157s][debug][gc,heap     ] GC(19)  garbage-first heap   total 2097152K, used 1807360K [0x0000000780000000, 0x0000000800000000)
[2025-09-02T19:27:43.825+0300][12149.157s][debug][gc,heap     ] GC(19)   region size 1024K, 156 young (159744K), 27 survivors (27648K)
[2025-09-02T19:27:43.825+0300][12149.157s][debug][gc,heap     ] GC(19)  Metaspace       used 28953K, committed 29376K, reserved 1114112K
[2025-09-02T19:27:43.825+0300][12149.157s][debug][gc,heap     ] GC(19)   class space    used 3665K, committed 3904K, reserved 1048576K
[2025-09-02T19:27:43.825+0300][12149.157s][info ][gc,task     ] GC(19) Using 10 workers of 10 for evacuation
[2025-09-02T19:27:43.857+0300][12149.189s][info ][gc,phases   ] GC(19)   Pre Evacuate Collection Set: 0.3ms
[2025-09-02T19:27:43.857+0300][12149.189s][info ][gc,phases   ] GC(19)   Merge Heap Roots: 0.2ms
[2025-09-02T19:27:43.857+0300][12149.189s][info ][gc,phases   ] GC(19)   Evacuate Collection Set: 31.5ms
[2025-09-02T19:27:43.857+0300][12149.189s][info ][gc,phases   ] GC(19)   Post Evacuate Collection Set: 0.4ms
[2025-09-02T19:27:43.858+0300][12149.189s][info ][gc,phases   ] GC(19)   Other: 0.1ms
[2025-09-02T19:27:43.858+0300][12149.189s][info ][gc,heap     ] GC(19) Eden regions: 129->0(116)
[2025-09-02T19:27:43.858+0300][12149.189s][info ][gc,heap     ] GC(19) Survivor regions: 27->20(20)
[2025-09-02T19:27:43.858+0300][12149.189s][info ][gc,heap     ] GC(19) Old regions: 1601->1660
[2025-09-02T19:27:43.858+0300][12149.189s][info ][gc,heap     ] GC(19) Humongous regions: 8->8
[2025-09-02T19:27:43.858+0300][12149.189s][info ][gc,metaspace] GC(19) Metaspace: 28953K(29376K)->28953K(29376K) NonClass: 25287K(25472K)->25287K(25472K) Class: 3665K(3904K)->3665K(3904K)
[2025-09-02T19:27:43.858+0300][12149.189s][debug][gc,heap     ] GC(19) Heap after GC invocations=20 (full 0):
[2025-09-02T19:27:43.858+0300][12149.189s][debug][gc,heap     ] GC(19)  garbage-first heap   total 2097152K, used 1728512K [0x0000000780000000, 0x0000000800000000)
[2025-09-02T19:27:43.858+0300][12149.190s][debug][gc,heap     ] GC(19)   region size 1024K, 20 young (20480K), 20 survivors (20480K)
[2025-09-02T19:27:43.858+0300][12149.190s][debug][gc,heap     ] GC(19)  Metaspace       used 28953K, committed 29376K, reserved 1114112K
[2025-09-02T19:27:43.858+0300][12149.190s][debug][gc,heap     ] GC(19)   class space    used 3665K, committed 3904K, reserved 1048576K
[2025-09-02T19:27:43.858+0300][12149.190s][info ][gc          ] GC(19) Pause Young (Prepare Mixed) (GCLocker Initiated GC) 1765M->1688M(2048M) 33.124ms
[2025-09-02T19:27:43.858+0300][12149.190s][info ][gc,cpu      ] GC(19) User=0.10s Sys=0.11s Real=0.03s
[2025-09-02T19:27:44.831+0300][12150.163s][info ][gc,start    ] GC(20) Pause Young (Mixed) (G1 Evacuation Pause)
[2025-09-02T19:27:44.831+0300][12150.163s][debug][gc,heap     ] GC(20) Heap before GC invocations=20 (full 0):
[2025-09-02T19:27:44.831+0300][12150.163s][debug][gc,heap     ] GC(20)  garbage-first heap   total 2097152K, used 1849344K [0x0000000780000000, 0x0000000800000000)
[2025-09-02T19:27:44.831+0300][12150.163s][debug][gc,heap     ] GC(20)   region size 1024K, 136 young (139264K), 20 survivors (20480K)
[2025-09-02T19:27:44.831+0300][12150.163s][debug][gc,heap     ] GC(20)  Metaspace       used 30431K, committed 30784K, reserved 1114112K
[2025-09-02T19:27:44.831+0300][12150.163s][debug][gc,heap     ] GC(20)   class space    used 3787K, committed 3968K, reserved 1048576K
[2025-09-02T19:27:44.831+0300][12150.163s][info ][gc,task     ] GC(20) Using 10 workers of 10 for evacuation
[2025-09-02T19:27:44.850+0300][12150.182s][info ][gc,phases   ] GC(20)   Pre Evacuate Collection Set: 0.3ms
[2025-09-02T19:27:44.850+0300][12150.182s][info ][gc,phases   ] GC(20)   Merge Heap Roots: 0.1ms
[2025-09-02T19:27:44.850+0300][12150.182s][info ][gc,phases   ] GC(20)   Evacuate Collection Set: 17.6ms
[2025-09-02T19:27:44.850+0300][12150.182s][info ][gc,phases   ] GC(20)   Post Evacuate Collection Set: 0.5ms
[2025-09-02T19:27:44.850+0300][12150.182s][info ][gc,phases   ] GC(20)   Other: 0.1ms
[2025-09-02T19:27:44.850+0300][12150.182s][info ][gc,heap     ] GC(20) Eden regions: 116->0(120)
[2025-09-02T19:27:44.850+0300][12150.182s][info ][gc,heap     ] GC(20) Survivor regions: 20->17(17)
[2025-09-02T19:27:44.850+0300][12150.182s][info ][gc,heap     ] GC(20) Old regions: 1660->1682
[2025-09-02T19:27:44.850+0300][12150.182s][info ][gc,heap     ] GC(20) Humongous regions: 11->11
[2025-09-02T19:27:44.850+0300][12150.182s][info ][gc,metaspace] GC(20) Metaspace: 30431K(30784K)->30431K(30784K) NonClass: 26644K(26816K)->26644K(26816K) Class: 3787K(3968K)->3787K(3968K)
[2025-09-02T19:27:44.850+0300][12150.182s][debug][gc,heap     ] GC(20) Heap after GC invocations=21 (full 0):
[2025-09-02T19:27:44.850+0300][12150.182s][debug][gc,heap     ] GC(20)  garbage-first heap   total 2097152K, used 1751040K [0x0000000780000000, 0x0000000800000000)
[2025-09-02T19:27:44.850+0300][12150.182s][debug][gc,heap     ] GC(20)   region size 1024K, 17 young (17408K), 17 survivors (17408K)
[2025-09-02T19:27:44.850+0300][12150.182s][debug][gc,heap     ] GC(20)  Metaspace       used 30431K, committed 30784K, reserved 1114112K
[2025-09-02T19:27:44.850+0300][12150.182s][debug][gc,heap     ] GC(20)   class space    used 3787K, committed 3968K, reserved 1048576K
[2025-09-02T19:27:44.850+0300][12150.182s][info ][gc          ] GC(20) Pause Young (Mixed) (G1 Evacuation Pause) 1807M->1710M(2048M) 18.957ms
[2025-09-02T19:27:44.850+0300][12150.182s][info ][gc,cpu      ] GC(20) User=0.06s Sys=0.05s Real=0.02s
[2025-09-02T19:27:46.483+0300][12151.815s][info ][gc,start    ] GC(21) Pause Young (Concurrent Start) (G1 Evacuation Pause)
[2025-09-02T19:27:46.483+0300][12151.815s][debug][gc,heap     ] GC(21) Heap before GC invocations=21 (full 0):
[2025-09-02T19:27:46.483+0300][12151.815s][debug][gc,heap     ] GC(21)  garbage-first heap   total 2097152K, used 1872895K [0x0000000780000000, 0x0000000800000000)
[2025-09-02T19:27:46.483+0300][12151.815s][debug][gc,heap     ] GC(21)   region size 1024K, 137 young (140288K), 17 survivors (17408K)
[2025-09-02T19:27:46.483+0300][12151.815s][debug][gc,heap     ] GC(21)  Metaspace       used 31492K, committed 31872K, reserved 1114112K
[2025-09-02T19:27:46.483+0300][12151.815s][debug][gc,heap     ] GC(21)   class space    used 3788K, committed 3968K, reserved 1048576K
[2025-09-02T19:27:46.483+0300][12151.815s][info ][gc,task     ] GC(21) Using 10 workers of 10 for evacuation
[2025-09-02T19:27:46.497+0300][12151.829s][info ][gc,phases   ] GC(21)   Pre Evacuate Collection Set: 0.4ms
[2025-09-02T19:27:46.497+0300][12151.829s][info ][gc,phases   ] GC(21)   Merge Heap Roots: 0.1ms
[2025-09-02T19:27:46.497+0300][12151.829s][info ][gc,phases   ] GC(21)   Evacuate Collection Set: 12.7ms
[2025-09-02T19:27:46.497+0300][12151.829s][info ][gc,phases   ] GC(21)   Post Evacuate Collection Set: 0.4ms
[2025-09-02T19:27:46.497+0300][12151.829s][info ][gc,phases   ] GC(21)   Other: 0.1ms
[2025-09-02T19:27:46.497+0300][12151.829s][info ][gc,heap     ] GC(21) Eden regions: 120->0(121)
[2025-09-02T19:27:46.497+0300][12151.829s][info ][gc,heap     ] GC(21) Survivor regions: 17->18(18)
[2025-09-02T19:27:46.497+0300][12151.829s][info ][gc,heap     ] GC(21) Old regions: 1682->1709
[2025-09-02T19:27:46.497+0300][12151.829s][info ][gc,heap     ] GC(21) Humongous regions: 11->11
[2025-09-02T19:27:46.497+0300][12151.829s][info ][gc,metaspace] GC(21) Metaspace: 31492K(31872K)->31492K(31872K) NonClass: 27704K(27904K)->27704K(27904K) Class: 3788K(3968K)->3788K(3968K)
[2025-09-02T19:27:46.497+0300][12151.829s][debug][gc,heap     ] GC(21) Heap after GC invocations=22 (full 0):
[2025-09-02T19:27:46.497+0300][12151.829s][debug][gc,heap     ] GC(21)  garbage-first heap   total 2097152K, used 1779712K [0x0000000780000000, 0x0000000800000000)
[2025-09-02T19:27:46.497+0300][12151.829s][debug][gc,heap     ] GC(21)   region size 1024K, 18 young (18432K), 18 survivors (18432K)
[2025-09-02T19:27:46.497+0300][12151.829s][debug][gc,heap     ] GC(21)  Metaspace       used 31492K, committed 31872K, reserved 1114112K
[2025-09-02T19:27:46.497+0300][12151.829s][debug][gc,heap     ] GC(21)   class space    used 3788K, committed 3968K, reserved 1048576K
[2025-09-02T19:27:46.497+0300][12151.829s][info ][gc          ] GC(21) Pause Young (Concurrent Start) (G1 Evacuation Pause) 1829M->1738M(2048M) 14.333ms
[2025-09-02T19:27:46.497+0300][12151.829s][info ][gc          ] GC(22) Concurrent Mark Cycle
[2025-09-02T19:27:46.498+0300][12151.829s][info ][gc,marking  ] GC(22) Concurrent Scan Root Regions
[2025-09-02T19:27:46.498+0300][12151.829s][info ][gc,cpu      ] GC(21) User=0.07s Sys=0.03s Real=0.01s
[2025-09-02T19:27:46.502+0300][12151.834s][info ][gc,marking  ] GC(22) Concurrent Scan Root Regions 4.555ms
[2025-09-02T19:27:46.502+0300][12151.834s][info ][gc,marking  ] GC(22) Concurrent Mark
[2025-09-02T19:27:46.502+0300][12151.834s][info ][gc,marking  ] GC(22) Concurrent Mark From Roots
[2025-09-02T19:27:46.502+0300][12151.834s][info ][gc,task     ] GC(22) Using 3 workers of 3 for marking
[2025-09-02T19:27:46.575+0300][12151.907s][info ][gc,marking  ] GC(22) Concurrent Mark From Roots 73.296ms
[2025-09-02T19:27:46.576+0300][12151.907s][info ][gc,marking  ] GC(22) Concurrent Preclean
[2025-09-02T19:27:46.576+0300][12151.908s][info ][gc,marking  ] GC(22) Concurrent Preclean 0.214ms
[2025-09-02T19:27:46.576+0300][12151.908s][info ][gc,start    ] GC(22) Pause Remark
[2025-09-02T19:27:46.578+0300][12151.910s][info ][gc          ] GC(22) Pause Remark 1743M->1740M(2048M) 2.522ms
[2025-09-02T19:27:46.578+0300][12151.910s][info ][gc,cpu      ] GC(22) User=0.02s Sys=0.00s Real=0.00s
[2025-09-02T19:27:46.579+0300][12151.910s][info ][gc,marking  ] GC(22) Concurrent Mark 76.405ms
[2025-09-02T19:27:46.579+0300][12151.910s][info ][gc,marking  ] GC(22) Concurrent Rebuild Remembered Sets and Scrub Regions
[2025-09-02T19:27:46.627+0300][12151.959s][info ][gc,marking  ] GC(22) Concurrent Rebuild Remembered Sets and Scrub Regions 48.681ms
[2025-09-02T19:27:46.628+0300][12151.959s][info ][gc,start    ] GC(22) Pause Cleanup
[2025-09-02T19:27:46.628+0300][12151.960s][info ][gc          ] GC(22) Pause Cleanup 1743M->1743M(2048M) 0.622ms
[2025-09-02T19:27:46.628+0300][12151.960s][info ][gc,cpu      ] GC(22) User=0.01s Sys=0.00s Real=0.00s
[2025-09-02T19:27:46.628+0300][12151.960s][info ][gc,marking  ] GC(22) Concurrent Clear Claimed Marks
[2025-09-02T19:27:46.628+0300][12151.960s][info ][gc,marking  ] GC(22) Concurrent Clear Claimed Marks 0.065ms
[2025-09-02T19:27:46.628+0300][12151.960s][info ][gc,marking  ] GC(22) Concurrent Cleanup for Next Mark
[2025-09-02T19:27:46.631+0300][12151.963s][info ][gc,marking  ] GC(22) Concurrent Cleanup for Next Mark 2.768ms
[2025-09-02T19:27:46.631+0300][12151.963s][info ][gc          ] GC(22) Concurrent Mark Cycle 133.798ms
[2025-09-02T19:27:48.086+0300][12153.418s][info ][gc,start    ] GC(23) Pause Young (Prepare Mixed) (G1 Evacuation Pause)
[2025-09-02T19:27:48.086+0300][12153.418s][debug][gc,heap     ] GC(23) Heap before GC invocations=23 (full 0):
[2025-09-02T19:27:48.086+0300][12153.418s][debug][gc,heap     ] GC(23)  garbage-first heap   total 2097152K, used 1899520K [0x0000000780000000, 0x0000000800000000)
[2025-09-02T19:27:48.086+0300][12153.418s][debug][gc,heap     ] GC(23)   region size 1024K, 139 young (142336K), 18 survivors (18432K)
[2025-09-02T19:27:48.086+0300][12153.418s][debug][gc,heap     ] GC(23)  Metaspace       used 31796K, committed 32192K, reserved 1114112K
[2025-09-02T19:27:48.086+0300][12153.418s][debug][gc,heap     ] GC(23)   class space    used 3788K, committed 3968K, reserved 1048576K
[2025-09-02T19:27:48.086+0300][12153.418s][info ][gc,task     ] GC(23) Using 10 workers of 10 for evacuation
[2025-09-02T19:27:48.108+0300][12153.439s][info ][gc,phases   ] GC(23)   Pre Evacuate Collection Set: 4.9ms
[2025-09-02T19:27:48.108+0300][12153.439s][info ][gc,phases   ] GC(23)   Merge Heap Roots: 4.3ms
[2025-09-02T19:27:48.108+0300][12153.439s][info ][gc,phases   ] GC(23)   Evacuate Collection Set: 11.7ms
[2025-09-02T19:27:48.108+0300][12153.439s][info ][gc,phases   ] GC(23)   Post Evacuate Collection Set: 0.4ms
[2025-09-02T19:27:48.108+0300][12153.439s][info ][gc,phases   ] GC(23)   Other: 0.1ms
[2025-09-02T19:27:48.108+0300][12153.439s][info ][gc,heap     ] GC(23) Eden regions: 121->0(124)
[2025-09-02T19:27:48.108+0300][12153.439s][info ][gc,heap     ] GC(23) Survivor regions: 18->18(18)
[2025-09-02T19:27:48.108+0300][12153.439s][info ][gc,heap     ] GC(23) Old regions: 1709->1732
[2025-09-02T19:27:48.108+0300][12153.439s][info ][gc,heap     ] GC(23) Humongous regions: 8->8
[2025-09-02T19:27:48.108+0300][12153.439s][info ][gc,metaspace] GC(23) Metaspace: 31796K(32192K)->31796K(32192K) NonClass: 28007K(28224K)->28007K(28224K) Class: 3788K(3968K)->3788K(3968K)
[2025-09-02T19:27:48.108+0300][12153.439s][debug][gc,heap     ] GC(23) Heap after GC invocations=24 (full 0):
[2025-09-02T19:27:48.108+0300][12153.439s][debug][gc,heap     ] GC(23)  garbage-first heap   total 2097152K, used 1800192K [0x0000000780000000, 0x0000000800000000)
[2025-09-02T19:27:48.108+0300][12153.439s][debug][gc,heap     ] GC(23)   region size 1024K, 18 young (18432K), 18 survivors (18432K)
[2025-09-02T19:27:48.108+0300][12153.439s][debug][gc,heap     ] GC(23)  Metaspace       used 31796K, committed 32192K, reserved 1114112K
[2025-09-02T19:27:48.108+0300][12153.440s][debug][gc,heap     ] GC(23)   class space    used 3788K, committed 3968K, reserved 1048576K
[2025-09-02T19:27:48.108+0300][12153.440s][info ][gc          ] GC(23) Pause Young (Prepare Mixed) (G1 Evacuation Pause) 1856M->1758M(2048M) 21.686ms
[2025-09-02T19:27:48.108+0300][12153.440s][info ][gc,cpu      ] GC(23) User=0.07s Sys=0.03s Real=0.02s
[2025-09-02T19:27:49.646+0300][12154.978s][info ][gc,start    ] GC(24) Pause Young (Mixed) (G1 Evacuation Pause)
[2025-09-02T19:27:49.646+0300][12154.978s][debug][gc,heap     ] GC(24) Heap before GC invocations=24 (full 0):
[2025-09-02T19:27:49.646+0300][12154.978s][debug][gc,heap     ] GC(24)  garbage-first heap   total 2097152K, used 1926144K [0x0000000780000000, 0x0000000800000000)
[2025-09-02T19:27:49.646+0300][12154.978s][debug][gc,heap     ] GC(24)   region size 1024K, 142 young (145408K), 18 survivors (18432K)
[2025-09-02T19:27:49.646+0300][12154.978s][debug][gc,heap     ] GC(24)  Metaspace       used 31842K, committed 32256K, reserved 1114112K
[2025-09-02T19:27:49.646+0300][12154.978s][debug][gc,heap     ] GC(24)   class space    used 3788K, committed 3968K, reserved 1048576K
[2025-09-02T19:27:49.646+0300][12154.978s][info ][gc,task     ] GC(24) Using 10 workers of 10 for evacuation
[2025-09-02T19:27:49.659+0300][12154.991s][info ][gc,phases   ] GC(24)   Pre Evacuate Collection Set: 0.3ms
[2025-09-02T19:27:49.659+0300][12154.991s][info ][gc,phases   ] GC(24)   Merge Heap Roots: 0.1ms
[2025-09-02T19:27:49.659+0300][12154.991s][info ][gc,phases   ] GC(24)   Evacuate Collection Set: 11.8ms
[2025-09-02T19:27:49.659+0300][12154.991s][info ][gc,phases   ] GC(24)   Post Evacuate Collection Set: 0.3ms
[2025-09-02T19:27:49.659+0300][12154.991s][info ][gc,phases   ] GC(24)   Other: 0.1ms
[2025-09-02T19:27:49.659+0300][12154.991s][info ][gc,heap     ] GC(24) Eden regions: 124->0(127)
[2025-09-02T19:27:49.659+0300][12154.991s][info ][gc,heap     ] GC(24) Survivor regions: 18->18(18)
[2025-09-02T19:27:49.659+0300][12154.991s][info ][gc,heap     ] GC(24) Old regions: 1732->1748
[2025-09-02T19:27:49.659+0300][12154.991s][info ][gc,heap     ] GC(24) Humongous regions: 8->8
[2025-09-02T19:27:49.659+0300][12154.991s][info ][gc,metaspace] GC(24) Metaspace: 31842K(32256K)->31842K(32256K) NonClass: 28053K(28288K)->28053K(28288K) Class: 3788K(3968K)->3788K(3968K)
[2025-09-02T19:27:49.659+0300][12154.991s][debug][gc,heap     ] GC(24) Heap after GC invocations=25 (full 0):
[2025-09-02T19:27:49.659+0300][12154.991s][debug][gc,heap     ] GC(24)  garbage-first heap   total 2097152K, used 1816513K [0x0000000780000000, 0x0000000800000000)
[2025-09-02T19:27:49.659+0300][12154.991s][debug][gc,heap     ] GC(24)   region size 1024K, 18 young (18432K), 18 survivors (18432K)
[2025-09-02T19:27:49.659+0300][12154.991s][debug][gc,heap     ] GC(24)  Metaspace       used 31842K, committed 32256K, reserved 1114112K
[2025-09-02T19:27:49.659+0300][12154.991s][debug][gc,heap     ] GC(24)   class space    used 3788K, committed 3968K, reserved 1048576K
[2025-09-02T19:27:49.659+0300][12154.991s][info ][gc          ] GC(24) Pause Young (Mixed) (G1 Evacuation Pause) 1882M->1773M(2048M) 13.006ms
[2025-09-02T19:27:49.659+0300][12154.991s][info ][gc,cpu      ] GC(24) User=0.05s Sys=0.05s Real=0.01s
[2025-09-02T19:27:51.072+0300][12156.404s][info ][gc,start    ] GC(25) Pause Young (Concurrent Start) (G1 Evacuation Pause)
[2025-09-02T19:27:51.072+0300][12156.404s][debug][gc,heap     ] GC(25) Heap before GC invocations=25 (full 0):
[2025-09-02T19:27:51.072+0300][12156.404s][debug][gc,heap     ] GC(25)  garbage-first heap   total 2097152K, used 1945537K [0x0000000780000000, 0x0000000800000000)
[2025-09-02T19:27:51.072+0300][12156.404s][debug][gc,heap     ] GC(25)   region size 1024K, 145 young (148480K), 18 survivors (18432K)
[2025-09-02T19:27:51.072+0300][12156.404s][debug][gc,heap     ] GC(25)  Metaspace       used 31842K, committed 32256K, reserved 1114112K
[2025-09-02T19:27:51.072+0300][12156.404s][debug][gc,heap     ] GC(25)   class space    used 3788K, committed 3968K, reserved 1048576K
[2025-09-02T19:27:51.072+0300][12156.404s][info ][gc,task     ] GC(25) Using 10 workers of 10 for evacuation
[2025-09-02T19:27:51.080+0300][12156.412s][info ][gc,phases   ] GC(25)   Pre Evacuate Collection Set: 0.2ms
[2025-09-02T19:27:51.081+0300][12156.412s][info ][gc,phases   ] GC(25)   Merge Heap Roots: 0.1ms
[2025-09-02T19:27:51.081+0300][12156.412s][info ][gc,phases   ] GC(25)   Evacuate Collection Set: 7.5ms
[2025-09-02T19:27:51.081+0300][12156.412s][info ][gc,phases   ] GC(25)   Post Evacuate Collection Set: 0.3ms
[2025-09-02T19:27:51.081+0300][12156.412s][info ][gc,phases   ] GC(25)   Other: 0.1ms
[2025-09-02T19:27:51.081+0300][12156.412s][info ][gc,heap     ] GC(25) Eden regions: 127->0(128)
[2025-09-02T19:27:51.081+0300][12156.412s][info ][gc,heap     ] GC(25) Survivor regions: 18->19(19)
[2025-09-02T19:27:51.081+0300][12156.412s][info ][gc,heap     ] GC(25) Old regions: 1748->1766
[2025-09-02T19:27:51.081+0300][12156.412s][info ][gc,heap     ] GC(25) Humongous regions: 8->8
[2025-09-02T19:27:51.081+0300][12156.412s][info ][gc,metaspace] GC(25) Metaspace: 31842K(32256K)->31842K(32256K) NonClass: 28053K(28288K)->28053K(28288K) Class: 3788K(3968K)->3788K(3968K)
[2025-09-02T19:27:51.081+0300][12156.412s][debug][gc,heap     ] GC(25) Heap after GC invocations=26 (full 0):
[2025-09-02T19:27:51.081+0300][12156.412s][debug][gc,heap     ] GC(25)  garbage-first heap   total 2097152K, used 1835894K [0x0000000780000000, 0x0000000800000000)
[2025-09-02T19:27:51.081+0300][12156.412s][debug][gc,heap     ] GC(25)   region size 1024K, 19 young (19456K), 19 survivors (19456K)
[2025-09-02T19:27:51.081+0300][12156.412s][debug][gc,heap     ] GC(25)  Metaspace       used 31842K, committed 32256K, reserved 1114112K
[2025-09-02T19:27:51.081+0300][12156.412s][debug][gc,heap     ] GC(25)   class space    used 3788K, committed 3968K, reserved 1048576K
[2025-09-02T19:27:51.081+0300][12156.412s][info ][gc          ] GC(25) Pause Young (Concurrent Start) (G1 Evacuation Pause) 1900M->1792M(2048M) 8.637ms
[2025-09-02T19:27:51.081+0300][12156.412s][info ][gc,cpu      ] GC(25) User=0.05s Sys=0.02s Real=0.01s
[2025-09-02T19:27:51.081+0300][12156.412s][info ][gc          ] GC(26) Concurrent Mark Cycle
[2025-09-02T19:27:51.081+0300][12156.413s][info ][gc,marking  ] GC(26) Concurrent Scan Root Regions
[2025-09-02T19:27:51.084+0300][12156.415s][info ][gc,marking  ] GC(26) Concurrent Scan Root Regions 2.743ms
[2025-09-02T19:27:51.084+0300][12156.415s][info ][gc,marking  ] GC(26) Concurrent Mark
[2025-09-02T19:27:51.084+0300][12156.415s][info ][gc,marking  ] GC(26) Concurrent Mark From Roots
[2025-09-02T19:27:51.084+0300][12156.415s][info ][gc,task     ] GC(26) Using 3 workers of 3 for marking
[2025-09-02T19:27:51.146+0300][12156.477s][info ][gc,marking  ] GC(26) Concurrent Mark From Roots 61.990ms
[2025-09-02T19:27:51.146+0300][12156.477s][info ][gc,marking  ] GC(26) Concurrent Preclean
[2025-09-02T19:27:51.146+0300][12156.478s][info ][gc,marking  ] GC(26) Concurrent Preclean 0.153ms
[2025-09-02T19:27:51.146+0300][12156.478s][info ][gc,start    ] GC(26) Pause Remark
[2025-09-02T19:27:51.154+0300][12156.485s][info ][gc          ] GC(26) Pause Remark 1798M->1798M(2048M) 7.751ms
[2025-09-02T19:27:51.154+0300][12156.486s][info ][gc,cpu      ] GC(26) User=0.04s Sys=0.01s Real=0.01s
[2025-09-02T19:27:51.154+0300][12156.486s][info ][gc,marking  ] GC(26) Concurrent Mark 70.311ms
[2025-09-02T19:27:51.154+0300][12156.486s][info ][gc,marking  ] GC(26) Concurrent Rebuild Remembered Sets and Scrub Regions
[2025-09-02T19:27:51.191+0300][12156.522s][info ][gc,marking  ] GC(26) Concurrent Rebuild Remembered Sets and Scrub Regions 36.617ms
[2025-09-02T19:27:51.191+0300][12156.522s][info ][gc,start    ] GC(26) Pause Cleanup
[2025-09-02T19:27:51.191+0300][12156.523s][info ][gc          ] GC(26) Pause Cleanup 1801M->1801M(2048M) 0.452ms
[2025-09-02T19:27:51.191+0300][12156.523s][info ][gc,cpu      ] GC(26) User=0.00s Sys=0.00s Real=0.00s
[2025-09-02T19:27:51.191+0300][12156.523s][info ][gc,marking  ] GC(26) Concurrent Clear Claimed Marks
[2025-09-02T19:27:51.191+0300][12156.523s][info ][gc,marking  ] GC(26) Concurrent Clear Claimed Marks 0.050ms
[2025-09-02T19:27:51.191+0300][12156.523s][info ][gc,marking  ] GC(26) Concurrent Cleanup for Next Mark
[2025-09-02T19:27:51.194+0300][12156.526s][info ][gc,marking  ] GC(26) Concurrent Cleanup for Next Mark 2.534ms
[2025-09-02T19:27:51.194+0300][12156.526s][info ][gc          ] GC(26) Concurrent Mark Cycle 113.197ms
[2025-09-02T19:27:52.874+0300][12158.206s][info ][gc,start    ] GC(27) Pause Young (Prepare Mixed) (G1 Evacuation Pause)
[2025-09-02T19:27:52.874+0300][12158.206s][debug][gc,heap     ] GC(27) Heap before GC invocations=27 (full 0):
[2025-09-02T19:27:52.874+0300][12158.206s][debug][gc,heap     ] GC(27)  garbage-first heap   total 2097152K, used 1965942K [0x0000000780000000, 0x0000000800000000)
[2025-09-02T19:27:52.874+0300][12158.206s][debug][gc,heap     ] GC(27)   region size 1024K, 147 young (150528K), 19 survivors (19456K)
[2025-09-02T19:27:52.875+0300][12158.206s][debug][gc,heap     ] GC(27)  Metaspace       used 31784K, committed 32256K, reserved 1114112K
[2025-09-02T19:27:52.875+0300][12158.206s][debug][gc,heap     ] GC(27)   class space    used 3771K, committed 3968K, reserved 1048576K
[2025-09-02T19:27:52.875+0300][12158.206s][info ][gc,task     ] GC(27) Using 10 workers of 10 for evacuation
[2025-09-02T19:27:52.887+0300][12158.219s][info ][gc,phases   ] GC(27)   Pre Evacuate Collection Set: 0.2ms
[2025-09-02T19:27:52.887+0300][12158.219s][info ][gc,phases   ] GC(27)   Merge Heap Roots: 0.2ms
[2025-09-02T19:27:52.887+0300][12158.219s][info ][gc,phases   ] GC(27)   Evacuate Collection Set: 11.7ms
[2025-09-02T19:27:52.887+0300][12158.219s][info ][gc,phases   ] GC(27)   Post Evacuate Collection Set: 0.3ms
[2025-09-02T19:27:52.887+0300][12158.219s][info ][gc,phases   ] GC(27)   Other: 0.1ms
[2025-09-02T19:27:52.887+0300][12158.219s][info ][gc,heap     ] GC(27) Eden regions: 128->0(109)
[2025-09-02T19:27:52.887+0300][12158.219s][info ][gc,heap     ] GC(27) Survivor regions: 19->19(19)
[2025-09-02T19:27:52.887+0300][12158.219s][info ][gc,heap     ] GC(27) Old regions: 1766->1790
[2025-09-02T19:27:52.887+0300][12158.219s][info ][gc,heap     ] GC(27) Humongous regions: 8->8
[2025-09-02T19:27:52.887+0300][12158.219s][info ][gc,metaspace] GC(27) Metaspace: 31784K(32256K)->31784K(32256K) NonClass: 28012K(28288K)->28012K(28288K) Class: 3771K(3968K)->3771K(3968K)
[2025-09-02T19:27:52.887+0300][12158.219s][debug][gc,heap     ] GC(27) Heap after GC invocations=28 (full 0):
[2025-09-02T19:27:52.887+0300][12158.219s][debug][gc,heap     ] GC(27)  garbage-first heap   total 2097152K, used 1859938K [0x0000000780000000, 0x0000000800000000)
[2025-09-02T19:27:52.887+0300][12158.219s][debug][gc,heap     ] GC(27)   region size 1024K, 19 young (19456K), 19 survivors (19456K)
[2025-09-02T19:27:52.887+0300][12158.219s][debug][gc,heap     ] GC(27)  Metaspace       used 31784K, committed 32256K, reserved 1114112K
[2025-09-02T19:27:52.887+0300][12158.219s][debug][gc,heap     ] GC(27)   class space    used 3771K, committed 3968K, reserved 1048576K
[2025-09-02T19:27:52.887+0300][12158.219s][info ][gc          ] GC(27) Pause Young (Prepare Mixed) (G1 Evacuation Pause) 1920M->1816M(2048M) 12.931ms
[2025-09-02T19:27:52.887+0300][12158.219s][info ][gc,cpu      ] GC(27) User=0.06s Sys=0.05s Real=0.01s
[2025-09-02T19:27:54.363+0300][12159.694s][info ][gc,start    ] GC(28) Pause Young (Mixed) (G1 Evacuation Pause)
[2025-09-02T19:27:54.363+0300][12159.694s][debug][gc,heap     ] GC(28) Heap before GC invocations=28 (full 0):
[2025-09-02T19:27:54.363+0300][12159.694s][debug][gc,heap     ] GC(28)  garbage-first heap   total 2097152K, used 1970530K [0x0000000780000000, 0x0000000800000000)
[2025-09-02T19:27:54.363+0300][12159.694s][debug][gc,heap     ] GC(28)   region size 1024K, 128 young (131072K), 19 survivors (19456K)
[2025-09-02T19:27:54.363+0300][12159.694s][debug][gc,heap     ] GC(28)  Metaspace       used 31784K, committed 32256K, reserved 1114112K
[2025-09-02T19:27:54.363+0300][12159.694s][debug][gc,heap     ] GC(28)   class space    used 3771K, committed 3968K, reserved 1048576K
[2025-09-02T19:27:54.363+0300][12159.695s][info ][gc,task     ] GC(28) Using 10 workers of 10 for evacuation
[2025-09-02T19:27:54.373+0300][12159.705s][info ][gc,phases   ] GC(28)   Pre Evacuate Collection Set: 0.2ms
[2025-09-02T19:27:54.373+0300][12159.705s][info ][gc,phases   ] GC(28)   Merge Heap Roots: 0.1ms
[2025-09-02T19:27:54.373+0300][12159.705s][info ][gc,phases   ] GC(28)   Evacuate Collection Set: 9.6ms
[2025-09-02T19:27:54.373+0300][12159.705s][info ][gc,phases   ] GC(28)   Post Evacuate Collection Set: 0.3ms
[2025-09-02T19:27:54.373+0300][12159.705s][info ][gc,phases   ] GC(28)   Other: 0.1ms
[2025-09-02T19:27:54.373+0300][12159.705s][info ][gc,heap     ] GC(28) Eden regions: 109->0(99)
[2025-09-02T19:27:54.373+0300][12159.705s][info ][gc,heap     ] GC(28) Survivor regions: 19->16(16)
[2025-09-02T19:27:54.373+0300][12159.705s][info ][gc,heap     ] GC(28) Old regions: 1790->1806
[2025-09-02T19:27:54.373+0300][12159.705s][info ][gc,heap     ] GC(28) Humongous regions: 8->8
[2025-09-02T19:27:54.373+0300][12159.705s][info ][gc,metaspace] GC(28) Metaspace: 31784K(32256K)->31784K(32256K) NonClass: 28012K(28288K)->28012K(28288K) Class: 3771K(3968K)->3771K(3968K)
[2025-09-02T19:27:54.373+0300][12159.705s][debug][gc,heap     ] GC(28) Heap after GC invocations=29 (full 0):
[2025-09-02T19:27:54.373+0300][12159.705s][debug][gc,heap     ] GC(28)  garbage-first heap   total 2097152K, used 1873315K [0x0000000780000000, 0x0000000800000000)
[2025-09-02T19:27:54.373+0300][12159.705s][debug][gc,heap     ] GC(28)   region size 1024K, 16 young (16384K), 16 survivors (16384K)
[2025-09-02T19:27:54.374+0300][12159.705s][debug][gc,heap     ] GC(28)  Metaspace       used 31784K, committed 32256K, reserved 1114112K
[2025-09-02T19:27:54.374+0300][12159.705s][debug][gc,heap     ] GC(28)   class space    used 3771K, committed 3968K, reserved 1048576K
[2025-09-02T19:27:54.374+0300][12159.705s][info ][gc          ] GC(28) Pause Young (Mixed) (G1 Evacuation Pause) 1925M->1829M(2048M) 10.788ms
[2025-09-02T19:27:54.374+0300][12159.705s][info ][gc,cpu      ] GC(28) User=0.07s Sys=0.03s Real=0.01s
[2025-09-02T19:27:55.797+0300][12161.128s][info ][gc,start    ] GC(29) Pause Young (Concurrent Start) (G1 Evacuation Pause)
[2025-09-02T19:27:55.797+0300][12161.128s][debug][gc,heap     ] GC(29) Heap before GC invocations=29 (full 0):
[2025-09-02T19:27:55.797+0300][12161.128s][debug][gc,heap     ] GC(29)  garbage-first heap   total 2097152K, used 1973667K [0x0000000780000000, 0x0000000800000000)
[2025-09-02T19:27:55.797+0300][12161.128s][debug][gc,heap     ] GC(29)   region size 1024K, 115 young (117760K), 16 survivors (16384K)
[2025-09-02T19:27:55.797+0300][12161.128s][debug][gc,heap     ] GC(29)  Metaspace       used 31784K, committed 32256K, reserved 1114112K
[2025-09-02T19:27:55.797+0300][12161.128s][debug][gc,heap     ] GC(29)   class space    used 3771K, committed 3968K, reserved 1048576K
[2025-09-02T19:27:55.797+0300][12161.128s][info ][gc,task     ] GC(29) Using 10 workers of 10 for evacuation
[2025-09-02T19:27:55.803+0300][12161.135s][info ][gc,phases   ] GC(29)   Pre Evacuate Collection Set: 0.3ms
[2025-09-02T19:27:55.803+0300][12161.135s][info ][gc,phases   ] GC(29)   Merge Heap Roots: 0.1ms
[2025-09-02T19:27:55.803+0300][12161.135s][info ][gc,phases   ] GC(29)   Evacuate Collection Set: 5.6ms
[2025-09-02T19:27:55.803+0300][12161.135s][info ][gc,phases   ] GC(29)   Post Evacuate Collection Set: 0.3ms
[2025-09-02T19:27:55.803+0300][12161.135s][info ][gc,phases   ] GC(29)   Other: 0.1ms
[2025-09-02T19:27:55.803+0300][12161.135s][info ][gc,heap     ] GC(29) Eden regions: 99->0(87)
[2025-09-02T19:27:55.803+0300][12161.135s][info ][gc,heap     ] GC(29) Survivor regions: 16->15(15)
[2025-09-02T19:27:55.803+0300][12161.135s][info ][gc,heap     ] GC(29) Old regions: 1806->1821
[2025-09-02T19:27:55.803+0300][12161.135s][info ][gc,heap     ] GC(29) Humongous regions: 8->8
[2025-09-02T19:27:55.803+0300][12161.135s][info ][gc,metaspace] GC(29) Metaspace: 31784K(32256K)->31784K(32256K) NonClass: 28012K(28288K)->28012K(28288K) Class: 3771K(3968K)->3771K(3968K)
[2025-09-02T19:27:55.803+0300][12161.135s][debug][gc,heap     ] GC(29) Heap after GC invocations=30 (full 0):
[2025-09-02T19:27:55.803+0300][12161.135s][debug][gc,heap     ] GC(29)  garbage-first heap   total 2097152K, used 1887473K [0x0000000780000000, 0x0000000800000000)
[2025-09-02T19:27:55.804+0300][12161.135s][debug][gc,heap     ] GC(29)   region size 1024K, 15 young (15360K), 15 survivors (15360K)
[2025-09-02T19:27:55.804+0300][12161.135s][debug][gc,heap     ] GC(29)  Metaspace       used 31784K, committed 32256K, reserved 1114112K
[2025-09-02T19:27:55.804+0300][12161.135s][debug][gc,heap     ] GC(29)   class space    used 3771K, committed 3968K, reserved 1048576K
[2025-09-02T19:27:55.804+0300][12161.135s][info ][gc          ] GC(29) Pause Young (Concurrent Start) (G1 Evacuation Pause) 1928M->1843M(2048M) 6.888ms
[2025-09-02T19:27:55.804+0300][12161.135s][info ][gc,cpu      ] GC(29) User=0.05s Sys=0.01s Real=0.01s
[2025-09-02T19:27:55.804+0300][12161.135s][info ][gc          ] GC(30) Concurrent Mark Cycle
[2025-09-02T19:27:55.804+0300][12161.135s][info ][gc,marking  ] GC(30) Concurrent Scan Root Regions
[2025-09-02T19:27:55.806+0300][12161.138s][info ][gc,marking  ] GC(30) Concurrent Scan Root Regions 2.689ms
[2025-09-02T19:27:55.806+0300][12161.138s][info ][gc,marking  ] GC(30) Concurrent Mark
[2025-09-02T19:27:55.806+0300][12161.138s][info ][gc,marking  ] GC(30) Concurrent Mark From Roots
[2025-09-02T19:27:55.806+0300][12161.138s][info ][gc,task     ] GC(30) Using 3 workers of 3 for marking
[2025-09-02T19:27:55.891+0300][12161.223s][info ][gc,marking  ] GC(30) Concurrent Mark From Roots 85.014ms
[2025-09-02T19:27:55.892+0300][12161.223s][info ][gc,marking  ] GC(30) Concurrent Preclean
[2025-09-02T19:27:55.892+0300][12161.223s][info ][gc,marking  ] GC(30) Concurrent Preclean 0.173ms
[2025-09-02T19:27:55.892+0300][12161.223s][info ][gc,start    ] GC(30) Pause Remark
[2025-09-02T19:27:55.897+0300][12161.228s][info ][gc          ] GC(30) Pause Remark 1847M->1847M(2048M) 4.756ms
[2025-09-02T19:27:55.897+0300][12161.228s][info ][gc,cpu      ] GC(30) User=0.02s Sys=0.00s Real=0.00s
[2025-09-02T19:27:55.897+0300][12161.228s][info ][gc,marking  ] GC(30) Concurrent Mark 90.415ms
[2025-09-02T19:27:55.897+0300][12161.228s][info ][gc,marking  ] GC(30) Concurrent Rebuild Remembered Sets and Scrub Regions
[2025-09-02T19:27:55.944+0300][12161.276s][info ][gc,marking  ] GC(30) Concurrent Rebuild Remembered Sets and Scrub Regions 47.315ms
[2025-09-02T19:27:55.944+0300][12161.276s][info ][gc,start    ] GC(30) Pause Cleanup
[2025-09-02T19:27:55.945+0300][12161.276s][info ][gc          ] GC(30) Pause Cleanup 1849M->1849M(2048M) 0.454ms
[2025-09-02T19:27:55.945+0300][12161.276s][info ][gc,cpu      ] GC(30) User=0.01s Sys=0.00s Real=0.00s
[2025-09-02T19:27:55.945+0300][12161.276s][info ][gc,marking  ] GC(30) Concurrent Clear Claimed Marks
[2025-09-02T19:27:55.945+0300][12161.277s][info ][gc,marking  ] GC(30) Concurrent Clear Claimed Marks 0.062ms
[2025-09-02T19:27:55.945+0300][12161.277s][info ][gc,marking  ] GC(30) Concurrent Cleanup for Next Mark
[2025-09-02T19:27:55.948+0300][12161.279s][info ][gc,marking  ] GC(30) Concurrent Cleanup for Next Mark 2.555ms
[2025-09-02T19:27:55.948+0300][12161.279s][info ][gc          ] GC(30) Concurrent Mark Cycle 144.020ms
[2025-09-02T19:27:57.431+0300][12162.762s][info ][gc,start    ] GC(31) Pause Young (Prepare Mixed) (G1 Evacuation Pause)
[2025-09-02T19:27:57.431+0300][12162.762s][debug][gc,heap     ] GC(31) Heap before GC invocations=31 (full 0):
[2025-09-02T19:27:57.431+0300][12162.762s][debug][gc,heap     ] GC(31)  garbage-first heap   total 2097152K, used 1975537K [0x0000000780000000, 0x0000000800000000)
[2025-09-02T19:27:57.431+0300][12162.762s][debug][gc,heap     ] GC(31)   region size 1024K, 102 young (104448K), 15 survivors (15360K)
[2025-09-02T19:27:57.431+0300][12162.762s][debug][gc,heap     ] GC(31)  Metaspace       used 31785K, committed 32256K, reserved 1114112K
[2025-09-02T19:27:57.431+0300][12162.762s][debug][gc,heap     ] GC(31)   class space    used 3771K, committed 3968K, reserved 1048576K
[2025-09-02T19:27:57.431+0300][12162.762s][info ][gc,task     ] GC(31) Using 10 workers of 10 for evacuation
[2025-09-02T19:27:57.436+0300][12162.767s][info ][gc,phases   ] GC(31)   Pre Evacuate Collection Set: 0.2ms
[2025-09-02T19:27:57.436+0300][12162.767s][info ][gc,phases   ] GC(31)   Merge Heap Roots: 0.1ms
[2025-09-02T19:27:57.436+0300][12162.767s][info ][gc,phases   ] GC(31)   Evacuate Collection Set: 4.1ms
[2025-09-02T19:27:57.436+0300][12162.767s][info ][gc,phases   ] GC(31)   Post Evacuate Collection Set: 0.4ms
[2025-09-02T19:27:57.436+0300][12162.767s][info ][gc,phases   ] GC(31)   Other: 0.1ms
[2025-09-02T19:27:57.436+0300][12162.767s][info ][gc,heap     ] GC(31) Eden regions: 87->0(97)
[2025-09-02T19:27:57.436+0300][12162.767s][info ][gc,heap     ] GC(31) Survivor regions: 15->5(13)
[2025-09-02T19:27:57.436+0300][12162.767s][info ][gc,heap     ] GC(31) Old regions: 1821->1833
[2025-09-02T19:27:57.436+0300][12162.767s][info ][gc,heap     ] GC(31) Humongous regions: 8->8
[2025-09-02T19:27:57.436+0300][12162.767s][info ][gc,metaspace] GC(31) Metaspace: 31785K(32256K)->31785K(32256K) NonClass: 28013K(28288K)->28013K(28288K) Class: 3771K(3968K)->3771K(3968K)
[2025-09-02T19:27:57.436+0300][12162.767s][debug][gc,heap     ] GC(31) Heap after GC invocations=32 (full 0):
[2025-09-02T19:27:57.436+0300][12162.768s][debug][gc,heap     ] GC(31)  garbage-first heap   total 2097152K, used 1889634K [0x0000000780000000, 0x0000000800000000)
[2025-09-02T19:27:57.436+0300][12162.768s][debug][gc,heap     ] GC(31)   region size 1024K, 5 young (5120K), 5 survivors (5120K)
[2025-09-02T19:27:57.436+0300][12162.768s][debug][gc,heap     ] GC(31)  Metaspace       used 31785K, committed 32256K, reserved 1114112K
[2025-09-02T19:27:57.436+0300][12162.768s][debug][gc,heap     ] GC(31)   class space    used 3771K, committed 3968K, reserved 1048576K
[2025-09-02T19:27:57.436+0300][12162.768s][info ][gc          ] GC(31) Pause Young (Prepare Mixed) (G1 Evacuation Pause) 1930M->1845M(2048M) 5.415ms
[2025-09-02T19:27:57.436+0300][12162.768s][info ][gc,cpu      ] GC(31) User=0.03s Sys=0.00s Real=0.00s
[2025-09-02T19:27:59.421+0300][12164.753s][info ][gc,start    ] GC(32) Pause Young (Mixed) (G1 Evacuation Pause)
[2025-09-02T19:27:59.421+0300][12164.753s][debug][gc,heap     ] GC(32) Heap before GC invocations=32 (full 0):
[2025-09-02T19:27:59.421+0300][12164.753s][debug][gc,heap     ] GC(32)  garbage-first heap   total 2097152K, used 1987938K [0x0000000780000000, 0x0000000800000000)
[2025-09-02T19:27:59.421+0300][12164.753s][debug][gc,heap     ] GC(32)   region size 1024K, 102 young (104448K), 5 survivors (5120K)
[2025-09-02T19:27:59.421+0300][12164.753s][debug][gc,heap     ] GC(32)  Metaspace       used 31785K, committed 32256K, reserved 1114112K
[2025-09-02T19:27:59.421+0300][12164.753s][debug][gc,heap     ] GC(32)   class space    used 3771K, committed 3968K, reserved 1048576K
[2025-09-02T19:27:59.421+0300][12164.753s][info ][gc,task     ] GC(32) Using 10 workers of 10 for evacuation
[2025-09-02T19:27:59.425+0300][12164.757s][info ][gc,phases   ] GC(32)   Pre Evacuate Collection Set: 0.3ms
[2025-09-02T19:27:59.425+0300][12164.757s][info ][gc,phases   ] GC(32)   Merge Heap Roots: 0.1ms
[2025-09-02T19:27:59.426+0300][12164.757s][info ][gc,phases   ] GC(32)   Evacuate Collection Set: 3.0ms
[2025-09-02T19:27:59.426+0300][12164.757s][info ][gc,phases   ] GC(32)   Post Evacuate Collection Set: 0.4ms
[2025-09-02T19:27:59.426+0300][12164.757s][info ][gc,phases   ] GC(32)   Other: 0.1ms
[2025-09-02T19:27:59.426+0300][12164.757s][info ][gc,heap     ] GC(32) Eden regions: 97->0(99)
[2025-09-02T19:27:59.426+0300][12164.757s][info ][gc,heap     ] GC(32) Survivor regions: 5->5(13)
[2025-09-02T19:27:59.426+0300][12164.757s][info ][gc,heap     ] GC(32) Old regions: 1833->1828
[2025-09-02T19:27:59.426+0300][12164.757s][info ][gc,heap     ] GC(32) Humongous regions: 8->8
[2025-09-02T19:27:59.426+0300][12164.757s][info ][gc,metaspace] GC(32) Metaspace: 31785K(32256K)->31785K(32256K) NonClass: 28013K(28288K)->28013K(28288K) Class: 3771K(3968K)->3771K(3968K)
[2025-09-02T19:27:59.426+0300][12164.757s][debug][gc,heap     ] GC(32) Heap after GC invocations=33 (full 0):
[2025-09-02T19:27:59.426+0300][12164.757s][debug][gc,heap     ] GC(32)  garbage-first heap   total 2097152K, used 1884176K [0x0000000780000000, 0x0000000800000000)
[2025-09-02T19:27:59.426+0300][12164.757s][debug][gc,heap     ] GC(32)   region size 1024K, 5 young (5120K), 5 survivors (5120K)
[2025-09-02T19:27:59.426+0300][12164.757s][debug][gc,heap     ] GC(32)  Metaspace       used 31785K, committed 32256K, reserved 1114112K
[2025-09-02T19:27:59.426+0300][12164.757s][debug][gc,heap     ] GC(32)   class space    used 3771K, committed 3968K, reserved 1048576K
[2025-09-02T19:27:59.426+0300][12164.757s][info ][gc          ] GC(32) Pause Young (Mixed) (G1 Evacuation Pause) 1942M->1840M(2048M) 4.485ms
[2025-09-02T19:27:59.426+0300][12164.757s][info ][gc,cpu      ] GC(32) User=0.03s Sys=0.00s Real=0.00s
[2025-09-02T19:28:01.794+0300][12167.126s][info ][gc,heap,exit] Heap
[2025-09-02T19:28:01.794+0300][12167.126s][info ][gc,heap,exit]  garbage-first heap   total 2097152K, used 1908521K [0x0000000780000000, 0x0000000800000000)
[2025-09-02T19:28:01.794+0300][12167.126s][info ][gc,heap,exit]   region size 1024K, 29 young (29696K), 5 survivors (5120K)
[2025-09-02T19:28:01.794+0300][12167.126s][info ][gc,heap,exit]  Metaspace       used 31974K, committed 32384K, reserved 1114112K
[2025-09-02T19:28:01.794+0300][12167.126s][info ][gc,heap,exit]   class space    used 3812K, committed 3968K, reserved 1048576K
