[2025-09-02T20:39:58.373+0300][0.010s][info][gc,init] CardTable entry size: 512
[2025-09-02T20:39:58.373+0300][0.010s][debug][gc,heap] Minimum heap 2147483648  Initial heap 2147483648  Maximum heap 2147483648
[2025-09-02T20:39:58.373+0300][0.010s][info ][gc     ] Using G1
[2025-09-02T20:39:58.385+0300][0.022s][info ][gc,init] Version: 21.0.7+6-b1038.58 (release)
[2025-09-02T20:39:58.385+0300][0.022s][info ][gc,init] CPUs: 12 total, 12 available
[2025-09-02T20:39:58.385+0300][0.022s][info ][gc,init] Memory: 32768M
[2025-09-02T20:39:58.385+0300][0.022s][info ][gc,init] Large Page Support: Disabled
[2025-09-02T20:39:58.385+0300][0.022s][info ][gc,init] NUMA Support: Disabled
[2025-09-02T20:39:58.385+0300][0.022s][info ][gc,init] Compressed Oops: Enabled (Zero based)
[2025-09-02T20:39:58.385+0300][0.022s][info ][gc,init] Heap Region Size: 1M
[2025-09-02T20:39:58.385+0300][0.022s][info ][gc,init] Heap Min Capacity: 2G
[2025-09-02T20:39:58.385+0300][0.022s][info ][gc,init] Heap Initial Capacity: 2G
[2025-09-02T20:39:58.385+0300][0.022s][info ][gc,init] Heap Max Capacity: 2G
[2025-09-02T20:39:58.385+0300][0.022s][info ][gc,init] Pre-touch: Disabled
[2025-09-02T20:39:58.385+0300][0.022s][info ][gc,init] Parallel Workers: 10
[2025-09-02T20:39:58.385+0300][0.022s][info ][gc,init] Concurrent Workers: 3
[2025-09-02T20:39:58.385+0300][0.022s][info ][gc,init] Concurrent Refinement Workers: 10
[2025-09-02T20:39:58.385+0300][0.022s][info ][gc,init] Periodic GC: Disabled
[2025-09-02T20:39:58.408+0300][0.045s][info ][gc,metaspace] CDS archive(s) mapped at: [0x0000000129000000-0x000000012ac32000-0x000000012ac32000), size 29564928, SharedBaseAddress: 0x0000000129000000, ArchiveRelocationMode: 1.
[2025-09-02T20:39:58.408+0300][0.045s][info ][gc,metaspace] Compressed class space mapped at: 0x000000012b000000-0x000000016b000000, reserved size: 1073741824
[2025-09-02T20:39:58.408+0300][0.045s][info ][gc,metaspace] Narrow klass base: 0x0000000129000000, Narrow klass shift: 0, Narrow klass range: 0x100000000
[2025-09-02T20:39:59.466+0300][1.102s][info ][gc,start    ] GC(0) Pause Young (Normal) (G1 Evacuation Pause)
[2025-09-02T20:39:59.466+0300][1.102s][debug][gc,heap     ] GC(0) Heap before GC invocations=0 (full 0):
[2025-09-02T20:39:59.466+0300][1.102s][debug][gc,heap     ] GC(0)  garbage-first heap   total 2097152K, used 106660K [0x0000000780000000, 0x0000000800000000)
[2025-09-02T20:39:59.466+0300][1.102s][debug][gc,heap     ] GC(0)   region size 1024K, 102 young (104448K), 0 survivors (0K)
[2025-09-02T20:39:59.466+0300][1.102s][debug][gc,heap     ] GC(0)  Metaspace       used 15655K, committed 16000K, reserved 1114112K
[2025-09-02T20:39:59.466+0300][1.102s][debug][gc,heap     ] GC(0)   class space    used 1950K, committed 2112K, reserved 1048576K
[2025-09-02T20:39:59.466+0300][1.103s][info ][gc,task     ] GC(0) Using 10 workers of 10 for evacuation
[2025-09-02T20:39:59.472+0300][1.108s][info ][gc,phases   ] GC(0)   Pre Evacuate Collection Set: 0.2ms
[2025-09-02T20:39:59.472+0300][1.108s][info ][gc,phases   ] GC(0)   Merge Heap Roots: 0.2ms
[2025-09-02T20:39:59.472+0300][1.108s][info ][gc,phases   ] GC(0)   Evacuate Collection Set: 4.1ms
[2025-09-02T20:39:59.472+0300][1.108s][info ][gc,phases   ] GC(0)   Post Evacuate Collection Set: 0.6ms
[2025-09-02T20:39:59.472+0300][1.108s][info ][gc,phases   ] GC(0)   Other: 0.7ms
[2025-09-02T20:39:59.472+0300][1.108s][info ][gc,heap     ] GC(0) Eden regions: 102->0(95)
[2025-09-02T20:39:59.472+0300][1.108s][info ][gc,heap     ] GC(0) Survivor regions: 0->7(13)
[2025-09-02T20:39:59.472+0300][1.108s][info ][gc,heap     ] GC(0) Old regions: 3->3
[2025-09-02T20:39:59.472+0300][1.108s][info ][gc,heap     ] GC(0) Humongous regions: 0->0
[2025-09-02T20:39:59.472+0300][1.108s][info ][gc,metaspace] GC(0) Metaspace: 15655K(16000K)->15655K(16000K) NonClass: 13704K(13888K)->13704K(13888K) Class: 1950K(2112K)->1950K(2112K)
[2025-09-02T20:39:59.472+0300][1.108s][debug][gc,heap     ] GC(0) Heap after GC invocations=1 (full 0):
[2025-09-02T20:39:59.472+0300][1.108s][debug][gc,heap     ] GC(0)  garbage-first heap   total 2097152K, used 9188K [0x0000000780000000, 0x0000000800000000)
[2025-09-02T20:39:59.472+0300][1.108s][debug][gc,heap     ] GC(0)   region size 1024K, 7 young (7168K), 7 survivors (7168K)
[2025-09-02T20:39:59.472+0300][1.108s][debug][gc,heap     ] GC(0)  Metaspace       used 15655K, committed 16000K, reserved 1114112K
[2025-09-02T20:39:59.472+0300][1.108s][debug][gc,heap     ] GC(0)   class space    used 1950K, committed 2112K, reserved 1048576K
[2025-09-02T20:39:59.472+0300][1.108s][info ][gc          ] GC(0) Pause Young (Normal) (G1 Evacuation Pause) 104M->8M(2048M) 6.191ms
[2025-09-02T20:39:59.472+0300][1.108s][info ][gc,cpu      ] GC(0) User=0.04s Sys=0.01s Real=0.01s
[2025-09-02T20:39:59.970+0300][1.607s][info ][gc,start    ] GC(1) Pause Young (Concurrent Start) (Metadata GC Threshold)
[2025-09-02T20:39:59.970+0300][1.607s][debug][gc,heap     ] GC(1) Heap before GC invocations=1 (full 0):
[2025-09-02T20:39:59.970+0300][1.607s][debug][gc,heap     ] GC(1)  garbage-first heap   total 2097152K, used 52196K [0x0000000780000000, 0x0000000800000000)
[2025-09-02T20:39:59.971+0300][1.607s][debug][gc,heap     ] GC(1)   region size 1024K, 50 young (51200K), 7 survivors (7168K)
[2025-09-02T20:39:59.971+0300][1.607s][debug][gc,heap     ] GC(1)  Metaspace       used 21111K, committed 21504K, reserved 1114112K
[2025-09-02T20:39:59.971+0300][1.607s][debug][gc,heap     ] GC(1)   class space    used 2693K, committed 2880K, reserved 1048576K
[2025-09-02T20:39:59.971+0300][1.607s][info ][gc,task     ] GC(1) Using 10 workers of 10 for evacuation
[2025-09-02T20:39:59.976+0300][1.612s][info ][gc,phases   ] GC(1)   Pre Evacuate Collection Set: 0.3ms
[2025-09-02T20:39:59.976+0300][1.612s][info ][gc,phases   ] GC(1)   Merge Heap Roots: 0.1ms
[2025-09-02T20:39:59.976+0300][1.612s][info ][gc,phases   ] GC(1)   Evacuate Collection Set: 4.1ms
[2025-09-02T20:39:59.976+0300][1.613s][info ][gc,phases   ] GC(1)   Post Evacuate Collection Set: 0.7ms
[2025-09-02T20:39:59.976+0300][1.613s][info ][gc,phases   ] GC(1)   Other: 0.1ms
[2025-09-02T20:39:59.976+0300][1.613s][info ][gc,heap     ] GC(1) Eden regions: 43->0(93)
[2025-09-02T20:39:59.976+0300][1.613s][info ][gc,heap     ] GC(1) Survivor regions: 7->9(13)
[2025-09-02T20:39:59.976+0300][1.613s][info ][gc,heap     ] GC(1) Old regions: 3->3
[2025-09-02T20:39:59.976+0300][1.613s][info ][gc,heap     ] GC(1) Humongous regions: 0->0
[2025-09-02T20:39:59.976+0300][1.613s][info ][gc,metaspace] GC(1) Metaspace: 21111K(21504K)->21111K(21504K) NonClass: 18417K(18624K)->18417K(18624K) Class: 2693K(2880K)->2693K(2880K)
[2025-09-02T20:39:59.976+0300][1.613s][debug][gc,heap     ] GC(1) Heap after GC invocations=2 (full 0):
[2025-09-02T20:39:59.976+0300][1.613s][debug][gc,heap     ] GC(1)  garbage-first heap   total 2097152K, used 11428K [0x0000000780000000, 0x0000000800000000)
[2025-09-02T20:39:59.976+0300][1.613s][debug][gc,heap     ] GC(1)   region size 1024K, 9 young (9216K), 9 survivors (9216K)
[2025-09-02T20:39:59.976+0300][1.613s][debug][gc,heap     ] GC(1)  Metaspace       used 21111K, committed 21504K, reserved 1114112K
[2025-09-02T20:39:59.976+0300][1.613s][debug][gc,heap     ] GC(1)   class space    used 2693K, committed 2880K, reserved 1048576K
[2025-09-02T20:39:59.976+0300][1.613s][info ][gc          ] GC(1) Pause Young (Concurrent Start) (Metadata GC Threshold) 51M->11M(2048M) 5.581ms
[2025-09-02T20:39:59.976+0300][1.613s][info ][gc,cpu      ] GC(1) User=0.04s Sys=0.00s Real=0.00s
[2025-09-02T20:39:59.976+0300][1.613s][info ][gc          ] GC(2) Concurrent Mark Cycle
[2025-09-02T20:39:59.976+0300][1.613s][info ][gc,marking  ] GC(2) Concurrent Scan Root Regions
[2025-09-02T20:39:59.979+0300][1.616s][info ][gc,marking  ] GC(2) Concurrent Scan Root Regions 3.121ms
[2025-09-02T20:39:59.979+0300][1.616s][info ][gc,marking  ] GC(2) Concurrent Mark
[2025-09-02T20:39:59.979+0300][1.616s][info ][gc,marking  ] GC(2) Concurrent Mark From Roots
[2025-09-02T20:39:59.979+0300][1.616s][info ][gc,task     ] GC(2) Using 3 workers of 3 for marking
[2025-09-02T20:39:59.982+0300][1.618s][info ][gc,marking  ] GC(2) Concurrent Mark From Roots 2.534ms
[2025-09-02T20:39:59.982+0300][1.619s][info ][gc,marking  ] GC(2) Concurrent Preclean
[2025-09-02T20:39:59.982+0300][1.619s][info ][gc,marking  ] GC(2) Concurrent Preclean 0.023ms
[2025-09-02T20:39:59.982+0300][1.619s][info ][gc,start    ] GC(2) Pause Remark
[2025-09-02T20:39:59.984+0300][1.620s][info ][gc          ] GC(2) Pause Remark 12M->12M(2048M) 1.706ms
[2025-09-02T20:39:59.984+0300][1.620s][info ][gc,cpu      ] GC(2) User=0.01s Sys=0.00s Real=0.00s
[2025-09-02T20:39:59.984+0300][1.621s][info ][gc,marking  ] GC(2) Concurrent Mark 4.600ms
[2025-09-02T20:39:59.984+0300][1.621s][info ][gc,marking  ] GC(2) Concurrent Rebuild Remembered Sets and Scrub Regions
[2025-09-02T20:39:59.985+0300][1.622s][info ][gc,marking  ] GC(2) Concurrent Rebuild Remembered Sets and Scrub Regions 1.129ms
[2025-09-02T20:39:59.985+0300][1.622s][info ][gc,start    ] GC(2) Pause Cleanup
[2025-09-02T20:39:59.985+0300][1.622s][info ][gc          ] GC(2) Pause Cleanup 12M->12M(2048M) 0.155ms
[2025-09-02T20:39:59.985+0300][1.622s][info ][gc,cpu      ] GC(2) User=0.01s Sys=0.00s Real=0.00s
[2025-09-02T20:39:59.985+0300][1.622s][info ][gc,marking  ] GC(2) Concurrent Clear Claimed Marks
[2025-09-02T20:39:59.985+0300][1.622s][info ][gc,marking  ] GC(2) Concurrent Clear Claimed Marks 0.040ms
[2025-09-02T20:39:59.985+0300][1.622s][info ][gc,marking  ] GC(2) Concurrent Cleanup for Next Mark
[2025-09-02T20:39:59.997+0300][1.634s][info ][gc,marking  ] GC(2) Concurrent Cleanup for Next Mark 11.404ms
[2025-09-02T20:39:59.997+0300][1.634s][info ][gc          ] GC(2) Concurrent Mark Cycle 20.856ms
[2025-09-02T20:40:17.057+0300][18.693s][info ][gc,start    ] GC(3) Pause Young (Prepare Mixed) (G1 Evacuation Pause)
[2025-09-02T20:40:17.057+0300][18.693s][debug][gc,heap     ] GC(3) Heap before GC invocations=3 (full 0):
[2025-09-02T20:40:17.057+0300][18.693s][debug][gc,heap     ] GC(3)  garbage-first heap   total 2097152K, used 106660K [0x0000000780000000, 0x0000000800000000)
[2025-09-02T20:40:17.057+0300][18.693s][debug][gc,heap     ] GC(3)   region size 1024K, 102 young (104448K), 9 survivors (9216K)
[2025-09-02T20:40:17.057+0300][18.693s][debug][gc,heap     ] GC(3)  Metaspace       used 27741K, committed 28224K, reserved 1114112K
[2025-09-02T20:40:17.057+0300][18.693s][debug][gc,heap     ] GC(3)   class space    used 3563K, committed 3776K, reserved 1048576K
[2025-09-02T20:40:17.057+0300][18.693s][info ][gc,task     ] GC(3) Using 10 workers of 10 for evacuation
[2025-09-02T20:40:17.077+0300][18.714s][info ][gc,phases   ] GC(3)   Pre Evacuate Collection Set: 0.2ms
[2025-09-02T20:40:17.077+0300][18.714s][info ][gc,phases   ] GC(3)   Merge Heap Roots: 0.1ms
[2025-09-02T20:40:17.077+0300][18.714s][info ][gc,phases   ] GC(3)   Evacuate Collection Set: 19.3ms
[2025-09-02T20:40:17.077+0300][18.714s][info ][gc,phases   ] GC(3)   Post Evacuate Collection Set: 0.9ms
[2025-09-02T20:40:17.077+0300][18.714s][info ][gc,phases   ] GC(3)   Other: 0.1ms
[2025-09-02T20:40:17.077+0300][18.714s][info ][gc,heap     ] GC(3) Eden regions: 93->0(89)
[2025-09-02T20:40:17.077+0300][18.714s][info ][gc,heap     ] GC(3) Survivor regions: 9->13(13)
[2025-09-02T20:40:17.077+0300][18.714s][info ][gc,heap     ] GC(3) Old regions: 3->44
[2025-09-02T20:40:17.077+0300][18.714s][info ][gc,heap     ] GC(3) Humongous regions: 0->0
[2025-09-02T20:40:17.078+0300][18.714s][info ][gc,metaspace] GC(3) Metaspace: 27741K(28224K)->27741K(28224K) NonClass: 24178K(24448K)->24178K(24448K) Class: 3563K(3776K)->3563K(3776K)
[2025-09-02T20:40:17.078+0300][18.714s][debug][gc,heap     ] GC(3) Heap after GC invocations=4 (full 0):
[2025-09-02T20:40:17.078+0300][18.714s][debug][gc,heap     ] GC(3)  garbage-first heap   total 2097152K, used 57508K [0x0000000780000000, 0x0000000800000000)
[2025-09-02T20:40:17.078+0300][18.714s][debug][gc,heap     ] GC(3)   region size 1024K, 13 young (13312K), 13 survivors (13312K)
[2025-09-02T20:40:17.078+0300][18.714s][debug][gc,heap     ] GC(3)  Metaspace       used 27741K, committed 28224K, reserved 1114112K
[2025-09-02T20:40:17.078+0300][18.714s][debug][gc,heap     ] GC(3)   class space    used 3563K, committed 3776K, reserved 1048576K
[2025-09-02T20:40:17.078+0300][18.714s][info ][gc          ] GC(3) Pause Young (Prepare Mixed) (G1 Evacuation Pause) 104M->56M(2048M) 21.197ms
[2025-09-02T20:40:17.078+0300][18.714s][info ][gc,cpu      ] GC(3) User=0.06s Sys=0.10s Real=0.02s
[2025-09-02T20:40:17.172+0300][18.808s][info ][gc,start    ] GC(4) Pause Young (Mixed) (G1 Evacuation Pause)
[2025-09-02T20:40:17.172+0300][18.808s][debug][gc,heap     ] GC(4) Heap before GC invocations=4 (full 0):
[2025-09-02T20:40:17.172+0300][18.808s][debug][gc,heap     ] GC(4)  garbage-first heap   total 2097152K, used 148644K [0x0000000780000000, 0x0000000800000000)
[2025-09-02T20:40:17.172+0300][18.808s][debug][gc,heap     ] GC(4)   region size 1024K, 102 young (104448K), 13 survivors (13312K)
[2025-09-02T20:40:17.172+0300][18.808s][debug][gc,heap     ] GC(4)  Metaspace       used 27741K, committed 28224K, reserved 1114112K
[2025-09-02T20:40:17.172+0300][18.808s][debug][gc,heap     ] GC(4)   class space    used 3563K, committed 3776K, reserved 1048576K
[2025-09-02T20:40:17.172+0300][18.808s][info ][gc,task     ] GC(4) Using 10 workers of 10 for evacuation
[2025-09-02T20:40:17.208+0300][18.845s][info ][gc,phases   ] GC(4)   Pre Evacuate Collection Set: 0.2ms
[2025-09-02T20:40:17.208+0300][18.845s][info ][gc,phases   ] GC(4)   Merge Heap Roots: 0.1ms
[2025-09-02T20:40:17.208+0300][18.845s][info ][gc,phases   ] GC(4)   Evacuate Collection Set: 35.6ms
[2025-09-02T20:40:17.208+0300][18.845s][info ][gc,phases   ] GC(4)   Post Evacuate Collection Set: 0.3ms
[2025-09-02T20:40:17.208+0300][18.845s][info ][gc,phases   ] GC(4)   Other: 0.1ms
[2025-09-02T20:40:17.208+0300][18.845s][info ][gc,heap     ] GC(4) Eden regions: 89->0(89)
[2025-09-02T20:40:17.208+0300][18.845s][info ][gc,heap     ] GC(4) Survivor regions: 13->13(13)
[2025-09-02T20:40:17.208+0300][18.845s][info ][gc,heap     ] GC(4) Old regions: 44->134
[2025-09-02T20:40:17.208+0300][18.845s][info ][gc,heap     ] GC(4) Humongous regions: 0->0
[2025-09-02T20:40:17.208+0300][18.845s][info ][gc,metaspace] GC(4) Metaspace: 27741K(28224K)->27741K(28224K) NonClass: 24178K(24448K)->24178K(24448K) Class: 3563K(3776K)->3563K(3776K)
[2025-09-02T20:40:17.208+0300][18.845s][debug][gc,heap     ] GC(4) Heap after GC invocations=5 (full 0):
[2025-09-02T20:40:17.208+0300][18.845s][debug][gc,heap     ] GC(4)  garbage-first heap   total 2097152K, used 150016K [0x0000000780000000, 0x0000000800000000)
[2025-09-02T20:40:17.208+0300][18.845s][debug][gc,heap     ] GC(4)   region size 1024K, 13 young (13312K), 13 survivors (13312K)
[2025-09-02T20:40:17.208+0300][18.845s][debug][gc,heap     ] GC(4)  Metaspace       used 27741K, committed 28224K, reserved 1114112K
[2025-09-02T20:40:17.208+0300][18.845s][debug][gc,heap     ] GC(4)   class space    used 3563K, committed 3776K, reserved 1048576K
[2025-09-02T20:40:17.208+0300][18.845s][info ][gc          ] GC(4) Pause Young (Mixed) (G1 Evacuation Pause) 145M->146M(2048M) 36.549ms
[2025-09-02T20:40:17.208+0300][18.845s][info ][gc,cpu      ] GC(4) User=0.07s Sys=0.21s Real=0.03s
[2025-09-02T20:40:17.306+0300][18.942s][info ][gc,start    ] GC(5) Pause Young (Normal) (G1 Evacuation Pause)
[2025-09-02T20:40:17.306+0300][18.942s][debug][gc,heap     ] GC(5) Heap before GC invocations=5 (full 0):
[2025-09-02T20:40:17.306+0300][18.942s][debug][gc,heap     ] GC(5)  garbage-first heap   total 2097152K, used 242176K [0x0000000780000000, 0x0000000800000000)
[2025-09-02T20:40:17.306+0300][18.942s][debug][gc,heap     ] GC(5)   region size 1024K, 102 young (104448K), 13 survivors (13312K)
[2025-09-02T20:40:17.306+0300][18.942s][debug][gc,heap     ] GC(5)  Metaspace       used 27741K, committed 28224K, reserved 1114112K
[2025-09-02T20:40:17.306+0300][18.942s][debug][gc,heap     ] GC(5)   class space    used 3563K, committed 3776K, reserved 1048576K
[2025-09-02T20:40:17.306+0300][18.942s][info ][gc,task     ] GC(5) Using 10 workers of 10 for evacuation
[2025-09-02T20:40:17.344+0300][18.981s][info ][gc,phases   ] GC(5)   Pre Evacuate Collection Set: 0.1ms
[2025-09-02T20:40:17.344+0300][18.981s][info ][gc,phases   ] GC(5)   Merge Heap Roots: 0.1ms
[2025-09-02T20:40:17.344+0300][18.981s][info ][gc,phases   ] GC(5)   Evacuate Collection Set: 37.7ms
[2025-09-02T20:40:17.344+0300][18.981s][info ][gc,phases   ] GC(5)   Post Evacuate Collection Set: 0.2ms
[2025-09-02T20:40:17.344+0300][18.981s][info ][gc,phases   ] GC(5)   Other: 0.0ms
[2025-09-02T20:40:17.344+0300][18.981s][info ][gc,heap     ] GC(5) Eden regions: 89->0(89)
[2025-09-02T20:40:17.344+0300][18.981s][info ][gc,heap     ] GC(5) Survivor regions: 13->13(13)
[2025-09-02T20:40:17.344+0300][18.981s][info ][gc,heap     ] GC(5) Old regions: 134->224
[2025-09-02T20:40:17.344+0300][18.981s][info ][gc,heap     ] GC(5) Humongous regions: 1->1
[2025-09-02T20:40:17.344+0300][18.981s][info ][gc,metaspace] GC(5) Metaspace: 27741K(28224K)->27741K(28224K) NonClass: 24178K(24448K)->24178K(24448K) Class: 3563K(3776K)->3563K(3776K)
[2025-09-02T20:40:17.344+0300][18.981s][debug][gc,heap     ] GC(5) Heap after GC invocations=6 (full 0):
[2025-09-02T20:40:17.344+0300][18.981s][debug][gc,heap     ] GC(5)  garbage-first heap   total 2097152K, used 243712K [0x0000000780000000, 0x0000000800000000)
[2025-09-02T20:40:17.344+0300][18.981s][debug][gc,heap     ] GC(5)   region size 1024K, 13 young (13312K), 13 survivors (13312K)
[2025-09-02T20:40:17.344+0300][18.981s][debug][gc,heap     ] GC(5)  Metaspace       used 27741K, committed 28224K, reserved 1114112K
[2025-09-02T20:40:17.344+0300][18.981s][debug][gc,heap     ] GC(5)   class space    used 3563K, committed 3776K, reserved 1048576K
[2025-09-02T20:40:17.344+0300][18.981s][info ][gc          ] GC(5) Pause Young (Normal) (G1 Evacuation Pause) 236M->238M(2048M) 38.569ms
[2025-09-02T20:40:17.344+0300][18.981s][info ][gc,cpu      ] GC(5) User=0.07s Sys=0.23s Real=0.04s
[2025-09-02T20:40:17.432+0300][19.069s][info ][gc,start    ] GC(6) Pause Young (Normal) (G1 Evacuation Pause)
[2025-09-02T20:40:17.432+0300][19.069s][debug][gc,heap     ] GC(6) Heap before GC invocations=6 (full 0):
[2025-09-02T20:40:17.432+0300][19.069s][debug][gc,heap     ] GC(6)  garbage-first heap   total 2097152K, used 334848K [0x0000000780000000, 0x0000000800000000)
[2025-09-02T20:40:17.432+0300][19.069s][debug][gc,heap     ] GC(6)   region size 1024K, 102 young (104448K), 13 survivors (13312K)
[2025-09-02T20:40:17.432+0300][19.069s][debug][gc,heap     ] GC(6)  Metaspace       used 27748K, committed 28224K, reserved 1114112K
[2025-09-02T20:40:17.432+0300][19.069s][debug][gc,heap     ] GC(6)   class space    used 3563K, committed 3776K, reserved 1048576K
[2025-09-02T20:40:17.432+0300][19.069s][info ][gc,task     ] GC(6) Using 10 workers of 10 for evacuation
[2025-09-02T20:40:17.464+0300][19.101s][info ][gc,phases   ] GC(6)   Pre Evacuate Collection Set: 0.1ms
[2025-09-02T20:40:17.464+0300][19.101s][info ][gc,phases   ] GC(6)   Merge Heap Roots: 0.1ms
[2025-09-02T20:40:17.464+0300][19.101s][info ][gc,phases   ] GC(6)   Evacuate Collection Set: 31.7ms
[2025-09-02T20:40:17.464+0300][19.101s][info ][gc,phases   ] GC(6)   Post Evacuate Collection Set: 0.2ms
[2025-09-02T20:40:17.464+0300][19.101s][info ][gc,phases   ] GC(6)   Other: 0.0ms
[2025-09-02T20:40:17.464+0300][19.101s][info ][gc,heap     ] GC(6) Eden regions: 89->0(89)
[2025-09-02T20:40:17.464+0300][19.101s][info ][gc,heap     ] GC(6) Survivor regions: 13->13(13)
[2025-09-02T20:40:17.464+0300][19.101s][info ][gc,heap     ] GC(6) Old regions: 224->316
[2025-09-02T20:40:17.464+0300][19.101s][info ][gc,heap     ] GC(6) Humongous regions: 1->1
[2025-09-02T20:40:17.464+0300][19.101s][info ][gc,metaspace] GC(6) Metaspace: 27748K(28224K)->27748K(28224K) NonClass: 24185K(24448K)->24185K(24448K) Class: 3563K(3776K)->3563K(3776K)
[2025-09-02T20:40:17.464+0300][19.101s][debug][gc,heap     ] GC(6) Heap after GC invocations=7 (full 0):
[2025-09-02T20:40:17.464+0300][19.101s][debug][gc,heap     ] GC(6)  garbage-first heap   total 2097152K, used 337408K [0x0000000780000000, 0x0000000800000000)
[2025-09-02T20:40:17.464+0300][19.101s][debug][gc,heap     ] GC(6)   region size 1024K, 13 young (13312K), 13 survivors (13312K)
[2025-09-02T20:40:17.464+0300][19.101s][debug][gc,heap     ] GC(6)  Metaspace       used 27748K, committed 28224K, reserved 1114112K
[2025-09-02T20:40:17.464+0300][19.101s][debug][gc,heap     ] GC(6)   class space    used 3563K, committed 3776K, reserved 1048576K
[2025-09-02T20:40:17.464+0300][19.101s][info ][gc          ] GC(6) Pause Young (Normal) (G1 Evacuation Pause) 327M->329M(2048M) 32.419ms
[2025-09-02T20:40:17.464+0300][19.101s][info ][gc,cpu      ] GC(6) User=0.06s Sys=0.20s Real=0.03s
[2025-09-02T20:40:17.554+0300][19.190s][info ][gc,start    ] GC(7) Pause Young (Normal) (G1 Evacuation Pause)
[2025-09-02T20:40:17.554+0300][19.190s][debug][gc,heap     ] GC(7) Heap before GC invocations=7 (full 0):
[2025-09-02T20:40:17.554+0300][19.190s][debug][gc,heap     ] GC(7)  garbage-first heap   total 2097152K, used 428544K [0x0000000780000000, 0x0000000800000000)
[2025-09-02T20:40:17.554+0300][19.190s][debug][gc,heap     ] GC(7)   region size 1024K, 102 young (104448K), 13 survivors (13312K)
[2025-09-02T20:40:17.554+0300][19.190s][debug][gc,heap     ] GC(7)  Metaspace       used 27748K, committed 28224K, reserved 1114112K
[2025-09-02T20:40:17.554+0300][19.190s][debug][gc,heap     ] GC(7)   class space    used 3563K, committed 3776K, reserved 1048576K
[2025-09-02T20:40:17.554+0300][19.190s][info ][gc,task     ] GC(7) Using 10 workers of 10 for evacuation
[2025-09-02T20:40:17.594+0300][19.231s][info ][gc,phases   ] GC(7)   Pre Evacuate Collection Set: 0.2ms
[2025-09-02T20:40:17.594+0300][19.231s][info ][gc,phases   ] GC(7)   Merge Heap Roots: 0.1ms
[2025-09-02T20:40:17.594+0300][19.231s][info ][gc,phases   ] GC(7)   Evacuate Collection Set: 39.9ms
[2025-09-02T20:40:17.594+0300][19.231s][info ][gc,phases   ] GC(7)   Post Evacuate Collection Set: 0.3ms
[2025-09-02T20:40:17.594+0300][19.231s][info ][gc,phases   ] GC(7)   Other: 0.1ms
[2025-09-02T20:40:17.594+0300][19.231s][info ][gc,heap     ] GC(7) Eden regions: 89->0(89)
[2025-09-02T20:40:17.594+0300][19.231s][info ][gc,heap     ] GC(7) Survivor regions: 13->13(13)
[2025-09-02T20:40:17.594+0300][19.231s][info ][gc,heap     ] GC(7) Old regions: 316->408
[2025-09-02T20:40:17.594+0300][19.231s][info ][gc,heap     ] GC(7) Humongous regions: 1->1
[2025-09-02T20:40:17.594+0300][19.231s][info ][gc,metaspace] GC(7) Metaspace: 27748K(28224K)->27748K(28224K) NonClass: 24185K(24448K)->24185K(24448K) Class: 3563K(3776K)->3563K(3776K)
[2025-09-02T20:40:17.594+0300][19.231s][debug][gc,heap     ] GC(7) Heap after GC invocations=8 (full 0):
[2025-09-02T20:40:17.594+0300][19.231s][debug][gc,heap     ] GC(7)  garbage-first heap   total 2097152K, used 431616K [0x0000000780000000, 0x0000000800000000)
[2025-09-02T20:40:17.594+0300][19.231s][debug][gc,heap     ] GC(7)   region size 1024K, 13 young (13312K), 13 survivors (13312K)
[2025-09-02T20:40:17.594+0300][19.231s][debug][gc,heap     ] GC(7)  Metaspace       used 27748K, committed 28224K, reserved 1114112K
[2025-09-02T20:40:17.594+0300][19.231s][debug][gc,heap     ] GC(7)   class space    used 3563K, committed 3776K, reserved 1048576K
[2025-09-02T20:40:17.594+0300][19.231s][info ][gc          ] GC(7) Pause Young (Normal) (G1 Evacuation Pause) 418M->421M(2048M) 40.818ms
[2025-09-02T20:40:17.595+0300][19.231s][info ][gc,cpu      ] GC(7) User=0.07s Sys=0.24s Real=0.04s
[2025-09-02T20:40:17.709+0300][19.345s][info ][gc,start    ] GC(8) Pause Young (Normal) (G1 Evacuation Pause)
[2025-09-02T20:40:17.709+0300][19.345s][debug][gc,heap     ] GC(8) Heap before GC invocations=8 (full 0):
[2025-09-02T20:40:17.709+0300][19.345s][debug][gc,heap     ] GC(8)  garbage-first heap   total 2097152K, used 524800K [0x0000000780000000, 0x0000000800000000)
[2025-09-02T20:40:17.709+0300][19.345s][debug][gc,heap     ] GC(8)   region size 1024K, 102 young (104448K), 13 survivors (13312K)
[2025-09-02T20:40:17.709+0300][19.345s][debug][gc,heap     ] GC(8)  Metaspace       used 27748K, committed 28224K, reserved 1114112K
[2025-09-02T20:40:17.709+0300][19.345s][debug][gc,heap     ] GC(8)   class space    used 3563K, committed 3776K, reserved 1048576K
[2025-09-02T20:40:17.709+0300][19.345s][info ][gc,task     ] GC(8) Using 10 workers of 10 for evacuation
[2025-09-02T20:40:17.745+0300][19.382s][info ][gc,phases   ] GC(8)   Pre Evacuate Collection Set: 0.1ms
[2025-09-02T20:40:17.746+0300][19.382s][info ][gc,phases   ] GC(8)   Merge Heap Roots: 0.1ms
[2025-09-02T20:40:17.746+0300][19.382s][info ][gc,phases   ] GC(8)   Evacuate Collection Set: 36.1ms
[2025-09-02T20:40:17.746+0300][19.382s][info ][gc,phases   ] GC(8)   Post Evacuate Collection Set: 0.3ms
[2025-09-02T20:40:17.746+0300][19.382s][info ][gc,phases   ] GC(8)   Other: 0.1ms
[2025-09-02T20:40:17.746+0300][19.382s][info ][gc,heap     ] GC(8) Eden regions: 89->0(89)
[2025-09-02T20:40:17.746+0300][19.382s][info ][gc,heap     ] GC(8) Survivor regions: 13->13(13)
[2025-09-02T20:40:17.746+0300][19.382s][info ][gc,heap     ] GC(8) Old regions: 408->499
[2025-09-02T20:40:17.746+0300][19.382s][info ][gc,heap     ] GC(8) Humongous regions: 3->3
[2025-09-02T20:40:17.746+0300][19.382s][info ][gc,metaspace] GC(8) Metaspace: 27748K(28224K)->27748K(28224K) NonClass: 24185K(24448K)->24185K(24448K) Class: 3563K(3776K)->3563K(3776K)
[2025-09-02T20:40:17.746+0300][19.382s][debug][gc,heap     ] GC(8) Heap after GC invocations=9 (full 0):
[2025-09-02T20:40:17.746+0300][19.382s][debug][gc,heap     ] GC(8)  garbage-first heap   total 2097152K, used 527360K [0x0000000780000000, 0x0000000800000000)
[2025-09-02T20:40:17.746+0300][19.382s][debug][gc,heap     ] GC(8)   region size 1024K, 13 young (13312K), 13 survivors (13312K)
[2025-09-02T20:40:17.746+0300][19.382s][debug][gc,heap     ] GC(8)  Metaspace       used 27748K, committed 28224K, reserved 1114112K
[2025-09-02T20:40:17.746+0300][19.382s][debug][gc,heap     ] GC(8)   class space    used 3563K, committed 3776K, reserved 1048576K
[2025-09-02T20:40:17.746+0300][19.382s][info ][gc          ] GC(8) Pause Young (Normal) (G1 Evacuation Pause) 512M->515M(2048M) 37.011ms
[2025-09-02T20:40:17.746+0300][19.382s][info ][gc,cpu      ] GC(8) User=0.07s Sys=0.21s Real=0.04s
[2025-09-02T20:40:17.832+0300][19.468s][info ][gc,start    ] GC(9) Pause Young (Normal) (G1 Evacuation Pause)
[2025-09-02T20:40:17.832+0300][19.468s][debug][gc,heap     ] GC(9) Heap before GC invocations=9 (full 0):
[2025-09-02T20:40:17.832+0300][19.468s][debug][gc,heap     ] GC(9)  garbage-first heap   total 2097152K, used 618496K [0x0000000780000000, 0x0000000800000000)
[2025-09-02T20:40:17.832+0300][19.468s][debug][gc,heap     ] GC(9)   region size 1024K, 102 young (104448K), 13 survivors (13312K)
[2025-09-02T20:40:17.832+0300][19.468s][debug][gc,heap     ] GC(9)  Metaspace       used 27748K, committed 28224K, reserved 1114112K
[2025-09-02T20:40:17.832+0300][19.468s][debug][gc,heap     ] GC(9)   class space    used 3563K, committed 3776K, reserved 1048576K
[2025-09-02T20:40:17.832+0300][19.468s][info ][gc,task     ] GC(9) Using 10 workers of 10 for evacuation
[2025-09-02T20:40:17.873+0300][19.509s][info ][gc,phases   ] GC(9)   Pre Evacuate Collection Set: 0.2ms
[2025-09-02T20:40:17.873+0300][19.509s][info ][gc,phases   ] GC(9)   Merge Heap Roots: 0.1ms
[2025-09-02T20:40:17.873+0300][19.509s][info ][gc,phases   ] GC(9)   Evacuate Collection Set: 40.2ms
[2025-09-02T20:40:17.873+0300][19.509s][info ][gc,phases   ] GC(9)   Post Evacuate Collection Set: 0.3ms
[2025-09-02T20:40:17.873+0300][19.509s][info ][gc,phases   ] GC(9)   Other: 0.0ms
[2025-09-02T20:40:17.873+0300][19.509s][info ][gc,heap     ] GC(9) Eden regions: 89->0(89)
[2025-09-02T20:40:17.873+0300][19.509s][info ][gc,heap     ] GC(9) Survivor regions: 13->13(13)
[2025-09-02T20:40:17.873+0300][19.509s][info ][gc,heap     ] GC(9) Old regions: 499->591
[2025-09-02T20:40:17.873+0300][19.509s][info ][gc,heap     ] GC(9) Humongous regions: 3->3
[2025-09-02T20:40:17.873+0300][19.509s][info ][gc,metaspace] GC(9) Metaspace: 27748K(28224K)->27748K(28224K) NonClass: 24185K(24448K)->24185K(24448K) Class: 3563K(3776K)->3563K(3776K)
[2025-09-02T20:40:17.873+0300][19.509s][debug][gc,heap     ] GC(9) Heap after GC invocations=10 (full 0):
[2025-09-02T20:40:17.873+0300][19.509s][debug][gc,heap     ] GC(9)  garbage-first heap   total 2097152K, used 621568K [0x0000000780000000, 0x0000000800000000)
[2025-09-02T20:40:17.873+0300][19.509s][debug][gc,heap     ] GC(9)   region size 1024K, 13 young (13312K), 13 survivors (13312K)
[2025-09-02T20:40:17.873+0300][19.509s][debug][gc,heap     ] GC(9)  Metaspace       used 27748K, committed 28224K, reserved 1114112K
[2025-09-02T20:40:17.873+0300][19.509s][debug][gc,heap     ] GC(9)   class space    used 3563K, committed 3776K, reserved 1048576K
[2025-09-02T20:40:17.873+0300][19.509s][info ][gc          ] GC(9) Pause Young (Normal) (G1 Evacuation Pause) 604M->607M(2048M) 41.245ms
[2025-09-02T20:40:17.873+0300][19.509s][info ][gc,cpu      ] GC(9) User=0.07s Sys=0.24s Real=0.04s
[2025-09-02T20:40:17.961+0300][19.598s][info ][gc,start    ] GC(10) Pause Young (Normal) (G1 Evacuation Pause)
[2025-09-02T20:40:17.961+0300][19.598s][debug][gc,heap     ] GC(10) Heap before GC invocations=10 (full 0):
[2025-09-02T20:40:17.961+0300][19.598s][debug][gc,heap     ] GC(10)  garbage-first heap   total 2097152K, used 712704K [0x0000000780000000, 0x0000000800000000)
[2025-09-02T20:40:17.961+0300][19.598s][debug][gc,heap     ] GC(10)   region size 1024K, 102 young (104448K), 13 survivors (13312K)
[2025-09-02T20:40:17.961+0300][19.598s][debug][gc,heap     ] GC(10)  Metaspace       used 27748K, committed 28224K, reserved 1114112K
[2025-09-02T20:40:17.961+0300][19.598s][debug][gc,heap     ] GC(10)   class space    used 3563K, committed 3776K, reserved 1048576K
[2025-09-02T20:40:17.961+0300][19.598s][info ][gc,task     ] GC(10) Using 10 workers of 10 for evacuation
[2025-09-02T20:40:18.002+0300][19.638s][info ][gc,phases   ] GC(10)   Pre Evacuate Collection Set: 0.2ms
[2025-09-02T20:40:18.002+0300][19.638s][info ][gc,phases   ] GC(10)   Merge Heap Roots: 0.2ms
[2025-09-02T20:40:18.002+0300][19.638s][info ][gc,phases   ] GC(10)   Evacuate Collection Set: 39.7ms
[2025-09-02T20:40:18.002+0300][19.638s][info ][gc,phases   ] GC(10)   Post Evacuate Collection Set: 0.4ms
[2025-09-02T20:40:18.002+0300][19.639s][info ][gc,phases   ] GC(10)   Other: 0.1ms
[2025-09-02T20:40:18.002+0300][19.639s][info ][gc,heap     ] GC(10) Eden regions: 89->0(89)
[2025-09-02T20:40:18.002+0300][19.639s][info ][gc,heap     ] GC(10) Survivor regions: 13->13(13)
[2025-09-02T20:40:18.002+0300][19.639s][info ][gc,heap     ] GC(10) Old regions: 591->683
[2025-09-02T20:40:18.002+0300][19.639s][info ][gc,heap     ] GC(10) Humongous regions: 3->3
[2025-09-02T20:40:18.002+0300][19.639s][info ][gc,metaspace] GC(10) Metaspace: 27748K(28224K)->27748K(28224K) NonClass: 24185K(24448K)->24185K(24448K) Class: 3563K(3776K)->3563K(3776K)
[2025-09-02T20:40:18.002+0300][19.639s][debug][gc,heap     ] GC(10) Heap after GC invocations=11 (full 0):
[2025-09-02T20:40:18.002+0300][19.639s][debug][gc,heap     ] GC(10)  garbage-first heap   total 2097152K, used 715264K [0x0000000780000000, 0x0000000800000000)
[2025-09-02T20:40:18.002+0300][19.639s][debug][gc,heap     ] GC(10)   region size 1024K, 13 young (13312K), 13 survivors (13312K)
[2025-09-02T20:40:18.002+0300][19.639s][debug][gc,heap     ] GC(10)  Metaspace       used 27748K, committed 28224K, reserved 1114112K
[2025-09-02T20:40:18.002+0300][19.639s][debug][gc,heap     ] GC(10)   class space    used 3563K, committed 3776K, reserved 1048576K
[2025-09-02T20:40:18.002+0300][19.639s][info ][gc          ] GC(10) Pause Young (Normal) (G1 Evacuation Pause) 696M->698M(2048M) 40.810ms
[2025-09-02T20:40:18.002+0300][19.639s][info ][gc,cpu      ] GC(10) User=0.08s Sys=0.23s Real=0.04s
[2025-09-02T20:40:18.090+0300][19.727s][info ][gc,start    ] GC(11) Pause Young (Concurrent Start) (G1 Evacuation Pause)
[2025-09-02T20:40:18.090+0300][19.727s][debug][gc,heap     ] GC(11) Heap before GC invocations=11 (full 0):
[2025-09-02T20:40:18.090+0300][19.727s][debug][gc,heap     ] GC(11)  garbage-first heap   total 2097152K, used 806400K [0x0000000780000000, 0x0000000800000000)
[2025-09-02T20:40:18.090+0300][19.727s][debug][gc,heap     ] GC(11)   region size 1024K, 102 young (104448K), 13 survivors (13312K)
[2025-09-02T20:40:18.090+0300][19.727s][debug][gc,heap     ] GC(11)  Metaspace       used 27748K, committed 28224K, reserved 1114112K
[2025-09-02T20:40:18.090+0300][19.727s][debug][gc,heap     ] GC(11)   class space    used 3563K, committed 3776K, reserved 1048576K
[2025-09-02T20:40:18.090+0300][19.727s][info ][gc,task     ] GC(11) Using 10 workers of 10 for evacuation
[2025-09-02T20:40:18.130+0300][19.767s][info ][gc,phases   ] GC(11)   Pre Evacuate Collection Set: 0.2ms
[2025-09-02T20:40:18.131+0300][19.767s][info ][gc,phases   ] GC(11)   Merge Heap Roots: 0.2ms
[2025-09-02T20:40:18.131+0300][19.767s][info ][gc,phases   ] GC(11)   Evacuate Collection Set: 39.3ms
[2025-09-02T20:40:18.131+0300][19.767s][info ][gc,phases   ] GC(11)   Post Evacuate Collection Set: 0.3ms
[2025-09-02T20:40:18.131+0300][19.767s][info ][gc,phases   ] GC(11)   Other: 0.2ms
[2025-09-02T20:40:18.131+0300][19.767s][info ][gc,heap     ] GC(11) Eden regions: 89->0(89)
[2025-09-02T20:40:18.131+0300][19.767s][info ][gc,heap     ] GC(11) Survivor regions: 13->13(13)
[2025-09-02T20:40:18.131+0300][19.767s][info ][gc,heap     ] GC(11) Old regions: 683->774
[2025-09-02T20:40:18.131+0300][19.767s][info ][gc,heap     ] GC(11) Humongous regions: 3->3
[2025-09-02T20:40:18.131+0300][19.767s][info ][gc,metaspace] GC(11) Metaspace: 27748K(28224K)->27748K(28224K) NonClass: 24185K(24448K)->24185K(24448K) Class: 3563K(3776K)->3563K(3776K)
[2025-09-02T20:40:18.131+0300][19.767s][debug][gc,heap     ] GC(11) Heap after GC invocations=12 (full 0):
[2025-09-02T20:40:18.131+0300][19.767s][debug][gc,heap     ] GC(11)  garbage-first heap   total 2097152K, used 808448K [0x0000000780000000, 0x0000000800000000)
[2025-09-02T20:40:18.131+0300][19.767s][debug][gc,heap     ] GC(11)   region size 1024K, 13 young (13312K), 13 survivors (13312K)
[2025-09-02T20:40:18.131+0300][19.767s][debug][gc,heap     ] GC(11)  Metaspace       used 27748K, committed 28224K, reserved 1114112K
[2025-09-02T20:40:18.131+0300][19.767s][debug][gc,heap     ] GC(11)   class space    used 3563K, committed 3776K, reserved 1048576K
[2025-09-02T20:40:18.131+0300][19.767s][info ][gc          ] GC(11) Pause Young (Concurrent Start) (G1 Evacuation Pause) 787M->789M(2048M) 40.588ms
[2025-09-02T20:40:18.131+0300][19.767s][info ][gc,cpu      ] GC(11) User=0.07s Sys=0.23s Real=0.04s
[2025-09-02T20:40:18.131+0300][19.767s][info ][gc          ] GC(12) Concurrent Mark Cycle
[2025-09-02T20:40:18.131+0300][19.767s][info ][gc,marking  ] GC(12) Concurrent Scan Root Regions
[2025-09-02T20:40:18.133+0300][19.769s][info ][gc,marking  ] GC(12) Concurrent Scan Root Regions 2.098ms
[2025-09-02T20:40:18.133+0300][19.770s][info ][gc,marking  ] GC(12) Concurrent Mark
[2025-09-02T20:40:18.133+0300][19.770s][info ][gc,marking  ] GC(12) Concurrent Mark From Roots
[2025-09-02T20:40:18.133+0300][19.770s][info ][gc,task     ] GC(12) Using 3 workers of 3 for marking
[2025-09-02T20:40:18.158+0300][19.795s][info ][gc,marking  ] GC(12) Concurrent Mark From Roots 25.442ms
[2025-09-02T20:40:18.159+0300][19.795s][info ][gc,marking  ] GC(12) Concurrent Preclean
[2025-09-02T20:40:18.159+0300][19.795s][info ][gc,marking  ] GC(12) Concurrent Preclean 0.068ms
[2025-09-02T20:40:18.159+0300][19.795s][info ][gc,start    ] GC(12) Pause Remark
[2025-09-02T20:40:18.161+0300][19.797s][info ][gc          ] GC(12) Pause Remark 811M->810M(2048M) 2.339ms
[2025-09-02T20:40:18.161+0300][19.798s][info ][gc,cpu      ] GC(12) User=0.01s Sys=0.00s Real=0.01s
[2025-09-02T20:40:18.161+0300][19.798s][info ][gc,marking  ] GC(12) Concurrent Mark 28.098ms
[2025-09-02T20:40:18.161+0300][19.798s][info ][gc,marking  ] GC(12) Concurrent Rebuild Remembered Sets and Scrub Regions
[2025-09-02T20:40:18.175+0300][19.812s][info ][gc,marking  ] GC(12) Concurrent Rebuild Remembered Sets and Scrub Regions 14.042ms
[2025-09-02T20:40:18.175+0300][19.812s][info ][gc,start    ] GC(12) Pause Cleanup
[2025-09-02T20:40:18.176+0300][19.812s][info ][gc          ] GC(12) Pause Cleanup 821M->821M(2048M) 0.566ms
[2025-09-02T20:40:18.176+0300][19.812s][info ][gc,cpu      ] GC(12) User=0.00s Sys=0.00s Real=0.00s
[2025-09-02T20:40:18.176+0300][19.813s][info ][gc,marking  ] GC(12) Concurrent Clear Claimed Marks
[2025-09-02T20:40:18.176+0300][19.813s][info ][gc,marking  ] GC(12) Concurrent Clear Claimed Marks 0.054ms
[2025-09-02T20:40:18.176+0300][19.813s][info ][gc,marking  ] GC(12) Concurrent Cleanup for Next Mark
[2025-09-02T20:40:18.178+0300][19.815s][info ][gc,marking  ] GC(12) Concurrent Cleanup for Next Mark 2.222ms
[2025-09-02T20:40:18.178+0300][19.815s][info ][gc          ] GC(12) Concurrent Mark Cycle 47.502ms
[2025-09-02T20:40:18.265+0300][19.902s][info ][gc,start    ] GC(13) Pause Young (Prepare Mixed) (G1 Evacuation Pause)
[2025-09-02T20:40:18.265+0300][19.902s][debug][gc,heap     ] GC(13) Heap before GC invocations=13 (full 0):
[2025-09-02T20:40:18.265+0300][19.902s][debug][gc,heap     ] GC(13)  garbage-first heap   total 2097152K, used 901632K [0x0000000780000000, 0x0000000800000000)
[2025-09-02T20:40:18.265+0300][19.902s][debug][gc,heap     ] GC(13)   region size 1024K, 102 young (104448K), 13 survivors (13312K)
[2025-09-02T20:40:18.265+0300][19.902s][debug][gc,heap     ] GC(13)  Metaspace       used 27748K, committed 28224K, reserved 1114112K
[2025-09-02T20:40:18.265+0300][19.902s][debug][gc,heap     ] GC(13)   class space    used 3563K, committed 3776K, reserved 1048576K
[2025-09-02T20:40:18.265+0300][19.902s][info ][gc,task     ] GC(13) Using 10 workers of 10 for evacuation
[2025-09-02T20:40:18.308+0300][19.945s][info ][gc,phases   ] GC(13)   Pre Evacuate Collection Set: 0.2ms
[2025-09-02T20:40:18.308+0300][19.945s][info ][gc,phases   ] GC(13)   Merge Heap Roots: 0.2ms
[2025-09-02T20:40:18.308+0300][19.945s][info ][gc,phases   ] GC(13)   Evacuate Collection Set: 42.2ms
[2025-09-02T20:40:18.308+0300][19.945s][info ][gc,phases   ] GC(13)   Post Evacuate Collection Set: 0.3ms
[2025-09-02T20:40:18.308+0300][19.945s][info ][gc,phases   ] GC(13)   Other: 0.1ms
[2025-09-02T20:40:18.308+0300][19.945s][info ][gc,heap     ] GC(13) Eden regions: 89->0(89)
[2025-09-02T20:40:18.308+0300][19.945s][info ][gc,heap     ] GC(13) Survivor regions: 13->13(13)
[2025-09-02T20:40:18.308+0300][19.945s][info ][gc,heap     ] GC(13) Old regions: 774->865
[2025-09-02T20:40:18.308+0300][19.945s][info ][gc,heap     ] GC(13) Humongous regions: 5->5
[2025-09-02T20:40:18.308+0300][19.945s][info ][gc,metaspace] GC(13) Metaspace: 27748K(28224K)->27748K(28224K) NonClass: 24185K(24448K)->24185K(24448K) Class: 3563K(3776K)->3563K(3776K)
[2025-09-02T20:40:18.308+0300][19.945s][debug][gc,heap     ] GC(13) Heap after GC invocations=14 (full 0):
[2025-09-02T20:40:18.308+0300][19.945s][debug][gc,heap     ] GC(13)  garbage-first heap   total 2097152K, used 904192K [0x0000000780000000, 0x0000000800000000)
[2025-09-02T20:40:18.308+0300][19.945s][debug][gc,heap     ] GC(13)   region size 1024K, 13 young (13312K), 13 survivors (13312K)
[2025-09-02T20:40:18.308+0300][19.945s][debug][gc,heap     ] GC(13)  Metaspace       used 27748K, committed 28224K, reserved 1114112K
[2025-09-02T20:40:18.308+0300][19.945s][debug][gc,heap     ] GC(13)   class space    used 3563K, committed 3776K, reserved 1048576K
[2025-09-02T20:40:18.308+0300][19.945s][info ][gc          ] GC(13) Pause Young (Prepare Mixed) (G1 Evacuation Pause) 880M->883M(2048M) 43.196ms
[2025-09-02T20:40:18.308+0300][19.945s][info ][gc,cpu      ] GC(13) User=0.09s Sys=0.25s Real=0.04s
[2025-09-02T20:40:18.396+0300][20.033s][info ][gc,start    ] GC(14) Pause Young (Mixed) (G1 Evacuation Pause)
[2025-09-02T20:40:18.396+0300][20.033s][debug][gc,heap     ] GC(14) Heap before GC invocations=14 (full 0):
[2025-09-02T20:40:18.396+0300][20.033s][debug][gc,heap     ] GC(14)  garbage-first heap   total 2097152K, used 995328K [0x0000000780000000, 0x0000000800000000)
[2025-09-02T20:40:18.396+0300][20.033s][debug][gc,heap     ] GC(14)   region size 1024K, 102 young (104448K), 13 survivors (13312K)
[2025-09-02T20:40:18.396+0300][20.033s][debug][gc,heap     ] GC(14)  Metaspace       used 27748K, committed 28224K, reserved 1114112K
[2025-09-02T20:40:18.396+0300][20.033s][debug][gc,heap     ] GC(14)   class space    used 3563K, committed 3776K, reserved 1048576K
[2025-09-02T20:40:18.396+0300][20.033s][info ][gc,task     ] GC(14) Using 10 workers of 10 for evacuation
[2025-09-02T20:40:18.436+0300][20.072s][info ][gc,phases   ] GC(14)   Pre Evacuate Collection Set: 0.1ms
[2025-09-02T20:40:18.436+0300][20.072s][info ][gc,phases   ] GC(14)   Merge Heap Roots: 0.1ms
[2025-09-02T20:40:18.436+0300][20.072s][info ][gc,phases   ] GC(14)   Evacuate Collection Set: 38.6ms
[2025-09-02T20:40:18.436+0300][20.072s][info ][gc,phases   ] GC(14)   Post Evacuate Collection Set: 0.3ms
[2025-09-02T20:40:18.436+0300][20.072s][info ][gc,phases   ] GC(14)   Other: 0.1ms
[2025-09-02T20:40:18.436+0300][20.072s][info ][gc,heap     ] GC(14) Eden regions: 89->0(89)
[2025-09-02T20:40:18.436+0300][20.072s][info ][gc,heap     ] GC(14) Survivor regions: 13->13(13)
[2025-09-02T20:40:18.436+0300][20.072s][info ][gc,heap     ] GC(14) Old regions: 865->956
[2025-09-02T20:40:18.436+0300][20.072s][info ][gc,heap     ] GC(14) Humongous regions: 5->5
[2025-09-02T20:40:18.436+0300][20.072s][info ][gc,metaspace] GC(14) Metaspace: 27748K(28224K)->27748K(28224K) NonClass: 24185K(24448K)->24185K(24448K) Class: 3563K(3776K)->3563K(3776K)
[2025-09-02T20:40:18.436+0300][20.072s][debug][gc,heap     ] GC(14) Heap after GC invocations=15 (full 0):
[2025-09-02T20:40:18.436+0300][20.072s][debug][gc,heap     ] GC(14)  garbage-first heap   total 2097152K, used 996864K [0x0000000780000000, 0x0000000800000000)
[2025-09-02T20:40:18.436+0300][20.072s][debug][gc,heap     ] GC(14)   region size 1024K, 13 young (13312K), 13 survivors (13312K)
[2025-09-02T20:40:18.436+0300][20.072s][debug][gc,heap     ] GC(14)  Metaspace       used 27748K, committed 28224K, reserved 1114112K
[2025-09-02T20:40:18.436+0300][20.072s][debug][gc,heap     ] GC(14)   class space    used 3563K, committed 3776K, reserved 1048576K
[2025-09-02T20:40:18.436+0300][20.072s][info ][gc          ] GC(14) Pause Young (Mixed) (G1 Evacuation Pause) 972M->973M(2048M) 39.523ms
[2025-09-02T20:40:18.436+0300][20.072s][info ][gc,cpu      ] GC(14) User=0.07s Sys=0.22s Real=0.04s
[2025-09-02T20:40:18.529+0300][20.165s][info ][gc,start    ] GC(15) Pause Young (Mixed) (G1 Evacuation Pause)
[2025-09-02T20:40:18.529+0300][20.166s][debug][gc,heap     ] GC(15) Heap before GC invocations=15 (full 0):
[2025-09-02T20:40:18.529+0300][20.166s][debug][gc,heap     ] GC(15)  garbage-first heap   total 2097152K, used 1088000K [0x0000000780000000, 0x0000000800000000)
[2025-09-02T20:40:18.529+0300][20.166s][debug][gc,heap     ] GC(15)   region size 1024K, 102 young (104448K), 13 survivors (13312K)
[2025-09-02T20:40:18.529+0300][20.166s][debug][gc,heap     ] GC(15)  Metaspace       used 27748K, committed 28224K, reserved 1114112K
[2025-09-02T20:40:18.529+0300][20.166s][debug][gc,heap     ] GC(15)   class space    used 3563K, committed 3776K, reserved 1048576K
[2025-09-02T20:40:18.529+0300][20.166s][info ][gc,task     ] GC(15) Using 10 workers of 10 for evacuation
[2025-09-02T20:40:18.575+0300][20.211s][info ][gc,phases   ] GC(15)   Pre Evacuate Collection Set: 0.2ms
[2025-09-02T20:40:18.575+0300][20.212s][info ][gc,phases   ] GC(15)   Merge Heap Roots: 0.2ms
[2025-09-02T20:40:18.575+0300][20.212s][info ][gc,phases   ] GC(15)   Evacuate Collection Set: 44.9ms
[2025-09-02T20:40:18.575+0300][20.212s][info ][gc,phases   ] GC(15)   Post Evacuate Collection Set: 0.3ms
[2025-09-02T20:40:18.575+0300][20.212s][info ][gc,phases   ] GC(15)   Other: 0.1ms
[2025-09-02T20:40:18.575+0300][20.212s][info ][gc,heap     ] GC(15) Eden regions: 89->0(89)
[2025-09-02T20:40:18.575+0300][20.212s][info ][gc,heap     ] GC(15) Survivor regions: 13->13(13)
[2025-09-02T20:40:18.575+0300][20.212s][info ][gc,heap     ] GC(15) Old regions: 956->1047
[2025-09-02T20:40:18.575+0300][20.212s][info ][gc,heap     ] GC(15) Humongous regions: 5->5
[2025-09-02T20:40:18.575+0300][20.212s][info ][gc,metaspace] GC(15) Metaspace: 27748K(28224K)->27748K(28224K) NonClass: 24185K(24448K)->24185K(24448K) Class: 3563K(3776K)->3563K(3776K)
[2025-09-02T20:40:18.575+0300][20.212s][debug][gc,heap     ] GC(15) Heap after GC invocations=16 (full 0):
[2025-09-02T20:40:18.575+0300][20.212s][debug][gc,heap     ] GC(15)  garbage-first heap   total 2097152K, used 1090560K [0x0000000780000000, 0x0000000800000000)
[2025-09-02T20:40:18.575+0300][20.212s][debug][gc,heap     ] GC(15)   region size 1024K, 13 young (13312K), 13 survivors (13312K)
[2025-09-02T20:40:18.575+0300][20.212s][debug][gc,heap     ] GC(15)  Metaspace       used 27748K, committed 28224K, reserved 1114112K
[2025-09-02T20:40:18.575+0300][20.212s][debug][gc,heap     ] GC(15)   class space    used 3563K, committed 3776K, reserved 1048576K
[2025-09-02T20:40:18.575+0300][20.212s][info ][gc          ] GC(15) Pause Young (Mixed) (G1 Evacuation Pause) 1062M->1065M(2048M) 46.281ms
[2025-09-02T20:40:18.575+0300][20.212s][info ][gc,cpu      ] GC(15) User=0.07s Sys=0.21s Real=0.05s
[2025-09-02T20:40:18.696+0300][20.333s][info ][gc,start    ] GC(16) Pause Young (Mixed) (G1 Evacuation Pause)
[2025-09-02T20:40:18.696+0300][20.333s][debug][gc,heap     ] GC(16) Heap before GC invocations=16 (full 0):
[2025-09-02T20:40:18.696+0300][20.333s][debug][gc,heap     ] GC(16)  garbage-first heap   total 2097152K, used 1181696K [0x0000000780000000, 0x0000000800000000)
[2025-09-02T20:40:18.696+0300][20.333s][debug][gc,heap     ] GC(16)   region size 1024K, 102 young (104448K), 13 survivors (13312K)
[2025-09-02T20:40:18.696+0300][20.333s][debug][gc,heap     ] GC(16)  Metaspace       used 27748K, committed 28224K, reserved 1114112K
[2025-09-02T20:40:18.697+0300][20.333s][debug][gc,heap     ] GC(16)   class space    used 3563K, committed 3776K, reserved 1048576K
[2025-09-02T20:40:18.697+0300][20.333s][info ][gc,task     ] GC(16) Using 10 workers of 10 for evacuation
[2025-09-02T20:40:18.741+0300][20.377s][info ][gc,phases   ] GC(16)   Pre Evacuate Collection Set: 0.2ms
[2025-09-02T20:40:18.741+0300][20.378s][info ][gc,phases   ] GC(16)   Merge Heap Roots: 0.1ms
[2025-09-02T20:40:18.741+0300][20.378s][info ][gc,phases   ] GC(16)   Evacuate Collection Set: 43.8ms
[2025-09-02T20:40:18.741+0300][20.378s][info ][gc,phases   ] GC(16)   Post Evacuate Collection Set: 0.4ms
[2025-09-02T20:40:18.741+0300][20.378s][info ][gc,phases   ] GC(16)   Other: 0.1ms
[2025-09-02T20:40:18.741+0300][20.378s][info ][gc,heap     ] GC(16) Eden regions: 89->0(89)
[2025-09-02T20:40:18.741+0300][20.378s][info ][gc,heap     ] GC(16) Survivor regions: 13->13(13)
[2025-09-02T20:40:18.741+0300][20.378s][info ][gc,heap     ] GC(16) Old regions: 1047->1139
[2025-09-02T20:40:18.741+0300][20.378s][info ][gc,heap     ] GC(16) Humongous regions: 5->5
[2025-09-02T20:40:18.741+0300][20.378s][info ][gc,metaspace] GC(16) Metaspace: 27748K(28224K)->27748K(28224K) NonClass: 24185K(24448K)->24185K(24448K) Class: 3563K(3776K)->3563K(3776K)
[2025-09-02T20:40:18.741+0300][20.378s][debug][gc,heap     ] GC(16) Heap after GC invocations=17 (full 0):
[2025-09-02T20:40:18.741+0300][20.378s][debug][gc,heap     ] GC(16)  garbage-first heap   total 2097152K, used 1184768K [0x0000000780000000, 0x0000000800000000)
[2025-09-02T20:40:18.741+0300][20.378s][debug][gc,heap     ] GC(16)   region size 1024K, 13 young (13312K), 13 survivors (13312K)
[2025-09-02T20:40:18.741+0300][20.378s][debug][gc,heap     ] GC(16)  Metaspace       used 27748K, committed 28224K, reserved 1114112K
[2025-09-02T20:40:18.741+0300][20.378s][debug][gc,heap     ] GC(16)   class space    used 3563K, committed 3776K, reserved 1048576K
[2025-09-02T20:40:18.741+0300][20.378s][info ][gc          ] GC(16) Pause Young (Mixed) (G1 Evacuation Pause) 1154M->1157M(2048M) 44.825ms
[2025-09-02T20:40:18.741+0300][20.378s][info ][gc,cpu      ] GC(16) User=0.08s Sys=0.25s Real=0.05s
[2025-09-02T20:40:18.851+0300][20.488s][info ][gc,start    ] GC(17) Pause Young (Mixed) (G1 Evacuation Pause)
[2025-09-02T20:40:18.851+0300][20.488s][debug][gc,heap     ] GC(17) Heap before GC invocations=17 (full 0):
[2025-09-02T20:40:18.851+0300][20.488s][debug][gc,heap     ] GC(17)  garbage-first heap   total 2097152K, used 1275904K [0x0000000780000000, 0x0000000800000000)
[2025-09-02T20:40:18.851+0300][20.488s][debug][gc,heap     ] GC(17)   region size 1024K, 102 young (104448K), 13 survivors (13312K)
[2025-09-02T20:40:18.851+0300][20.488s][debug][gc,heap     ] GC(17)  Metaspace       used 27748K, committed 28224K, reserved 1114112K
[2025-09-02T20:40:18.851+0300][20.488s][debug][gc,heap     ] GC(17)   class space    used 3563K, committed 3776K, reserved 1048576K
[2025-09-02T20:40:18.851+0300][20.488s][info ][gc,task     ] GC(17) Using 10 workers of 10 for evacuation
[2025-09-02T20:40:18.894+0300][20.531s][info ][gc,phases   ] GC(17)   Pre Evacuate Collection Set: 0.2ms
[2025-09-02T20:40:18.894+0300][20.531s][info ][gc,phases   ] GC(17)   Merge Heap Roots: 0.2ms
[2025-09-02T20:40:18.894+0300][20.531s][info ][gc,phases   ] GC(17)   Evacuate Collection Set: 42.3ms
[2025-09-02T20:40:18.894+0300][20.531s][info ][gc,phases   ] GC(17)   Post Evacuate Collection Set: 0.4ms
[2025-09-02T20:40:18.894+0300][20.531s][info ][gc,phases   ] GC(17)   Other: 0.1ms
[2025-09-02T20:40:18.894+0300][20.531s][info ][gc,heap     ] GC(17) Eden regions: 89->0(102)
[2025-09-02T20:40:18.895+0300][20.531s][info ][gc,heap     ] GC(17) Survivor regions: 13->13(13)
[2025-09-02T20:40:18.895+0300][20.531s][info ][gc,heap     ] GC(17) Old regions: 1139->1229
[2025-09-02T20:40:18.895+0300][20.531s][info ][gc,heap     ] GC(17) Humongous regions: 5->5
[2025-09-02T20:40:18.895+0300][20.531s][info ][gc,metaspace] GC(17) Metaspace: 27748K(28224K)->27748K(28224K) NonClass: 24185K(24448K)->24185K(24448K) Class: 3563K(3776K)->3563K(3776K)
[2025-09-02T20:40:18.895+0300][20.531s][debug][gc,heap     ] GC(17) Heap after GC invocations=18 (full 0):
[2025-09-02T20:40:18.895+0300][20.531s][debug][gc,heap     ] GC(17)  garbage-first heap   total 2097152K, used 1276928K [0x0000000780000000, 0x0000000800000000)
[2025-09-02T20:40:18.895+0300][20.531s][debug][gc,heap     ] GC(17)   region size 1024K, 13 young (13312K), 13 survivors (13312K)
[2025-09-02T20:40:18.895+0300][20.531s][debug][gc,heap     ] GC(17)  Metaspace       used 27748K, committed 28224K, reserved 1114112K
[2025-09-02T20:40:18.895+0300][20.531s][debug][gc,heap     ] GC(17)   class space    used 3563K, committed 3776K, reserved 1048576K
[2025-09-02T20:40:18.895+0300][20.531s][info ][gc          ] GC(17) Pause Young (Mixed) (G1 Evacuation Pause) 1246M->1247M(2048M) 43.486ms
[2025-09-02T20:40:18.895+0300][20.531s][info ][gc,cpu      ] GC(17) User=0.08s Sys=0.24s Real=0.04s
[2025-09-02T20:40:18.997+0300][20.634s][info ][gc,start    ] GC(18) Pause Young (Mixed) (G1 Evacuation Pause)
[2025-09-02T20:40:18.997+0300][20.634s][debug][gc,heap     ] GC(18) Heap before GC invocations=18 (full 0):
[2025-09-02T20:40:18.997+0300][20.634s][debug][gc,heap     ] GC(18)  garbage-first heap   total 2097152K, used 1382400K [0x0000000780000000, 0x0000000800000000)
[2025-09-02T20:40:18.997+0300][20.634s][debug][gc,heap     ] GC(18)   region size 1024K, 116 young (118784K), 13 survivors (13312K)
[2025-09-02T20:40:18.997+0300][20.634s][debug][gc,heap     ] GC(18)  Metaspace       used 27748K, committed 28224K, reserved 1114112K
[2025-09-02T20:40:18.997+0300][20.634s][debug][gc,heap     ] GC(18)   class space    used 3563K, committed 3776K, reserved 1048576K
[2025-09-02T20:40:18.997+0300][20.634s][info ][gc,task     ] GC(18) Using 10 workers of 10 for evacuation
[2025-09-02T20:40:19.044+0300][20.680s][info ][gc,phases   ] GC(18)   Pre Evacuate Collection Set: 0.2ms
[2025-09-02T20:40:19.044+0300][20.680s][info ][gc,phases   ] GC(18)   Merge Heap Roots: 0.2ms
[2025-09-02T20:40:19.044+0300][20.680s][info ][gc,phases   ] GC(18)   Evacuate Collection Set: 45.6ms
[2025-09-02T20:40:19.044+0300][20.680s][info ][gc,phases   ] GC(18)   Post Evacuate Collection Set: 0.4ms
[2025-09-02T20:40:19.044+0300][20.680s][info ][gc,phases   ] GC(18)   Other: 0.1ms
[2025-09-02T20:40:19.044+0300][20.680s][info ][gc,heap     ] GC(18) Eden regions: 103->0(87)
[2025-09-02T20:40:19.044+0300][20.680s][info ][gc,heap     ] GC(18) Survivor regions: 13->15(15)
[2025-09-02T20:40:19.044+0300][20.680s][info ][gc,heap     ] GC(18) Old regions: 1229->1333
[2025-09-02T20:40:19.044+0300][20.680s][info ][gc,heap     ] GC(18) Humongous regions: 5->5
[2025-09-02T20:40:19.044+0300][20.680s][info ][gc,metaspace] GC(18) Metaspace: 27748K(28224K)->27748K(28224K) NonClass: 24185K(24448K)->24185K(24448K) Class: 3563K(3776K)->3563K(3776K)
[2025-09-02T20:40:19.044+0300][20.680s][debug][gc,heap     ] GC(18) Heap after GC invocations=19 (full 0):
[2025-09-02T20:40:19.044+0300][20.680s][debug][gc,heap     ] GC(18)  garbage-first heap   total 2097152K, used 1384960K [0x0000000780000000, 0x0000000800000000)
[2025-09-02T20:40:19.044+0300][20.680s][debug][gc,heap     ] GC(18)   region size 1024K, 15 young (15360K), 15 survivors (15360K)
[2025-09-02T20:40:19.044+0300][20.680s][debug][gc,heap     ] GC(18)  Metaspace       used 27748K, committed 28224K, reserved 1114112K
[2025-09-02T20:40:19.044+0300][20.680s][debug][gc,heap     ] GC(18)   class space    used 3563K, committed 3776K, reserved 1048576K
[2025-09-02T20:40:19.044+0300][20.680s][info ][gc          ] GC(18) Pause Young (Mixed) (G1 Evacuation Pause) 1350M->1352M(2048M) 46.708ms
[2025-09-02T20:40:19.044+0300][20.680s][info ][gc,cpu      ] GC(18) User=0.08s Sys=0.27s Real=0.05s
[2025-09-02T20:40:19.126+0300][20.762s][info ][gc,start    ] GC(19) Pause Young (Concurrent Start) (G1 Evacuation Pause)
[2025-09-02T20:40:19.126+0300][20.762s][debug][gc,heap     ] GC(19) Heap before GC invocations=19 (full 0):
[2025-09-02T20:40:19.126+0300][20.762s][debug][gc,heap     ] GC(19)  garbage-first heap   total 2097152K, used 1474048K [0x0000000780000000, 0x0000000800000000)
[2025-09-02T20:40:19.126+0300][20.762s][debug][gc,heap     ] GC(19)   region size 1024K, 102 young (104448K), 15 survivors (15360K)
[2025-09-02T20:40:19.126+0300][20.762s][debug][gc,heap     ] GC(19)  Metaspace       used 27748K, committed 28224K, reserved 1114112K
[2025-09-02T20:40:19.126+0300][20.762s][debug][gc,heap     ] GC(19)   class space    used 3563K, committed 3776K, reserved 1048576K
[2025-09-02T20:40:19.126+0300][20.762s][info ][gc,task     ] GC(19) Using 10 workers of 10 for evacuation
[2025-09-02T20:40:19.159+0300][20.796s][info ][gc,phases   ] GC(19)   Pre Evacuate Collection Set: 0.2ms
[2025-09-02T20:40:19.159+0300][20.796s][info ][gc,phases   ] GC(19)   Merge Heap Roots: 0.2ms
[2025-09-02T20:40:19.159+0300][20.796s][info ][gc,phases   ] GC(19)   Evacuate Collection Set: 33.0ms
[2025-09-02T20:40:19.159+0300][20.796s][info ][gc,phases   ] GC(19)   Post Evacuate Collection Set: 0.2ms
[2025-09-02T20:40:19.159+0300][20.796s][info ][gc,phases   ] GC(19)   Other: 0.1ms
[2025-09-02T20:40:19.159+0300][20.796s][info ][gc,heap     ] GC(19) Eden regions: 87->0(89)
[2025-09-02T20:40:19.159+0300][20.796s][info ][gc,heap     ] GC(19) Survivor regions: 15->13(13)
[2025-09-02T20:40:19.159+0300][20.796s][info ][gc,heap     ] GC(19) Old regions: 1333->1423
[2025-09-02T20:40:19.160+0300][20.796s][info ][gc,heap     ] GC(19) Humongous regions: 5->5
[2025-09-02T20:40:19.160+0300][20.796s][info ][gc,metaspace] GC(19) Metaspace: 27748K(28224K)->27748K(28224K) NonClass: 24185K(24448K)->24185K(24448K) Class: 3563K(3776K)->3563K(3776K)
[2025-09-02T20:40:19.160+0300][20.796s][debug][gc,heap     ] GC(19) Heap after GC invocations=20 (full 0):
[2025-09-02T20:40:19.160+0300][20.796s][debug][gc,heap     ] GC(19)  garbage-first heap   total 2097152K, used 1475584K [0x0000000780000000, 0x0000000800000000)
[2025-09-02T20:40:19.160+0300][20.796s][debug][gc,heap     ] GC(19)   region size 1024K, 13 young (13312K), 13 survivors (13312K)
[2025-09-02T20:40:19.160+0300][20.796s][debug][gc,heap     ] GC(19)  Metaspace       used 27748K, committed 28224K, reserved 1114112K
[2025-09-02T20:40:19.160+0300][20.796s][debug][gc,heap     ] GC(19)   class space    used 3563K, committed 3776K, reserved 1048576K
[2025-09-02T20:40:19.160+0300][20.796s][info ][gc          ] GC(19) Pause Young (Concurrent Start) (G1 Evacuation Pause) 1439M->1441M(2048M) 34.020ms
[2025-09-02T20:40:19.160+0300][20.796s][info ][gc,cpu      ] GC(19) User=0.07s Sys=0.20s Real=0.04s
[2025-09-02T20:40:19.160+0300][20.796s][info ][gc          ] GC(20) Concurrent Mark Cycle
[2025-09-02T20:40:19.160+0300][20.796s][info ][gc,marking  ] GC(20) Concurrent Scan Root Regions
[2025-09-02T20:40:19.162+0300][20.798s][info ][gc,marking  ] GC(20) Concurrent Scan Root Regions 1.858ms
[2025-09-02T20:40:19.162+0300][20.798s][info ][gc,marking  ] GC(20) Concurrent Mark
[2025-09-02T20:40:19.162+0300][20.798s][info ][gc,marking  ] GC(20) Concurrent Mark From Roots
[2025-09-02T20:40:19.162+0300][20.798s][info ][gc,task     ] GC(20) Using 3 workers of 3 for marking
[2025-09-02T20:40:19.199+0300][20.836s][info ][gc,marking  ] GC(20) Concurrent Mark From Roots 37.886ms
[2025-09-02T20:40:19.199+0300][20.836s][info ][gc,marking  ] GC(20) Concurrent Preclean
[2025-09-02T20:40:19.200+0300][20.836s][info ][gc,marking  ] GC(20) Concurrent Preclean 0.063ms
[2025-09-02T20:40:19.200+0300][20.836s][info ][gc,start    ] GC(20) Pause Remark
[2025-09-02T20:40:19.201+0300][20.838s][info ][gc          ] GC(20) Pause Remark 1476M->1474M(2048M) 1.800ms
[2025-09-02T20:40:19.202+0300][20.838s][info ][gc,cpu      ] GC(20) User=0.00s Sys=0.00s Real=0.00s
[2025-09-02T20:40:19.202+0300][20.838s][info ][gc,marking  ] GC(20) Concurrent Mark 40.031ms
[2025-09-02T20:40:19.202+0300][20.838s][info ][gc,marking  ] GC(20) Concurrent Rebuild Remembered Sets and Scrub Regions
[2025-09-02T20:40:19.224+0300][20.860s][info ][gc,marking  ] GC(20) Concurrent Rebuild Remembered Sets and Scrub Regions 22.318ms
[2025-09-02T20:40:19.224+0300][20.861s][info ][gc,start    ] GC(20) Pause Cleanup
[2025-09-02T20:40:19.225+0300][20.861s][info ][gc          ] GC(20) Pause Cleanup 1492M->1492M(2048M) 0.451ms
[2025-09-02T20:40:19.225+0300][20.861s][info ][gc,cpu      ] GC(20) User=0.00s Sys=0.00s Real=0.00s
[2025-09-02T20:40:19.225+0300][20.861s][info ][gc,marking  ] GC(20) Concurrent Clear Claimed Marks
[2025-09-02T20:40:19.225+0300][20.861s][info ][gc,marking  ] GC(20) Concurrent Clear Claimed Marks 0.053ms
[2025-09-02T20:40:19.225+0300][20.861s][info ][gc,marking  ] GC(20) Concurrent Cleanup for Next Mark
[2025-09-02T20:40:19.227+0300][20.863s][info ][gc,marking  ] GC(20) Concurrent Cleanup for Next Mark 1.999ms
[2025-09-02T20:40:19.227+0300][20.863s][info ][gc          ] GC(20) Concurrent Mark Cycle 67.136ms
[2025-09-02T20:40:19.269+0300][20.906s][info ][gc,start    ] GC(21) Pause Young (Prepare Mixed) (G1 Evacuation Pause)
[2025-09-02T20:40:19.269+0300][20.906s][debug][gc,heap     ] GC(21) Heap before GC invocations=21 (full 0):
[2025-09-02T20:40:19.269+0300][20.906s][debug][gc,heap     ] GC(21)  garbage-first heap   total 2097152K, used 1564672K [0x0000000780000000, 0x0000000800000000)
[2025-09-02T20:40:19.269+0300][20.906s][debug][gc,heap     ] GC(21)   region size 1024K, 102 young (104448K), 13 survivors (13312K)
[2025-09-02T20:40:19.269+0300][20.906s][debug][gc,heap     ] GC(21)  Metaspace       used 27748K, committed 28224K, reserved 1114112K
[2025-09-02T20:40:19.269+0300][20.906s][debug][gc,heap     ] GC(21)   class space    used 3563K, committed 3776K, reserved 1048576K
[2025-09-02T20:40:19.269+0300][20.906s][info ][gc,task     ] GC(21) Using 10 workers of 10 for evacuation
[2025-09-02T20:40:19.311+0300][20.947s][info ][gc,phases   ] GC(21)   Pre Evacuate Collection Set: 0.2ms
[2025-09-02T20:40:19.311+0300][20.947s][info ][gc,phases   ] GC(21)   Merge Heap Roots: 0.1ms
[2025-09-02T20:40:19.311+0300][20.947s][info ][gc,phases   ] GC(21)   Evacuate Collection Set: 40.7ms
[2025-09-02T20:40:19.311+0300][20.947s][info ][gc,phases   ] GC(21)   Post Evacuate Collection Set: 0.2ms
[2025-09-02T20:40:19.311+0300][20.947s][info ][gc,phases   ] GC(21)   Other: 0.1ms
[2025-09-02T20:40:19.311+0300][20.947s][info ][gc,heap     ] GC(21) Eden regions: 89->0(104)
[2025-09-02T20:40:19.311+0300][20.947s][info ][gc,heap     ] GC(21) Survivor regions: 13->13(13)
[2025-09-02T20:40:19.311+0300][20.947s][info ][gc,heap     ] GC(21) Old regions: 1423->1515
[2025-09-02T20:40:19.311+0300][20.947s][info ][gc,heap     ] GC(21) Humongous regions: 3->3
[2025-09-02T20:40:19.311+0300][20.947s][info ][gc,metaspace] GC(21) Metaspace: 27748K(28224K)->27748K(28224K) NonClass: 24185K(24448K)->24185K(24448K) Class: 3563K(3776K)->3563K(3776K)
[2025-09-02T20:40:19.311+0300][20.947s][debug][gc,heap     ] GC(21) Heap after GC invocations=22 (full 0):
[2025-09-02T20:40:19.311+0300][20.947s][debug][gc,heap     ] GC(21)  garbage-first heap   total 2097152K, used 1567744K [0x0000000780000000, 0x0000000800000000)
[2025-09-02T20:40:19.311+0300][20.947s][debug][gc,heap     ] GC(21)   region size 1024K, 13 young (13312K), 13 survivors (13312K)
[2025-09-02T20:40:19.311+0300][20.947s][debug][gc,heap     ] GC(21)  Metaspace       used 27748K, committed 28224K, reserved 1114112K
[2025-09-02T20:40:19.311+0300][20.947s][debug][gc,heap     ] GC(21)   class space    used 3563K, committed 3776K, reserved 1048576K
[2025-09-02T20:40:19.311+0300][20.947s][info ][gc          ] GC(21) Pause Young (Prepare Mixed) (G1 Evacuation Pause) 1528M->1531M(2048M) 41.662ms
[2025-09-02T20:40:19.311+0300][20.947s][info ][gc,cpu      ] GC(21) User=0.08s Sys=0.24s Real=0.05s
[2025-09-02T20:40:19.408+0300][21.045s][info ][gc,start    ] GC(22) Pause Young (Mixed) (G1 Evacuation Pause)
[2025-09-02T20:40:19.408+0300][21.045s][debug][gc,heap     ] GC(22) Heap before GC invocations=22 (full 0):
[2025-09-02T20:40:19.408+0300][21.045s][debug][gc,heap     ] GC(22)  garbage-first heap   total 2097152K, used 1675264K [0x0000000780000000, 0x0000000800000000)
[2025-09-02T20:40:19.408+0300][21.045s][debug][gc,heap     ] GC(22)   region size 1024K, 118 young (120832K), 13 survivors (13312K)
[2025-09-02T20:40:19.408+0300][21.045s][debug][gc,heap     ] GC(22)  Metaspace       used 27748K, committed 28224K, reserved 1114112K
[2025-09-02T20:40:19.408+0300][21.045s][debug][gc,heap     ] GC(22)   class space    used 3563K, committed 3776K, reserved 1048576K
[2025-09-02T20:40:19.408+0300][21.045s][info ][gc,task     ] GC(22) Using 10 workers of 10 for evacuation
[2025-09-02T20:40:19.452+0300][21.089s][info ][gc,phases   ] GC(22)   Pre Evacuate Collection Set: 0.2ms
[2025-09-02T20:40:19.452+0300][21.089s][info ][gc,phases   ] GC(22)   Merge Heap Roots: 0.2ms
[2025-09-02T20:40:19.452+0300][21.089s][info ][gc,phases   ] GC(22)   Evacuate Collection Set: 43.0ms
[2025-09-02T20:40:19.452+0300][21.089s][info ][gc,phases   ] GC(22)   Post Evacuate Collection Set: 0.4ms
[2025-09-02T20:40:19.452+0300][21.089s][info ][gc,phases   ] GC(22)   Other: 0.1ms
[2025-09-02T20:40:19.452+0300][21.089s][info ][gc,heap     ] GC(22) Eden regions: 105->0(87)
[2025-09-02T20:40:19.452+0300][21.089s][info ][gc,heap     ] GC(22) Survivor regions: 13->15(15)
[2025-09-02T20:40:19.452+0300][21.089s][info ][gc,heap     ] GC(22) Old regions: 1515->1614
[2025-09-02T20:40:19.452+0300][21.089s][info ][gc,heap     ] GC(22) Humongous regions: 3->3
[2025-09-02T20:40:19.452+0300][21.089s][info ][gc,metaspace] GC(22) Metaspace: 27748K(28224K)->27748K(28224K) NonClass: 24185K(24448K)->24185K(24448K) Class: 3563K(3776K)->3563K(3776K)
[2025-09-02T20:40:19.452+0300][21.089s][debug][gc,heap     ] GC(22) Heap after GC invocations=23 (full 0):
[2025-09-02T20:40:19.452+0300][21.089s][debug][gc,heap     ] GC(22)  garbage-first heap   total 2097152K, used 1671168K [0x0000000780000000, 0x0000000800000000)
[2025-09-02T20:40:19.452+0300][21.089s][debug][gc,heap     ] GC(22)   region size 1024K, 15 young (15360K), 15 survivors (15360K)
[2025-09-02T20:40:19.452+0300][21.089s][debug][gc,heap     ] GC(22)  Metaspace       used 27748K, committed 28224K, reserved 1114112K
[2025-09-02T20:40:19.452+0300][21.089s][debug][gc,heap     ] GC(22)   class space    used 3563K, committed 3776K, reserved 1048576K
[2025-09-02T20:40:19.452+0300][21.089s][info ][gc          ] GC(22) Pause Young (Mixed) (G1 Evacuation Pause) 1636M->1632M(2048M) 44.054ms
[2025-09-02T20:40:19.452+0300][21.089s][info ][gc,cpu      ] GC(22) User=0.08s Sys=0.26s Real=0.05s
[2025-09-02T20:40:19.459+0300][21.096s][info ][gc,start    ] GC(23) Pause Young (Concurrent Start) (G1 Humongous Allocation)
[2025-09-02T20:40:19.459+0300][21.096s][debug][gc,heap     ] GC(23) Heap before GC invocations=23 (full 0):
[2025-09-02T20:40:19.459+0300][21.096s][debug][gc,heap     ] GC(23)  garbage-first heap   total 2097152K, used 1678336K [0x0000000780000000, 0x0000000800000000)
[2025-09-02T20:40:19.459+0300][21.096s][debug][gc,heap     ] GC(23)   region size 1024K, 23 young (23552K), 15 survivors (15360K)
[2025-09-02T20:40:19.459+0300][21.096s][debug][gc,heap     ] GC(23)  Metaspace       used 27748K, committed 28224K, reserved 1114112K
[2025-09-02T20:40:19.459+0300][21.096s][debug][gc,heap     ] GC(23)   class space    used 3563K, committed 3776K, reserved 1048576K
[2025-09-02T20:40:19.459+0300][21.096s][info ][gc,task     ] GC(23) Using 10 workers of 10 for evacuation
[2025-09-02T20:40:19.465+0300][21.101s][info ][gc,phases   ] GC(23)   Pre Evacuate Collection Set: 0.2ms
[2025-09-02T20:40:19.465+0300][21.101s][info ][gc,phases   ] GC(23)   Merge Heap Roots: 0.1ms
[2025-09-02T20:40:19.465+0300][21.101s][info ][gc,phases   ] GC(23)   Evacuate Collection Set: 5.0ms
[2025-09-02T20:40:19.465+0300][21.101s][info ][gc,phases   ] GC(23)   Post Evacuate Collection Set: 0.3ms
[2025-09-02T20:40:19.465+0300][21.101s][info ][gc,phases   ] GC(23)   Other: 0.1ms
[2025-09-02T20:40:19.465+0300][21.101s][info ][gc,heap     ] GC(23) Eden regions: 8->0(93)
[2025-09-02T20:40:19.465+0300][21.101s][info ][gc,heap     ] GC(23) Survivor regions: 15->9(13)
[2025-09-02T20:40:19.465+0300][21.101s][info ][gc,heap     ] GC(23) Old regions: 1614->1631
[2025-09-02T20:40:19.465+0300][21.101s][info ][gc,heap     ] GC(23) Humongous regions: 3->3
[2025-09-02T20:40:19.465+0300][21.101s][info ][gc,metaspace] GC(23) Metaspace: 27748K(28224K)->27748K(28224K) NonClass: 24185K(24448K)->24185K(24448K) Class: 3563K(3776K)->3563K(3776K)
[2025-09-02T20:40:19.465+0300][21.102s][debug][gc,heap     ] GC(23) Heap after GC invocations=24 (full 0):
[2025-09-02T20:40:19.465+0300][21.102s][debug][gc,heap     ] GC(23)  garbage-first heap   total 2097152K, used 1682297K [0x0000000780000000, 0x0000000800000000)
[2025-09-02T20:40:19.465+0300][21.102s][debug][gc,heap     ] GC(23)   region size 1024K, 9 young (9216K), 9 survivors (9216K)
[2025-09-02T20:40:19.465+0300][21.102s][debug][gc,heap     ] GC(23)  Metaspace       used 27748K, committed 28224K, reserved 1114112K
[2025-09-02T20:40:19.465+0300][21.102s][debug][gc,heap     ] GC(23)   class space    used 3563K, committed 3776K, reserved 1048576K
[2025-09-02T20:40:19.465+0300][21.102s][info ][gc          ] GC(23) Pause Young (Concurrent Start) (G1 Humongous Allocation) 1639M->1642M(2048M) 5.895ms
[2025-09-02T20:40:19.465+0300][21.102s][info ][gc          ] GC(24) Concurrent Mark Cycle
[2025-09-02T20:40:19.465+0300][21.102s][info ][gc,cpu      ] GC(23) User=0.01s Sys=0.03s Real=0.01s
[2025-09-02T20:40:19.465+0300][21.102s][info ][gc,marking  ] GC(24) Concurrent Scan Root Regions
[2025-09-02T20:40:19.466+0300][21.102s][info ][gc,marking  ] GC(24) Concurrent Scan Root Regions 0.421ms
[2025-09-02T20:40:19.466+0300][21.102s][info ][gc,marking  ] GC(24) Concurrent Mark
[2025-09-02T20:40:19.466+0300][21.102s][info ][gc,marking  ] GC(24) Concurrent Mark From Roots
[2025-09-02T20:40:19.466+0300][21.102s][info ][gc,task     ] GC(24) Using 3 workers of 3 for marking
[2025-09-02T20:40:19.509+0300][21.145s][info ][gc,marking  ] GC(24) Concurrent Mark From Roots 43.077ms
[2025-09-02T20:40:19.509+0300][21.145s][info ][gc,marking  ] GC(24) Concurrent Preclean
[2025-09-02T20:40:19.509+0300][21.145s][info ][gc,marking  ] GC(24) Concurrent Preclean 0.067ms
[2025-09-02T20:40:19.509+0300][21.145s][info ][gc,start    ] GC(24) Pause Remark
[2025-09-02T20:40:19.511+0300][21.147s][info ][gc          ] GC(24) Pause Remark 1650M->1650M(2048M) 1.815ms
[2025-09-02T20:40:19.511+0300][21.147s][info ][gc,cpu      ] GC(24) User=0.01s Sys=0.00s Real=0.01s
[2025-09-02T20:40:19.511+0300][21.147s][info ][gc,marking  ] GC(24) Concurrent Mark 45.236ms
[2025-09-02T20:40:19.511+0300][21.147s][info ][gc,marking  ] GC(24) Concurrent Rebuild Remembered Sets and Scrub Regions
[2025-09-02T20:40:19.539+0300][21.175s][info ][gc,marking  ] GC(24) Concurrent Rebuild Remembered Sets and Scrub Regions 27.866ms
[2025-09-02T20:40:19.539+0300][21.175s][info ][gc,start    ] GC(24) Pause Cleanup
[2025-09-02T20:40:19.539+0300][21.176s][info ][gc          ] GC(24) Pause Cleanup 1665M->1665M(2048M) 0.441ms
[2025-09-02T20:40:19.539+0300][21.176s][info ][gc,cpu      ] GC(24) User=0.00s Sys=0.00s Real=0.00s
[2025-09-02T20:40:19.539+0300][21.176s][info ][gc,marking  ] GC(24) Concurrent Clear Claimed Marks
[2025-09-02T20:40:19.539+0300][21.176s][info ][gc,marking  ] GC(24) Concurrent Clear Claimed Marks 0.058ms
[2025-09-02T20:40:19.539+0300][21.176s][info ][gc,marking  ] GC(24) Concurrent Cleanup for Next Mark
[2025-09-02T20:40:19.541+0300][21.178s][info ][gc,marking  ] GC(24) Concurrent Cleanup for Next Mark 2.009ms
[2025-09-02T20:40:19.542+0300][21.178s][info ][gc          ] GC(24) Concurrent Mark Cycle 76.433ms
[2025-09-02T20:40:23.958+0300][25.595s][info ][gc,start    ] GC(25) Pause Young (Prepare Mixed) (G1 Evacuation Pause)
[2025-09-02T20:40:23.959+0300][25.595s][debug][gc,heap     ] GC(25) Heap before GC invocations=25 (full 0):
[2025-09-02T20:40:23.959+0300][25.595s][debug][gc,heap     ] GC(25)  garbage-first heap   total 2097152K, used 1782649K [0x0000000780000000, 0x0000000800000000)
[2025-09-02T20:40:23.959+0300][25.595s][debug][gc,heap     ] GC(25)   region size 1024K, 102 young (104448K), 9 survivors (9216K)
[2025-09-02T20:40:23.959+0300][25.595s][debug][gc,heap     ] GC(25)  Metaspace       used 28898K, committed 29376K, reserved 1114112K
[2025-09-02T20:40:23.959+0300][25.595s][debug][gc,heap     ] GC(25)   class space    used 3710K, committed 3904K, reserved 1048576K
[2025-09-02T20:40:23.959+0300][25.595s][info ][gc,task     ] GC(25) Using 10 workers of 10 for evacuation
[2025-09-02T20:40:23.979+0300][25.615s][info ][gc,phases   ] GC(25)   Pre Evacuate Collection Set: 0.2ms
[2025-09-02T20:40:23.979+0300][25.615s][info ][gc,phases   ] GC(25)   Merge Heap Roots: 0.2ms
[2025-09-02T20:40:23.979+0300][25.615s][info ][gc,phases   ] GC(25)   Evacuate Collection Set: 19.1ms
[2025-09-02T20:40:23.979+0300][25.615s][info ][gc,phases   ] GC(25)   Post Evacuate Collection Set: 0.3ms
[2025-09-02T20:40:23.979+0300][25.615s][info ][gc,phases   ] GC(25)   Other: 0.1ms
[2025-09-02T20:40:23.979+0300][25.615s][info ][gc,heap     ] GC(25) Eden regions: 93->0(89)
[2025-09-02T20:40:23.979+0300][25.615s][info ][gc,heap     ] GC(25) Survivor regions: 9->13(13)
[2025-09-02T20:40:23.979+0300][25.615s][info ][gc,heap     ] GC(25) Old regions: 1631->1672
[2025-09-02T20:40:23.979+0300][25.615s][info ][gc,heap     ] GC(25) Humongous regions: 8->8
[2025-09-02T20:40:23.979+0300][25.615s][info ][gc,metaspace] GC(25) Metaspace: 28898K(29376K)->28898K(29376K) NonClass: 25188K(25472K)->25188K(25472K) Class: 3710K(3904K)->3710K(3904K)
[2025-09-02T20:40:23.979+0300][25.615s][debug][gc,heap     ] GC(25) Heap after GC invocations=26 (full 0):
[2025-09-02T20:40:23.979+0300][25.615s][debug][gc,heap     ] GC(25)  garbage-first heap   total 2097152K, used 1733120K [0x0000000780000000, 0x0000000800000000)
[2025-09-02T20:40:23.979+0300][25.615s][debug][gc,heap     ] GC(25)   region size 1024K, 13 young (13312K), 13 survivors (13312K)
[2025-09-02T20:40:23.979+0300][25.615s][debug][gc,heap     ] GC(25)  Metaspace       used 28898K, committed 29376K, reserved 1114112K
[2025-09-02T20:40:23.979+0300][25.615s][debug][gc,heap     ] GC(25)   class space    used 3710K, committed 3904K, reserved 1048576K
[2025-09-02T20:40:23.979+0300][25.615s][info ][gc          ] GC(25) Pause Young (Prepare Mixed) (G1 Evacuation Pause) 1740M->1692M(2048M) 20.462ms
[2025-09-02T20:40:23.979+0300][25.615s][info ][gc,cpu      ] GC(25) User=0.09s Sys=0.07s Real=0.02s
[2025-09-02T20:40:24.247+0300][25.883s][info ][gc,start    ] GC(26) Pause Young (Mixed) (G1 Evacuation Pause)
[2025-09-02T20:40:24.247+0300][25.883s][debug][gc,heap     ] GC(26) Heap before GC invocations=26 (full 0):
[2025-09-02T20:40:24.247+0300][25.883s][debug][gc,heap     ] GC(26)  garbage-first heap   total 2097152K, used 1826304K [0x0000000780000000, 0x0000000800000000)
[2025-09-02T20:40:24.247+0300][25.883s][debug][gc,heap     ] GC(26)   region size 1024K, 102 young (104448K), 13 survivors (13312K)
[2025-09-02T20:40:24.247+0300][25.884s][debug][gc,heap     ] GC(26)  Metaspace       used 29947K, committed 30464K, reserved 1114112K
[2025-09-02T20:40:24.247+0300][25.884s][debug][gc,heap     ] GC(26)   class space    used 3823K, committed 4032K, reserved 1048576K
[2025-09-02T20:40:24.247+0300][25.884s][info ][gc,task     ] GC(26) Using 10 workers of 10 for evacuation
[2025-09-02T20:40:24.257+0300][25.894s][info ][gc,phases   ] GC(26)   Pre Evacuate Collection Set: 0.3ms
[2025-09-02T20:40:24.257+0300][25.894s][info ][gc,phases   ] GC(26)   Merge Heap Roots: 0.1ms
[2025-09-02T20:40:24.258+0300][25.894s][info ][gc,phases   ] GC(26)   Evacuate Collection Set: 9.4ms
[2025-09-02T20:40:24.258+0300][25.894s][info ][gc,phases   ] GC(26)   Post Evacuate Collection Set: 0.4ms
[2025-09-02T20:40:24.258+0300][25.894s][info ][gc,phases   ] GC(26)   Other: 0.1ms
[2025-09-02T20:40:24.258+0300][25.894s][info ][gc,heap     ] GC(26) Eden regions: 89->0(89)
[2025-09-02T20:40:24.258+0300][25.894s][info ][gc,heap     ] GC(26) Survivor regions: 13->13(13)
[2025-09-02T20:40:24.258+0300][25.894s][info ][gc,heap     ] GC(26) Old regions: 1672->1682
[2025-09-02T20:40:24.258+0300][25.894s][info ][gc,heap     ] GC(26) Humongous regions: 11->11
[2025-09-02T20:40:24.258+0300][25.894s][info ][gc,metaspace] GC(26) Metaspace: 29947K(30464K)->29947K(30464K) NonClass: 26124K(26432K)->26124K(26432K) Class: 3823K(4032K)->3823K(4032K)
[2025-09-02T20:40:24.258+0300][25.894s][debug][gc,heap     ] GC(26) Heap after GC invocations=27 (full 0):
[2025-09-02T20:40:24.258+0300][25.894s][debug][gc,heap     ] GC(26)  garbage-first heap   total 2097152K, used 1746944K [0x0000000780000000, 0x0000000800000000)
[2025-09-02T20:40:24.258+0300][25.894s][debug][gc,heap     ] GC(26)   region size 1024K, 13 young (13312K), 13 survivors (13312K)
[2025-09-02T20:40:24.258+0300][25.894s][debug][gc,heap     ] GC(26)  Metaspace       used 29947K, committed 30464K, reserved 1114112K
[2025-09-02T20:40:24.258+0300][25.894s][debug][gc,heap     ] GC(26)   class space    used 3823K, committed 4032K, reserved 1048576K
[2025-09-02T20:40:24.258+0300][25.894s][info ][gc          ] GC(26) Pause Young (Mixed) (G1 Evacuation Pause) 1784M->1706M(2048M) 10.967ms
[2025-09-02T20:40:24.258+0300][25.894s][info ][gc,cpu      ] GC(26) User=0.05s Sys=0.03s Real=0.01s
[2025-09-02T20:40:25.507+0300][27.144s][info ][gc,start    ] GC(27) Pause Young (Concurrent Start) (G1 Evacuation Pause)
[2025-09-02T20:40:25.507+0300][27.144s][debug][gc,heap     ] GC(27) Heap before GC invocations=27 (full 0):
[2025-09-02T20:40:25.507+0300][27.144s][debug][gc,heap     ] GC(27)  garbage-first heap   total 2097152K, used 1837056K [0x0000000780000000, 0x0000000800000000)
[2025-09-02T20:40:25.507+0300][27.144s][debug][gc,heap     ] GC(27)   region size 1024K, 102 young (104448K), 13 survivors (13312K)
[2025-09-02T20:40:25.507+0300][27.144s][debug][gc,heap     ] GC(27)  Metaspace       used 31101K, committed 31552K, reserved 1114112K
[2025-09-02T20:40:25.507+0300][27.144s][debug][gc,heap     ] GC(27)   class space    used 3825K, committed 4032K, reserved 1048576K
[2025-09-02T20:40:25.508+0300][27.144s][info ][gc,task     ] GC(27) Using 10 workers of 10 for evacuation
[2025-09-02T20:40:25.514+0300][27.150s][info ][gc,phases   ] GC(27)   Pre Evacuate Collection Set: 0.3ms
[2025-09-02T20:40:25.514+0300][27.150s][info ][gc,phases   ] GC(27)   Merge Heap Roots: 0.1ms
[2025-09-02T20:40:25.514+0300][27.150s][info ][gc,phases   ] GC(27)   Evacuate Collection Set: 5.0ms
[2025-09-02T20:40:25.514+0300][27.150s][info ][gc,phases   ] GC(27)   Post Evacuate Collection Set: 0.5ms
[2025-09-02T20:40:25.514+0300][27.150s][info ][gc,phases   ] GC(27)   Other: 0.1ms
[2025-09-02T20:40:25.514+0300][27.150s][info ][gc,heap     ] GC(27) Eden regions: 89->0(95)
[2025-09-02T20:40:25.514+0300][27.150s][info ][gc,heap     ] GC(27) Survivor regions: 13->7(13)
[2025-09-02T20:40:25.514+0300][27.150s][info ][gc,heap     ] GC(27) Old regions: 1682->1696
[2025-09-02T20:40:25.514+0300][27.150s][info ][gc,heap     ] GC(27) Humongous regions: 11->11
[2025-09-02T20:40:25.514+0300][27.150s][info ][gc,metaspace] GC(27) Metaspace: 31101K(31552K)->31101K(31552K) NonClass: 27275K(27520K)->27275K(27520K) Class: 3825K(4032K)->3825K(4032K)
[2025-09-02T20:40:25.514+0300][27.150s][debug][gc,heap     ] GC(27) Heap after GC invocations=28 (full 0):
[2025-09-02T20:40:25.514+0300][27.150s][debug][gc,heap     ] GC(27)  garbage-first heap   total 2097152K, used 1754242K [0x0000000780000000, 0x0000000800000000)
[2025-09-02T20:40:25.514+0300][27.150s][debug][gc,heap     ] GC(27)   region size 1024K, 7 young (7168K), 7 survivors (7168K)
[2025-09-02T20:40:25.514+0300][27.150s][debug][gc,heap     ] GC(27)  Metaspace       used 31101K, committed 31552K, reserved 1114112K
[2025-09-02T20:40:25.514+0300][27.150s][debug][gc,heap     ] GC(27)   class space    used 3825K, committed 4032K, reserved 1048576K
[2025-09-02T20:40:25.514+0300][27.150s][info ][gc          ] GC(27) Pause Young (Concurrent Start) (G1 Evacuation Pause) 1795M->1713M(2048M) 6.611ms
[2025-09-02T20:40:25.514+0300][27.150s][info ][gc          ] GC(28) Concurrent Mark Cycle
[2025-09-02T20:40:25.514+0300][27.150s][info ][gc,marking  ] GC(28) Concurrent Scan Root Regions
[2025-09-02T20:40:25.514+0300][27.150s][info ][gc,cpu      ] GC(27) User=0.04s Sys=0.01s Real=0.01s
[2025-09-02T20:40:25.516+0300][27.152s][info ][gc,marking  ] GC(28) Concurrent Scan Root Regions 2.024ms
[2025-09-02T20:40:25.516+0300][27.152s][info ][gc,marking  ] GC(28) Concurrent Mark
[2025-09-02T20:40:25.516+0300][27.153s][info ][gc,marking  ] GC(28) Concurrent Mark From Roots
[2025-09-02T20:40:25.516+0300][27.153s][info ][gc,task     ] GC(28) Using 3 workers of 3 for marking
[2025-09-02T20:40:26.991+0300][28.628s][info ][gc,start    ] GC(29) Pause Young (Normal) (G1 Evacuation Pause)
[2025-09-02T20:40:26.991+0300][28.628s][debug][gc,heap     ] GC(29) Heap before GC invocations=28 (full 0):
[2025-09-02T20:40:26.991+0300][28.628s][debug][gc,heap     ] GC(29)  garbage-first heap   total 2097152K, used 1850498K [0x0000000780000000, 0x0000000800000000)
[2025-09-02T20:40:26.991+0300][28.628s][debug][gc,heap     ] GC(29)   region size 1024K, 102 young (104448K), 7 survivors (7168K)
[2025-09-02T20:40:26.991+0300][28.628s][debug][gc,heap     ] GC(29)  Metaspace       used 31362K, committed 31872K, reserved 1114112K
[2025-09-02T20:40:26.991+0300][28.628s][debug][gc,heap     ] GC(29)   class space    used 3825K, committed 4032K, reserved 1048576K
[2025-09-02T20:40:26.991+0300][28.628s][info ][gc,task     ] GC(29) Using 10 workers of 10 for evacuation
[2025-09-02T20:40:26.995+0300][28.632s][info ][gc,phases   ] GC(29)   Pre Evacuate Collection Set: 0.4ms
[2025-09-02T20:40:26.996+0300][28.632s][info ][gc,phases   ] GC(29)   Merge Heap Roots: 0.1ms
[2025-09-02T20:40:26.996+0300][28.632s][info ][gc,phases   ] GC(29)   Evacuate Collection Set: 3.2ms
[2025-09-02T20:40:26.996+0300][28.632s][info ][gc,phases   ] GC(29)   Post Evacuate Collection Set: 0.5ms
[2025-09-02T20:40:26.996+0300][28.632s][info ][gc,phases   ] GC(29)   Other: 0.1ms
[2025-09-02T20:40:26.996+0300][28.632s][info ][gc,heap     ] GC(29) Eden regions: 95->0(93)
[2025-09-02T20:40:26.996+0300][28.632s][info ][gc,heap     ] GC(29) Survivor regions: 7->9(13)
[2025-09-02T20:40:26.996+0300][28.632s][info ][gc,heap     ] GC(29) Old regions: 1696->1696
[2025-09-02T20:40:26.996+0300][28.632s][info ][gc,heap     ] GC(29) Humongous regions: 11->11
[2025-09-02T20:40:26.996+0300][28.632s][info ][gc,metaspace] GC(29) Metaspace: 31362K(31872K)->31362K(31872K) NonClass: 27537K(27840K)->27537K(27840K) Class: 3825K(4032K)->3825K(4032K)
[2025-09-02T20:40:26.996+0300][28.632s][debug][gc,heap     ] GC(29) Heap after GC invocations=29 (full 0):
[2025-09-02T20:40:26.996+0300][28.632s][debug][gc,heap     ] GC(29)  garbage-first heap   total 2097152K, used 1756719K [0x0000000780000000, 0x0000000800000000)
[2025-09-02T20:40:26.996+0300][28.632s][debug][gc,heap     ] GC(29)   region size 1024K, 9 young (9216K), 9 survivors (9216K)
[2025-09-02T20:40:26.996+0300][28.632s][debug][gc,heap     ] GC(29)  Metaspace       used 31362K, committed 31872K, reserved 1114112K
[2025-09-02T20:40:26.996+0300][28.632s][debug][gc,heap     ] GC(29)   class space    used 3825K, committed 4032K, reserved 1048576K
[2025-09-02T20:40:26.996+0300][28.632s][info ][gc          ] GC(29) Pause Young (Normal) (G1 Evacuation Pause) 1808M->1715M(2048M) 4.814ms
[2025-09-02T20:40:26.996+0300][28.633s][info ][gc,cpu      ] GC(29) User=0.03s Sys=0.01s Real=0.00s
[2025-09-02T20:40:27.144+0300][28.781s][info ][gc,marking  ] GC(28) Concurrent Mark From Roots 1627.992ms
[2025-09-02T20:40:27.144+0300][28.781s][info ][gc,marking  ] GC(28) Concurrent Preclean
[2025-09-02T20:40:27.144+0300][28.781s][info ][gc,marking  ] GC(28) Concurrent Preclean 0.138ms
[2025-09-02T20:40:27.198+0300][28.834s][info ][gc,start    ] GC(28) Pause Remark
[2025-09-02T20:40:27.202+0300][28.838s][info ][gc          ] GC(28) Pause Remark 1738M->1735M(2048M) 3.952ms
[2025-09-02T20:40:27.202+0300][28.838s][info ][gc,cpu      ] GC(28) User=0.03s Sys=0.01s Real=0.01s
[2025-09-02T20:40:27.202+0300][28.838s][info ][gc,marking  ] GC(28) Concurrent Mark 1685.961ms
[2025-09-02T20:40:27.202+0300][28.838s][info ][gc,marking  ] GC(28) Concurrent Rebuild Remembered Sets and Scrub Regions
[2025-09-02T20:40:27.244+0300][28.881s][info ][gc,marking  ] GC(28) Concurrent Rebuild Remembered Sets and Scrub Regions 42.196ms
[2025-09-02T20:40:27.281+0300][28.917s][info ][gc,start    ] GC(28) Pause Cleanup
[2025-09-02T20:40:27.281+0300][28.918s][info ][gc          ] GC(28) Pause Cleanup 1739M->1739M(2048M) 0.434ms
[2025-09-02T20:40:27.281+0300][28.918s][info ][gc,cpu      ] GC(28) User=0.00s Sys=0.00s Real=0.00s
[2025-09-02T20:40:27.281+0300][28.918s][info ][gc,marking  ] GC(28) Concurrent Clear Claimed Marks
[2025-09-02T20:40:27.281+0300][28.918s][info ][gc,marking  ] GC(28) Concurrent Clear Claimed Marks 0.070ms
[2025-09-02T20:40:27.281+0300][28.918s][info ][gc,marking  ] GC(28) Concurrent Cleanup for Next Mark
[2025-09-02T20:40:27.287+0300][28.923s][info ][gc,marking  ] GC(28) Concurrent Cleanup for Next Mark 5.493ms
[2025-09-02T20:40:27.287+0300][28.923s][info ][gc          ] GC(28) Concurrent Mark Cycle 1773.149ms
[2025-09-02T20:40:28.514+0300][30.151s][info ][gc,start    ] GC(30) Pause Young (Prepare Mixed) (G1 Evacuation Pause)
[2025-09-02T20:40:28.514+0300][30.151s][debug][gc,heap     ] GC(30) Heap before GC invocations=30 (full 0):
[2025-09-02T20:40:28.514+0300][30.151s][debug][gc,heap     ] GC(30)  garbage-first heap   total 2097152K, used 1847855K [0x0000000780000000, 0x0000000800000000)
[2025-09-02T20:40:28.514+0300][30.151s][debug][gc,heap     ] GC(30)   region size 1024K, 102 young (104448K), 9 survivors (9216K)
[2025-09-02T20:40:28.514+0300][30.151s][debug][gc,heap     ] GC(30)  Metaspace       used 31361K, committed 31872K, reserved 1114112K
[2025-09-02T20:40:28.514+0300][30.151s][debug][gc,heap     ] GC(30)   class space    used 3824K, committed 4032K, reserved 1048576K
[2025-09-02T20:40:28.515+0300][30.151s][info ][gc,task     ] GC(30) Using 10 workers of 10 for evacuation
[2025-09-02T20:40:28.518+0300][30.155s][info ][gc,phases   ] GC(30)   Pre Evacuate Collection Set: 0.2ms
[2025-09-02T20:40:28.518+0300][30.155s][info ][gc,phases   ] GC(30)   Merge Heap Roots: 0.1ms
[2025-09-02T20:40:28.518+0300][30.155s][info ][gc,phases   ] GC(30)   Evacuate Collection Set: 3.1ms
[2025-09-02T20:40:28.518+0300][30.155s][info ][gc,phases   ] GC(30)   Post Evacuate Collection Set: 0.3ms
[2025-09-02T20:40:28.518+0300][30.155s][info ][gc,phases   ] GC(30)   Other: 0.1ms
[2025-09-02T20:40:28.518+0300][30.155s][info ][gc,heap     ] GC(30) Eden regions: 93->0(94)
[2025-09-02T20:40:28.519+0300][30.155s][info ][gc,heap     ] GC(30) Survivor regions: 9->8(13)
[2025-09-02T20:40:28.519+0300][30.155s][info ][gc,heap     ] GC(30) Old regions: 1696->1700
[2025-09-02T20:40:28.519+0300][30.155s][info ][gc,heap     ] GC(30) Humongous regions: 8->8
[2025-09-02T20:40:28.519+0300][30.155s][info ][gc,metaspace] GC(30) Metaspace: 31361K(31872K)->31361K(31872K) NonClass: 27536K(27840K)->27536K(27840K) Class: 3824K(4032K)->3824K(4032K)
[2025-09-02T20:40:28.519+0300][30.155s][debug][gc,heap     ] GC(30) Heap after GC invocations=31 (full 0):
[2025-09-02T20:40:28.519+0300][30.155s][debug][gc,heap     ] GC(30)  garbage-first heap   total 2097152K, used 1755884K [0x0000000780000000, 0x0000000800000000)
[2025-09-02T20:40:28.519+0300][30.155s][debug][gc,heap     ] GC(30)   region size 1024K, 8 young (8192K), 8 survivors (8192K)
[2025-09-02T20:40:28.519+0300][30.155s][debug][gc,heap     ] GC(30)  Metaspace       used 31361K, committed 31872K, reserved 1114112K
[2025-09-02T20:40:28.519+0300][30.155s][debug][gc,heap     ] GC(30)   class space    used 3824K, committed 4032K, reserved 1048576K
[2025-09-02T20:40:28.519+0300][30.155s][info ][gc          ] GC(30) Pause Young (Prepare Mixed) (G1 Evacuation Pause) 1805M->1714M(2048M) 4.304ms
[2025-09-02T20:40:28.519+0300][30.155s][info ][gc,cpu      ] GC(30) User=0.03s Sys=0.01s Real=0.00s
[2025-09-02T20:40:30.170+0300][31.806s][info ][gc,start    ] GC(31) Pause Young (Mixed) (G1 Evacuation Pause)
[2025-09-02T20:40:30.170+0300][31.806s][debug][gc,heap     ] GC(31) Heap before GC invocations=31 (full 0):
[2025-09-02T20:40:30.170+0300][31.806s][debug][gc,heap     ] GC(31)  garbage-first heap   total 2097152K, used 1851116K [0x0000000780000000, 0x0000000800000000)
[2025-09-02T20:40:30.170+0300][31.806s][debug][gc,heap     ] GC(31)   region size 1024K, 102 young (104448K), 8 survivors (8192K)
[2025-09-02T20:40:30.170+0300][31.806s][debug][gc,heap     ] GC(31)  Metaspace       used 31361K, committed 31872K, reserved 1114112K
[2025-09-02T20:40:30.170+0300][31.806s][debug][gc,heap     ] GC(31)   class space    used 3824K, committed 4032K, reserved 1048576K
[2025-09-02T20:40:30.170+0300][31.806s][info ][gc,task     ] GC(31) Using 10 workers of 10 for evacuation
[2025-09-02T20:40:30.174+0300][31.810s][info ][gc,phases   ] GC(31)   Pre Evacuate Collection Set: 0.2ms
[2025-09-02T20:40:30.174+0300][31.810s][info ][gc,phases   ] GC(31)   Merge Heap Roots: 0.1ms
[2025-09-02T20:40:30.174+0300][31.810s][info ][gc,phases   ] GC(31)   Evacuate Collection Set: 3.6ms
[2025-09-02T20:40:30.174+0300][31.810s][info ][gc,phases   ] GC(31)   Post Evacuate Collection Set: 0.3ms
[2025-09-02T20:40:30.174+0300][31.810s][info ][gc,phases   ] GC(31)   Other: 0.1ms
[2025-09-02T20:40:30.174+0300][31.810s][info ][gc,heap     ] GC(31) Eden regions: 94->0(97)
[2025-09-02T20:40:30.174+0300][31.810s][info ][gc,heap     ] GC(31) Survivor regions: 8->5(13)
[2025-09-02T20:40:30.174+0300][31.810s][info ][gc,heap     ] GC(31) Old regions: 1700->1695
[2025-09-02T20:40:30.174+0300][31.811s][info ][gc,heap     ] GC(31) Humongous regions: 8->8
[2025-09-02T20:40:30.174+0300][31.811s][info ][gc,metaspace] GC(31) Metaspace: 31361K(31872K)->31361K(31872K) NonClass: 27537K(27840K)->27537K(27840K) Class: 3824K(4032K)->3824K(4032K)
[2025-09-02T20:40:30.174+0300][31.811s][debug][gc,heap     ] GC(31) Heap after GC invocations=32 (full 0):
[2025-09-02T20:40:30.174+0300][31.811s][debug][gc,heap     ] GC(31)  garbage-first heap   total 2097152K, used 1748224K [0x0000000780000000, 0x0000000800000000)
[2025-09-02T20:40:30.174+0300][31.811s][debug][gc,heap     ] GC(31)   region size 1024K, 5 young (5120K), 5 survivors (5120K)
[2025-09-02T20:40:30.174+0300][31.811s][debug][gc,heap     ] GC(31)  Metaspace       used 31361K, committed 31872K, reserved 1114112K
[2025-09-02T20:40:30.174+0300][31.811s][debug][gc,heap     ] GC(31)   class space    used 3824K, committed 4032K, reserved 1048576K
[2025-09-02T20:40:30.174+0300][31.811s][info ][gc          ] GC(31) Pause Young (Mixed) (G1 Evacuation Pause) 1808M->1707M(2048M) 4.699ms
[2025-09-02T20:40:30.174+0300][31.811s][info ][gc,cpu      ] GC(31) User=0.03s Sys=0.01s Real=0.00s
[2025-09-02T20:40:31.905+0300][33.542s][info ][gc,start    ] GC(32) Pause Young (Concurrent Start) (G1 Evacuation Pause)
[2025-09-02T20:40:31.906+0300][33.542s][debug][gc,heap     ] GC(32) Heap before GC invocations=32 (full 0):
[2025-09-02T20:40:31.906+0300][33.542s][debug][gc,heap     ] GC(32)  garbage-first heap   total 2097152K, used 1847552K [0x0000000780000000, 0x0000000800000000)
[2025-09-02T20:40:31.906+0300][33.542s][debug][gc,heap     ] GC(32)   region size 1024K, 102 young (104448K), 5 survivors (5120K)
[2025-09-02T20:40:31.906+0300][33.542s][debug][gc,heap     ] GC(32)  Metaspace       used 31362K, committed 31872K, reserved 1114112K
[2025-09-02T20:40:31.906+0300][33.542s][debug][gc,heap     ] GC(32)   class space    used 3825K, committed 4032K, reserved 1048576K
[2025-09-02T20:40:31.906+0300][33.542s][info ][gc,task     ] GC(32) Using 10 workers of 10 for evacuation
[2025-09-02T20:40:31.909+0300][33.545s][info ][gc,phases   ] GC(32)   Pre Evacuate Collection Set: 0.3ms
[2025-09-02T20:40:31.909+0300][33.545s][info ][gc,phases   ] GC(32)   Merge Heap Roots: 0.1ms
[2025-09-02T20:40:31.909+0300][33.545s][info ][gc,phases   ] GC(32)   Evacuate Collection Set: 2.5ms
[2025-09-02T20:40:31.909+0300][33.545s][info ][gc,phases   ] GC(32)   Post Evacuate Collection Set: 0.3ms
[2025-09-02T20:40:31.909+0300][33.545s][info ][gc,phases   ] GC(32)   Other: 0.1ms
[2025-09-02T20:40:31.909+0300][33.545s][info ][gc,heap     ] GC(32) Eden regions: 97->0(96)
[2025-09-02T20:40:31.909+0300][33.545s][info ][gc,heap     ] GC(32) Survivor regions: 5->6(13)
[2025-09-02T20:40:31.909+0300][33.545s][info ][gc,heap     ] GC(32) Old regions: 1695->1695
[2025-09-02T20:40:31.909+0300][33.545s][info ][gc,heap     ] GC(32) Humongous regions: 8->8
[2025-09-02T20:40:31.909+0300][33.545s][info ][gc,metaspace] GC(32) Metaspace: 31362K(31872K)->31362K(31872K) NonClass: 27537K(27840K)->27537K(27840K) Class: 3825K(4032K)->3825K(4032K)
[2025-09-02T20:40:31.909+0300][33.545s][debug][gc,heap     ] GC(32) Heap after GC invocations=33 (full 0):
[2025-09-02T20:40:31.909+0300][33.546s][debug][gc,heap     ] GC(32)  garbage-first heap   total 2097152K, used 1748445K [0x0000000780000000, 0x0000000800000000)
[2025-09-02T20:40:31.909+0300][33.546s][debug][gc,heap     ] GC(32)   region size 1024K, 6 young (6144K), 6 survivors (6144K)
[2025-09-02T20:40:31.909+0300][33.546s][debug][gc,heap     ] GC(32)  Metaspace       used 31362K, committed 31872K, reserved 1114112K
[2025-09-02T20:40:31.909+0300][33.546s][debug][gc,heap     ] GC(32)   class space    used 3825K, committed 4032K, reserved 1048576K
[2025-09-02T20:40:31.909+0300][33.546s][info ][gc          ] GC(32) Pause Young (Concurrent Start) (G1 Evacuation Pause) 1804M->1707M(2048M) 3.753ms
[2025-09-02T20:40:31.909+0300][33.546s][info ][gc          ] GC(33) Concurrent Mark Cycle
[2025-09-02T20:40:31.909+0300][33.546s][info ][gc,marking  ] GC(33) Concurrent Scan Root Regions
[2025-09-02T20:40:31.909+0300][33.546s][info ][gc,cpu      ] GC(32) User=0.03s Sys=0.00s Real=0.00s
[2025-09-02T20:40:31.911+0300][33.547s][info ][gc,marking  ] GC(33) Concurrent Scan Root Regions 1.347ms
[2025-09-02T20:40:31.911+0300][33.547s][info ][gc,marking  ] GC(33) Concurrent Mark
[2025-09-02T20:40:31.911+0300][33.547s][info ][gc,marking  ] GC(33) Concurrent Mark From Roots
[2025-09-02T20:40:31.911+0300][33.547s][info ][gc,task     ] GC(33) Using 3 workers of 3 for marking
[2025-09-02T20:40:31.980+0300][33.616s][info ][gc,marking  ] GC(33) Concurrent Mark From Roots 69.060ms
[2025-09-02T20:40:31.980+0300][33.616s][info ][gc,marking  ] GC(33) Concurrent Preclean
[2025-09-02T20:40:31.980+0300][33.616s][info ][gc,marking  ] GC(33) Concurrent Preclean 0.148ms
[2025-09-02T20:40:32.006+0300][33.642s][info ][gc,start    ] GC(33) Pause Remark
[2025-09-02T20:40:32.008+0300][33.645s][info ][gc          ] GC(33) Pause Remark 1715M->1715M(2048M) 2.523ms
[2025-09-02T20:40:32.008+0300][33.645s][info ][gc,cpu      ] GC(33) User=0.01s Sys=0.00s Real=0.00s
[2025-09-02T20:40:32.008+0300][33.645s][info ][gc,marking  ] GC(33) Concurrent Mark 97.753ms
[2025-09-02T20:40:32.009+0300][33.645s][info ][gc,marking  ] GC(33) Concurrent Rebuild Remembered Sets and Scrub Regions
[2025-09-02T20:40:32.041+0300][33.677s][info ][gc,marking  ] GC(33) Concurrent Rebuild Remembered Sets and Scrub Regions 32.205ms
[2025-09-02T20:40:32.067+0300][33.703s][info ][gc,start    ] GC(33) Pause Cleanup
[2025-09-02T20:40:32.084+0300][33.720s][info ][gc          ] GC(33) Pause Cleanup 1718M->1718M(2048M) 16.846ms
[2025-09-02T20:40:32.084+0300][33.720s][info ][gc,cpu      ] GC(33) User=0.00s Sys=0.00s Real=0.02s
[2025-09-02T20:40:32.084+0300][33.720s][info ][gc,marking  ] GC(33) Concurrent Clear Claimed Marks
[2025-09-02T20:40:32.102+0300][33.739s][info ][gc,marking  ] GC(33) Concurrent Clear Claimed Marks 18.540ms
[2025-09-02T20:40:32.102+0300][33.739s][info ][gc,marking  ] GC(33) Concurrent Cleanup for Next Mark
[2025-09-02T20:40:32.105+0300][33.741s][info ][gc,marking  ] GC(33) Concurrent Cleanup for Next Mark 2.255ms
[2025-09-02T20:40:32.105+0300][33.741s][info ][gc          ] GC(33) Concurrent Mark Cycle 195.499ms
[2025-09-02T20:40:34.078+0300][35.715s][info ][gc,start    ] GC(34) Pause Young (Prepare Mixed) (G1 Evacuation Pause)
[2025-09-02T20:40:34.078+0300][35.715s][debug][gc,heap     ] GC(34) Heap before GC invocations=34 (full 0):
[2025-09-02T20:40:34.078+0300][35.715s][debug][gc,heap     ] GC(34)  garbage-first heap   total 2097152K, used 1845725K [0x0000000780000000, 0x0000000800000000)
[2025-09-02T20:40:34.078+0300][35.715s][debug][gc,heap     ] GC(34)   region size 1024K, 102 young (104448K), 6 survivors (6144K)
[2025-09-02T20:40:34.078+0300][35.715s][debug][gc,heap     ] GC(34)  Metaspace       used 31368K, committed 31872K, reserved 1114112K
[2025-09-02T20:40:34.078+0300][35.715s][debug][gc,heap     ] GC(34)   class space    used 3826K, committed 4032K, reserved 1048576K
[2025-09-02T20:40:34.078+0300][35.715s][info ][gc,task     ] GC(34) Using 10 workers of 10 for evacuation
[2025-09-02T20:40:34.082+0300][35.718s][info ][gc,phases   ] GC(34)   Pre Evacuate Collection Set: 0.3ms
[2025-09-02T20:40:34.082+0300][35.719s][info ][gc,phases   ] GC(34)   Merge Heap Roots: 0.1ms
[2025-09-02T20:40:34.082+0300][35.719s][info ][gc,phases   ] GC(34)   Evacuate Collection Set: 2.7ms
[2025-09-02T20:40:34.082+0300][35.719s][info ][gc,phases   ] GC(34)   Post Evacuate Collection Set: 0.6ms
[2025-09-02T20:40:34.082+0300][35.719s][info ][gc,phases   ] GC(34)   Other: 0.1ms
[2025-09-02T20:40:34.082+0300][35.719s][info ][gc,heap     ] GC(34) Eden regions: 96->0(97)
[2025-09-02T20:40:34.082+0300][35.719s][info ][gc,heap     ] GC(34) Survivor regions: 6->5(13)
[2025-09-02T20:40:34.082+0300][35.719s][info ][gc,heap     ] GC(34) Old regions: 1695->1695
[2025-09-02T20:40:34.082+0300][35.719s][info ][gc,heap     ] GC(34) Humongous regions: 8->8
[2025-09-02T20:40:34.082+0300][35.719s][info ][gc,metaspace] GC(34) Metaspace: 31368K(31872K)->31368K(31872K) NonClass: 27542K(27840K)->27542K(27840K) Class: 3826K(4032K)->3826K(4032K)
[2025-09-02T20:40:34.082+0300][35.719s][debug][gc,heap     ] GC(34) Heap after GC invocations=35 (full 0):
[2025-09-02T20:40:34.082+0300][35.719s][debug][gc,heap     ] GC(34)  garbage-first heap   total 2097152K, used 1748238K [0x0000000780000000, 0x0000000800000000)
[2025-09-02T20:40:34.082+0300][35.719s][debug][gc,heap     ] GC(34)   region size 1024K, 5 young (5120K), 5 survivors (5120K)
[2025-09-02T20:40:34.082+0300][35.719s][debug][gc,heap     ] GC(34)  Metaspace       used 31368K, committed 31872K, reserved 1114112K
[2025-09-02T20:40:34.082+0300][35.719s][debug][gc,heap     ] GC(34)   class space    used 3826K, committed 4032K, reserved 1048576K
[2025-09-02T20:40:34.082+0300][35.719s][info ][gc          ] GC(34) Pause Young (Prepare Mixed) (G1 Evacuation Pause) 1803M->1707M(2048M) 4.121ms
[2025-09-02T20:40:34.083+0300][35.719s][info ][gc,cpu      ] GC(34) User=0.04s Sys=0.00s Real=0.01s
[2025-09-02T20:40:35.768+0300][37.404s][info ][gc,start    ] GC(35) Pause Young (Mixed) (G1 Evacuation Pause)
[2025-09-02T20:40:35.768+0300][37.404s][debug][gc,heap     ] GC(35) Heap before GC invocations=35 (full 0):
[2025-09-02T20:40:35.768+0300][37.404s][debug][gc,heap     ] GC(35)  garbage-first heap   total 2097152K, used 1847566K [0x0000000780000000, 0x0000000800000000)
[2025-09-02T20:40:35.768+0300][37.404s][debug][gc,heap     ] GC(35)   region size 1024K, 102 young (104448K), 5 survivors (5120K)
[2025-09-02T20:40:35.768+0300][37.404s][debug][gc,heap     ] GC(35)  Metaspace       used 31371K, committed 31872K, reserved 1114112K
[2025-09-02T20:40:35.768+0300][37.404s][debug][gc,heap     ] GC(35)   class space    used 3826K, committed 4032K, reserved 1048576K
[2025-09-02T20:40:35.768+0300][37.404s][info ][gc,task     ] GC(35) Using 10 workers of 10 for evacuation
[2025-09-02T20:40:35.771+0300][37.407s][info ][gc,phases   ] GC(35)   Pre Evacuate Collection Set: 0.2ms
[2025-09-02T20:40:35.771+0300][37.407s][info ][gc,phases   ] GC(35)   Merge Heap Roots: 0.1ms
[2025-09-02T20:40:35.771+0300][37.407s][info ][gc,phases   ] GC(35)   Evacuate Collection Set: 1.9ms
[2025-09-02T20:40:35.771+0300][37.407s][info ][gc,phases   ] GC(35)   Post Evacuate Collection Set: 0.2ms
[2025-09-02T20:40:35.771+0300][37.407s][info ][gc,phases   ] GC(35)   Other: 0.1ms
[2025-09-02T20:40:35.771+0300][37.407s][info ][gc,heap     ] GC(35) Eden regions: 97->0(98)
[2025-09-02T20:40:35.771+0300][37.407s][info ][gc,heap     ] GC(35) Survivor regions: 5->4(13)
[2025-09-02T20:40:35.771+0300][37.407s][info ][gc,heap     ] GC(35) Old regions: 1695->1689
[2025-09-02T20:40:35.771+0300][37.407s][info ][gc,heap     ] GC(35) Humongous regions: 8->8
[2025-09-02T20:40:35.771+0300][37.407s][info ][gc,metaspace] GC(35) Metaspace: 31371K(31872K)->31371K(31872K) NonClass: 27544K(27840K)->27544K(27840K) Class: 3826K(4032K)->3826K(4032K)
[2025-09-02T20:40:35.771+0300][37.407s][debug][gc,heap     ] GC(35) Heap after GC invocations=36 (full 0):
[2025-09-02T20:40:35.771+0300][37.407s][debug][gc,heap     ] GC(35)  garbage-first heap   total 2097152K, used 1740407K [0x0000000780000000, 0x0000000800000000)
[2025-09-02T20:40:35.771+0300][37.407s][debug][gc,heap     ] GC(35)   region size 1024K, 4 young (4096K), 4 survivors (4096K)
[2025-09-02T20:40:35.771+0300][37.407s][debug][gc,heap     ] GC(35)  Metaspace       used 31371K, committed 31872K, reserved 1114112K
[2025-09-02T20:40:35.771+0300][37.407s][debug][gc,heap     ] GC(35)   class space    used 3826K, committed 4032K, reserved 1048576K
[2025-09-02T20:40:35.771+0300][37.407s][info ][gc          ] GC(35) Pause Young (Mixed) (G1 Evacuation Pause) 1804M->1699M(2048M) 2.868ms
[2025-09-02T20:40:35.771+0300][37.407s][info ][gc,cpu      ] GC(35) User=0.01s Sys=0.00s Real=0.01s
[2025-09-02T20:40:37.666+0300][39.302s][info ][gc,start    ] GC(36) Pause Young (Concurrent Start) (G1 Evacuation Pause)
[2025-09-02T20:40:37.666+0300][39.302s][debug][gc,heap     ] GC(36) Heap before GC invocations=36 (full 0):
[2025-09-02T20:40:37.666+0300][39.302s][debug][gc,heap     ] GC(36)  garbage-first heap   total 2097152K, used 1840759K [0x0000000780000000, 0x0000000800000000)
[2025-09-02T20:40:37.666+0300][39.302s][debug][gc,heap     ] GC(36)   region size 1024K, 102 young (104448K), 4 survivors (4096K)
[2025-09-02T20:40:37.666+0300][39.302s][debug][gc,heap     ] GC(36)  Metaspace       used 31371K, committed 31872K, reserved 1114112K
[2025-09-02T20:40:37.666+0300][39.302s][debug][gc,heap     ] GC(36)   class space    used 3826K, committed 4032K, reserved 1048576K
[2025-09-02T20:40:37.666+0300][39.302s][info ][gc,task     ] GC(36) Using 10 workers of 10 for evacuation
[2025-09-02T20:40:37.667+0300][39.304s][info ][gc,phases   ] GC(36)   Pre Evacuate Collection Set: 0.2ms
[2025-09-02T20:40:37.668+0300][39.304s][info ][gc,phases   ] GC(36)   Merge Heap Roots: 0.1ms
[2025-09-02T20:40:37.668+0300][39.304s][info ][gc,phases   ] GC(36)   Evacuate Collection Set: 0.8ms
[2025-09-02T20:40:37.668+0300][39.304s][info ][gc,phases   ] GC(36)   Post Evacuate Collection Set: 0.2ms
[2025-09-02T20:40:37.668+0300][39.304s][info ][gc,phases   ] GC(36)   Other: 0.1ms
[2025-09-02T20:40:37.668+0300][39.304s][info ][gc,heap     ] GC(36) Eden regions: 98->0(99)
[2025-09-02T20:40:37.668+0300][39.304s][info ][gc,heap     ] GC(36) Survivor regions: 4->3(13)
[2025-09-02T20:40:37.668+0300][39.304s][info ][gc,heap     ] GC(36) Old regions: 1689->1689
[2025-09-02T20:40:37.668+0300][39.304s][info ][gc,heap     ] GC(36) Humongous regions: 8->8
[2025-09-02T20:40:37.668+0300][39.304s][info ][gc,metaspace] GC(36) Metaspace: 31371K(31872K)->31371K(31872K) NonClass: 27545K(27840K)->27545K(27840K) Class: 3826K(4032K)->3826K(4032K)
[2025-09-02T20:40:37.668+0300][39.304s][debug][gc,heap     ] GC(36) Heap after GC invocations=37 (full 0):
[2025-09-02T20:40:37.668+0300][39.304s][debug][gc,heap     ] GC(36)  garbage-first heap   total 2097152K, used 1739872K [0x0000000780000000, 0x0000000800000000)
[2025-09-02T20:40:37.668+0300][39.304s][debug][gc,heap     ] GC(36)   region size 1024K, 3 young (3072K), 3 survivors (3072K)
[2025-09-02T20:40:37.668+0300][39.304s][debug][gc,heap     ] GC(36)  Metaspace       used 31371K, committed 31872K, reserved 1114112K
[2025-09-02T20:40:37.668+0300][39.304s][debug][gc,heap     ] GC(36)   class space    used 3826K, committed 4032K, reserved 1048576K
[2025-09-02T20:40:37.668+0300][39.304s][info ][gc          ] GC(36) Pause Young (Concurrent Start) (G1 Evacuation Pause) 1797M->1699M(2048M) 1.739ms
[2025-09-02T20:40:37.668+0300][39.304s][info ][gc          ] GC(37) Concurrent Mark Cycle
[2025-09-02T20:40:37.668+0300][39.304s][info ][gc,cpu      ] GC(36) User=0.01s Sys=0.00s Real=0.00s
[2025-09-02T20:40:37.668+0300][39.304s][info ][gc,marking  ] GC(37) Concurrent Scan Root Regions
[2025-09-02T20:40:37.668+0300][39.305s][info ][gc,marking  ] GC(37) Concurrent Scan Root Regions 0.466ms
[2025-09-02T20:40:37.668+0300][39.305s][info ][gc,marking  ] GC(37) Concurrent Mark
[2025-09-02T20:40:37.668+0300][39.305s][info ][gc,marking  ] GC(37) Concurrent Mark From Roots
[2025-09-02T20:40:37.668+0300][39.305s][info ][gc,task     ] GC(37) Using 3 workers of 3 for marking
[2025-09-02T20:40:37.714+0300][39.351s][info ][gc,marking  ] GC(37) Concurrent Mark From Roots 46.052ms
[2025-09-02T20:40:37.714+0300][39.351s][info ][gc,marking  ] GC(37) Concurrent Preclean
[2025-09-02T20:40:37.715+0300][39.351s][info ][gc,marking  ] GC(37) Concurrent Preclean 0.126ms
[2025-09-02T20:40:37.715+0300][39.351s][info ][gc,start    ] GC(37) Pause Remark
[2025-09-02T20:40:37.717+0300][39.354s][info ][gc          ] GC(37) Pause Remark 1702M->1702M(2048M) 2.635ms
[2025-09-02T20:40:37.717+0300][39.354s][info ][gc,cpu      ] GC(37) User=0.02s Sys=0.00s Real=0.00s
[2025-09-02T20:40:37.717+0300][39.354s][info ][gc,marking  ] GC(37) Concurrent Mark 49.079ms
[2025-09-02T20:40:37.717+0300][39.354s][info ][gc,marking  ] GC(37) Concurrent Rebuild Remembered Sets and Scrub Regions
[2025-09-02T20:40:37.746+0300][39.382s][info ][gc,marking  ] GC(37) Concurrent Rebuild Remembered Sets and Scrub Regions 28.188ms
[2025-09-02T20:40:37.746+0300][39.382s][info ][gc,start    ] GC(37) Pause Cleanup
[2025-09-02T20:40:37.746+0300][39.383s][info ][gc          ] GC(37) Pause Cleanup 1703M->1703M(2048M) 0.395ms
[2025-09-02T20:40:37.746+0300][39.383s][info ][gc,cpu      ] GC(37) User=0.00s Sys=0.00s Real=0.00s
[2025-09-02T20:40:37.746+0300][39.383s][info ][gc,marking  ] GC(37) Concurrent Clear Claimed Marks
[2025-09-02T20:40:37.746+0300][39.383s][info ][gc,marking  ] GC(37) Concurrent Clear Claimed Marks 0.035ms
[2025-09-02T20:40:37.746+0300][39.383s][info ][gc,marking  ] GC(37) Concurrent Cleanup for Next Mark
[2025-09-02T20:40:37.748+0300][39.385s][info ][gc,marking  ] GC(37) Concurrent Cleanup for Next Mark 2.135ms
[2025-09-02T20:40:37.749+0300][39.385s][info ][gc          ] GC(37) Concurrent Mark Cycle 80.763ms
[2025-09-02T20:40:39.401+0300][41.037s][info ][gc,start    ] GC(38) Pause Young (Prepare Mixed) (G1 Evacuation Pause)
[2025-09-02T20:40:39.401+0300][41.037s][debug][gc,heap     ] GC(38) Heap before GC invocations=38 (full 0):
[2025-09-02T20:40:39.401+0300][41.037s][debug][gc,heap     ] GC(38)  garbage-first heap   total 2097152K, used 1841248K [0x0000000780000000, 0x0000000800000000)
[2025-09-02T20:40:39.401+0300][41.037s][debug][gc,heap     ] GC(38)   region size 1024K, 102 young (104448K), 3 survivors (3072K)
[2025-09-02T20:40:39.401+0300][41.037s][debug][gc,heap     ] GC(38)  Metaspace       used 31373K, committed 31872K, reserved 1114112K
[2025-09-02T20:40:39.401+0300][41.037s][debug][gc,heap     ] GC(38)   class space    used 3826K, committed 4032K, reserved 1048576K
[2025-09-02T20:40:39.401+0300][41.037s][info ][gc,task     ] GC(38) Using 10 workers of 10 for evacuation
[2025-09-02T20:40:39.403+0300][41.039s][info ][gc,phases   ] GC(38)   Pre Evacuate Collection Set: 0.2ms
[2025-09-02T20:40:39.403+0300][41.039s][info ][gc,phases   ] GC(38)   Merge Heap Roots: 0.1ms
[2025-09-02T20:40:39.403+0300][41.039s][info ][gc,phases   ] GC(38)   Evacuate Collection Set: 0.9ms
[2025-09-02T20:40:39.403+0300][41.039s][info ][gc,phases   ] GC(38)   Post Evacuate Collection Set: 0.2ms
[2025-09-02T20:40:39.403+0300][41.039s][info ][gc,phases   ] GC(38)   Other: 0.1ms
[2025-09-02T20:40:39.403+0300][41.039s][info ][gc,heap     ] GC(38) Eden regions: 99->0(99)
[2025-09-02T20:40:39.403+0300][41.039s][info ][gc,heap     ] GC(38) Survivor regions: 3->3(13)
[2025-09-02T20:40:39.403+0300][41.039s][info ][gc,heap     ] GC(38) Old regions: 1689->1689
[2025-09-02T20:40:39.403+0300][41.039s][info ][gc,heap     ] GC(38) Humongous regions: 8->8
[2025-09-02T20:40:39.403+0300][41.039s][info ][gc,metaspace] GC(38) Metaspace: 31373K(31872K)->31373K(31872K) NonClass: 27546K(27840K)->27546K(27840K) Class: 3826K(4032K)->3826K(4032K)
[2025-09-02T20:40:39.403+0300][41.039s][debug][gc,heap     ] GC(38) Heap after GC invocations=39 (full 0):
[2025-09-02T20:40:39.403+0300][41.039s][debug][gc,heap     ] GC(38)  garbage-first heap   total 2097152K, used 1739952K [0x0000000780000000, 0x0000000800000000)
[2025-09-02T20:40:39.403+0300][41.039s][debug][gc,heap     ] GC(38)   region size 1024K, 3 young (3072K), 3 survivors (3072K)
[2025-09-02T20:40:39.403+0300][41.039s][debug][gc,heap     ] GC(38)  Metaspace       used 31373K, committed 31872K, reserved 1114112K
[2025-09-02T20:40:39.403+0300][41.039s][debug][gc,heap     ] GC(38)   class space    used 3826K, committed 4032K, reserved 1048576K
[2025-09-02T20:40:39.403+0300][41.039s][info ][gc          ] GC(38) Pause Young (Prepare Mixed) (G1 Evacuation Pause) 1798M->1699M(2048M) 1.952ms
[2025-09-02T20:40:39.403+0300][41.039s][info ][gc,cpu      ] GC(38) User=0.01s Sys=0.00s Real=0.00s
[2025-09-02T20:40:40.990+0300][42.626s][info ][gc,start    ] GC(39) Pause Young (Mixed) (G1 Evacuation Pause)
[2025-09-02T20:40:40.990+0300][42.626s][debug][gc,heap     ] GC(39) Heap before GC invocations=39 (full 0):
[2025-09-02T20:40:40.990+0300][42.626s][debug][gc,heap     ] GC(39)  garbage-first heap   total 2097152K, used 1841328K [0x0000000780000000, 0x0000000800000000)
[2025-09-02T20:40:40.990+0300][42.626s][debug][gc,heap     ] GC(39)   region size 1024K, 102 young (104448K), 3 survivors (3072K)
[2025-09-02T20:40:40.990+0300][42.626s][debug][gc,heap     ] GC(39)  Metaspace       used 31373K, committed 31872K, reserved 1114112K
[2025-09-02T20:40:40.990+0300][42.626s][debug][gc,heap     ] GC(39)   class space    used 3826K, committed 4032K, reserved 1048576K
[2025-09-02T20:40:40.990+0300][42.626s][info ][gc,task     ] GC(39) Using 10 workers of 10 for evacuation
[2025-09-02T20:40:40.992+0300][42.628s][info ][gc,phases   ] GC(39)   Pre Evacuate Collection Set: 0.2ms
[2025-09-02T20:40:40.992+0300][42.628s][info ][gc,phases   ] GC(39)   Merge Heap Roots: 0.1ms
[2025-09-02T20:40:40.992+0300][42.628s][info ][gc,phases   ] GC(39)   Evacuate Collection Set: 1.7ms
[2025-09-02T20:40:40.992+0300][42.628s][info ][gc,phases   ] GC(39)   Post Evacuate Collection Set: 0.2ms
[2025-09-02T20:40:40.992+0300][42.629s][info ][gc,phases   ] GC(39)   Other: 0.1ms
[2025-09-02T20:40:40.992+0300][42.629s][info ][gc,heap     ] GC(39) Eden regions: 99->0(98)
[2025-09-02T20:40:40.992+0300][42.629s][info ][gc,heap     ] GC(39) Survivor regions: 3->4(13)
[2025-09-02T20:40:40.992+0300][42.629s][info ][gc,heap     ] GC(39) Old regions: 1689->1684
[2025-09-02T20:40:40.992+0300][42.629s][info ][gc,heap     ] GC(39) Humongous regions: 8->8
[2025-09-02T20:40:40.992+0300][42.629s][info ][gc,metaspace] GC(39) Metaspace: 31373K(31872K)->31373K(31872K) NonClass: 27546K(27840K)->27546K(27840K) Class: 3826K(4032K)->3826K(4032K)
[2025-09-02T20:40:40.992+0300][42.629s][debug][gc,heap     ] GC(39) Heap after GC invocations=40 (full 0):
[2025-09-02T20:40:40.992+0300][42.629s][debug][gc,heap     ] GC(39)  garbage-first heap   total 2097152K, used 1735133K [0x0000000780000000, 0x0000000800000000)
[2025-09-02T20:40:40.992+0300][42.629s][debug][gc,heap     ] GC(39)   region size 1024K, 4 young (4096K), 4 survivors (4096K)
[2025-09-02T20:40:40.992+0300][42.629s][debug][gc,heap     ] GC(39)  Metaspace       used 31373K, committed 31872K, reserved 1114112K
[2025-09-02T20:40:40.992+0300][42.629s][debug][gc,heap     ] GC(39)   class space    used 3826K, committed 4032K, reserved 1048576K
[2025-09-02T20:40:40.992+0300][42.629s][info ][gc          ] GC(39) Pause Young (Mixed) (G1 Evacuation Pause) 1798M->1694M(2048M) 2.585ms
[2025-09-02T20:40:40.992+0300][42.629s][info ][gc,cpu      ] GC(39) User=0.01s Sys=0.00s Real=0.00s
[2025-09-02T20:40:42.457+0300][44.093s][info ][gc,start    ] GC(40) Pause Young (Concurrent Start) (G1 Evacuation Pause)
[2025-09-02T20:40:42.457+0300][44.093s][debug][gc,heap     ] GC(40) Heap before GC invocations=40 (full 0):
[2025-09-02T20:40:42.457+0300][44.093s][debug][gc,heap     ] GC(40)  garbage-first heap   total 2097152K, used 1835485K [0x0000000780000000, 0x0000000800000000)
[2025-09-02T20:40:42.457+0300][44.093s][debug][gc,heap     ] GC(40)   region size 1024K, 102 young (104448K), 4 survivors (4096K)
[2025-09-02T20:40:42.457+0300][44.093s][debug][gc,heap     ] GC(40)  Metaspace       used 31373K, committed 31872K, reserved 1114112K
[2025-09-02T20:40:42.457+0300][44.093s][debug][gc,heap     ] GC(40)   class space    used 3826K, committed 4032K, reserved 1048576K
[2025-09-02T20:40:42.457+0300][44.093s][info ][gc,task     ] GC(40) Using 10 workers of 10 for evacuation
[2025-09-02T20:40:42.459+0300][44.095s][info ][gc,phases   ] GC(40)   Pre Evacuate Collection Set: 0.2ms
[2025-09-02T20:40:42.459+0300][44.095s][info ][gc,phases   ] GC(40)   Merge Heap Roots: 0.1ms
[2025-09-02T20:40:42.459+0300][44.095s][info ][gc,phases   ] GC(40)   Evacuate Collection Set: 0.8ms
[2025-09-02T20:40:42.459+0300][44.095s][info ][gc,phases   ] GC(40)   Post Evacuate Collection Set: 0.2ms
[2025-09-02T20:40:42.459+0300][44.095s][info ][gc,phases   ] GC(40)   Other: 0.1ms
[2025-09-02T20:40:42.459+0300][44.095s][info ][gc,heap     ] GC(40) Eden regions: 98->0(99)
[2025-09-02T20:40:42.459+0300][44.095s][info ][gc,heap     ] GC(40) Survivor regions: 4->3(13)
[2025-09-02T20:40:42.459+0300][44.095s][info ][gc,heap     ] GC(40) Old regions: 1684->1684
[2025-09-02T20:40:42.459+0300][44.095s][info ][gc,heap     ] GC(40) Humongous regions: 8->8
[2025-09-02T20:40:42.459+0300][44.095s][info ][gc,metaspace] GC(40) Metaspace: 31373K(31872K)->31373K(31872K) NonClass: 27546K(27840K)->27546K(27840K) Class: 3826K(4032K)->3826K(4032K)
[2025-09-02T20:40:42.459+0300][44.095s][debug][gc,heap     ] GC(40) Heap after GC invocations=41 (full 0):
[2025-09-02T20:40:42.459+0300][44.095s][debug][gc,heap     ] GC(40)  garbage-first heap   total 2097152K, used 1734861K [0x0000000780000000, 0x0000000800000000)
[2025-09-02T20:40:42.459+0300][44.095s][debug][gc,heap     ] GC(40)   region size 1024K, 3 young (3072K), 3 survivors (3072K)
[2025-09-02T20:40:42.459+0300][44.095s][debug][gc,heap     ] GC(40)  Metaspace       used 31373K, committed 31872K, reserved 1114112K
[2025-09-02T20:40:42.459+0300][44.095s][debug][gc,heap     ] GC(40)   class space    used 3826K, committed 4032K, reserved 1048576K
[2025-09-02T20:40:42.459+0300][44.095s][info ][gc          ] GC(40) Pause Young (Concurrent Start) (G1 Evacuation Pause) 1792M->1694M(2048M) 1.686ms
[2025-09-02T20:40:42.459+0300][44.095s][info ][gc          ] GC(41) Concurrent Mark Cycle
[2025-09-02T20:40:42.459+0300][44.095s][info ][gc,cpu      ] GC(40) User=0.01s Sys=0.00s Real=0.00s
[2025-09-02T20:40:42.459+0300][44.095s][info ][gc,marking  ] GC(41) Concurrent Scan Root Regions
[2025-09-02T20:40:42.459+0300][44.096s][info ][gc,marking  ] GC(41) Concurrent Scan Root Regions 0.542ms
[2025-09-02T20:40:42.459+0300][44.096s][info ][gc,marking  ] GC(41) Concurrent Mark
[2025-09-02T20:40:42.459+0300][44.096s][info ][gc,marking  ] GC(41) Concurrent Mark From Roots
[2025-09-02T20:40:42.459+0300][44.096s][info ][gc,task     ] GC(41) Using 3 workers of 3 for marking
[2025-09-02T20:40:42.507+0300][44.143s][info ][gc,marking  ] GC(41) Concurrent Mark From Roots 47.652ms
[2025-09-02T20:40:42.507+0300][44.143s][info ][gc,marking  ] GC(41) Concurrent Preclean
[2025-09-02T20:40:42.507+0300][44.143s][info ][gc,marking  ] GC(41) Concurrent Preclean 0.118ms
[2025-09-02T20:40:42.507+0300][44.144s][info ][gc,start    ] GC(41) Pause Remark
[2025-09-02T20:40:42.509+0300][44.146s][info ][gc          ] GC(41) Pause Remark 1697M->1697M(2048M) 2.108ms
[2025-09-02T20:40:42.509+0300][44.146s][info ][gc,cpu      ] GC(41) User=0.02s Sys=0.00s Real=0.00s
[2025-09-02T20:40:42.509+0300][44.146s][info ][gc,marking  ] GC(41) Concurrent Mark 50.127ms
[2025-09-02T20:40:42.510+0300][44.146s][info ][gc,marking  ] GC(41) Concurrent Rebuild Remembered Sets and Scrub Regions
[2025-09-02T20:40:42.539+0300][44.175s][info ][gc,marking  ] GC(41) Concurrent Rebuild Remembered Sets and Scrub Regions 29.122ms
[2025-09-02T20:40:42.539+0300][44.175s][info ][gc,start    ] GC(41) Pause Cleanup
[2025-09-02T20:40:42.539+0300][44.175s][info ][gc          ] GC(41) Pause Cleanup 1700M->1700M(2048M) 0.328ms
[2025-09-02T20:40:42.539+0300][44.175s][info ][gc,cpu      ] GC(41) User=0.00s Sys=0.00s Real=0.00s
[2025-09-02T20:40:42.539+0300][44.175s][info ][gc,marking  ] GC(41) Concurrent Clear Claimed Marks
[2025-09-02T20:40:42.539+0300][44.176s][info ][gc,marking  ] GC(41) Concurrent Clear Claimed Marks 0.036ms
[2025-09-02T20:40:42.539+0300][44.176s][info ][gc,marking  ] GC(41) Concurrent Cleanup for Next Mark
[2025-09-02T20:40:42.542+0300][44.178s][info ][gc,marking  ] GC(41) Concurrent Cleanup for Next Mark 2.249ms
[2025-09-02T20:40:42.542+0300][44.178s][info ][gc          ] GC(41) Concurrent Mark Cycle 82.806ms
[2025-09-02T20:40:43.851+0300][45.487s][info ][gc,start    ] GC(42) Pause Young (Prepare Mixed) (G1 Evacuation Pause)
[2025-09-02T20:40:43.851+0300][45.487s][debug][gc,heap     ] GC(42) Heap before GC invocations=42 (full 0):
[2025-09-02T20:40:43.851+0300][45.487s][debug][gc,heap     ] GC(42)  garbage-first heap   total 2097152K, used 1836237K [0x0000000780000000, 0x0000000800000000)
[2025-09-02T20:40:43.851+0300][45.487s][debug][gc,heap     ] GC(42)   region size 1024K, 102 young (104448K), 3 survivors (3072K)
[2025-09-02T20:40:43.851+0300][45.487s][debug][gc,heap     ] GC(42)  Metaspace       used 31373K, committed 31872K, reserved 1114112K
[2025-09-02T20:40:43.851+0300][45.487s][debug][gc,heap     ] GC(42)   class space    used 3826K, committed 4032K, reserved 1048576K
[2025-09-02T20:40:43.851+0300][45.487s][info ][gc,task     ] GC(42) Using 10 workers of 10 for evacuation
[2025-09-02T20:40:43.852+0300][45.489s][info ][gc,phases   ] GC(42)   Pre Evacuate Collection Set: 0.2ms
[2025-09-02T20:40:43.853+0300][45.489s][info ][gc,phases   ] GC(42)   Merge Heap Roots: 0.1ms
[2025-09-02T20:40:43.853+0300][45.489s][info ][gc,phases   ] GC(42)   Evacuate Collection Set: 0.8ms
[2025-09-02T20:40:43.853+0300][45.489s][info ][gc,phases   ] GC(42)   Post Evacuate Collection Set: 0.2ms
[2025-09-02T20:40:43.853+0300][45.489s][info ][gc,phases   ] GC(42)   Other: 0.1ms
[2025-09-02T20:40:43.853+0300][45.489s][info ][gc,heap     ] GC(42) Eden regions: 99->0(99)
[2025-09-02T20:40:43.853+0300][45.489s][info ][gc,heap     ] GC(42) Survivor regions: 3->3(13)
[2025-09-02T20:40:43.853+0300][45.489s][info ][gc,heap     ] GC(42) Old regions: 1684->1684
[2025-09-02T20:40:43.853+0300][45.489s][info ][gc,heap     ] GC(42) Humongous regions: 8->8
[2025-09-02T20:40:43.853+0300][45.489s][info ][gc,metaspace] GC(42) Metaspace: 31373K(31872K)->31373K(31872K) NonClass: 27546K(27840K)->27546K(27840K) Class: 3826K(4032K)->3826K(4032K)
[2025-09-02T20:40:43.853+0300][45.489s][debug][gc,heap     ] GC(42) Heap after GC invocations=43 (full 0):
[2025-09-02T20:40:43.853+0300][45.489s][debug][gc,heap     ] GC(42)  garbage-first heap   total 2097152K, used 1734924K [0x0000000780000000, 0x0000000800000000)
[2025-09-02T20:40:43.853+0300][45.489s][debug][gc,heap     ] GC(42)   region size 1024K, 3 young (3072K), 3 survivors (3072K)
[2025-09-02T20:40:43.853+0300][45.489s][debug][gc,heap     ] GC(42)  Metaspace       used 31373K, committed 31872K, reserved 1114112K
[2025-09-02T20:40:43.853+0300][45.489s][debug][gc,heap     ] GC(42)   class space    used 3826K, committed 4032K, reserved 1048576K
[2025-09-02T20:40:43.853+0300][45.489s][info ][gc          ] GC(42) Pause Young (Prepare Mixed) (G1 Evacuation Pause) 1793M->1694M(2048M) 1.699ms
[2025-09-02T20:40:43.853+0300][45.489s][info ][gc,cpu      ] GC(42) User=0.01s Sys=0.00s Real=0.00s
[2025-09-02T20:40:45.188+0300][46.824s][info ][gc,start    ] GC(43) Pause Young (Mixed) (G1 Evacuation Pause)
[2025-09-02T20:40:45.188+0300][46.824s][debug][gc,heap     ] GC(43) Heap before GC invocations=43 (full 0):
[2025-09-02T20:40:45.188+0300][46.824s][debug][gc,heap     ] GC(43)  garbage-first heap   total 2097152K, used 1836300K [0x0000000780000000, 0x0000000800000000)
[2025-09-02T20:40:45.188+0300][46.824s][debug][gc,heap     ] GC(43)   region size 1024K, 102 young (104448K), 3 survivors (3072K)
[2025-09-02T20:40:45.188+0300][46.824s][debug][gc,heap     ] GC(43)  Metaspace       used 31377K, committed 31872K, reserved 1114112K
[2025-09-02T20:40:45.188+0300][46.824s][debug][gc,heap     ] GC(43)   class space    used 3826K, committed 4032K, reserved 1048576K
[2025-09-02T20:40:45.188+0300][46.824s][info ][gc,task     ] GC(43) Using 10 workers of 10 for evacuation
[2025-09-02T20:40:45.190+0300][46.826s][info ][gc,phases   ] GC(43)   Pre Evacuate Collection Set: 0.2ms
[2025-09-02T20:40:45.190+0300][46.826s][info ][gc,phases   ] GC(43)   Merge Heap Roots: 0.1ms
[2025-09-02T20:40:45.190+0300][46.826s][info ][gc,phases   ] GC(43)   Evacuate Collection Set: 1.4ms
[2025-09-02T20:40:45.190+0300][46.826s][info ][gc,phases   ] GC(43)   Post Evacuate Collection Set: 0.2ms
[2025-09-02T20:40:45.190+0300][46.826s][info ][gc,phases   ] GC(43)   Other: 0.1ms
[2025-09-02T20:40:45.190+0300][46.826s][info ][gc,heap     ] GC(43) Eden regions: 99->0(99)
[2025-09-02T20:40:45.190+0300][46.826s][info ][gc,heap     ] GC(43) Survivor regions: 3->3(13)
[2025-09-02T20:40:45.190+0300][46.826s][info ][gc,heap     ] GC(43) Old regions: 1684->1680
[2025-09-02T20:40:45.190+0300][46.826s][info ][gc,heap     ] GC(43) Humongous regions: 8->8
[2025-09-02T20:40:45.190+0300][46.826s][info ][gc,metaspace] GC(43) Metaspace: 31377K(31872K)->31377K(31872K) NonClass: 27550K(27840K)->27550K(27840K) Class: 3826K(4032K)->3826K(4032K)
[2025-09-02T20:40:45.190+0300][46.826s][debug][gc,heap     ] GC(43) Heap after GC invocations=44 (full 0):
[2025-09-02T20:40:45.190+0300][46.826s][debug][gc,heap     ] GC(43)  garbage-first heap   total 2097152K, used 1731334K [0x0000000780000000, 0x0000000800000000)
[2025-09-02T20:40:45.190+0300][46.826s][debug][gc,heap     ] GC(43)   region size 1024K, 3 young (3072K), 3 survivors (3072K)
[2025-09-02T20:40:45.190+0300][46.826s][debug][gc,heap     ] GC(43)  Metaspace       used 31377K, committed 31872K, reserved 1114112K
[2025-09-02T20:40:45.190+0300][46.826s][debug][gc,heap     ] GC(43)   class space    used 3826K, committed 4032K, reserved 1048576K
[2025-09-02T20:40:45.190+0300][46.826s][info ][gc          ] GC(43) Pause Young (Mixed) (G1 Evacuation Pause) 1793M->1690M(2048M) 2.310ms
[2025-09-02T20:40:45.190+0300][46.826s][info ][gc,cpu      ] GC(43) User=0.01s Sys=0.00s Real=0.01s
[2025-09-02T20:40:46.479+0300][48.115s][info ][gc,start    ] GC(44) Pause Young (Concurrent Start) (G1 Evacuation Pause)
[2025-09-02T20:40:46.479+0300][48.115s][debug][gc,heap     ] GC(44) Heap before GC invocations=44 (full 0):
[2025-09-02T20:40:46.479+0300][48.115s][debug][gc,heap     ] GC(44)  garbage-first heap   total 2097152K, used 1832710K [0x0000000780000000, 0x0000000800000000)
[2025-09-02T20:40:46.479+0300][48.115s][debug][gc,heap     ] GC(44)   region size 1024K, 102 young (104448K), 3 survivors (3072K)
[2025-09-02T20:40:46.479+0300][48.115s][debug][gc,heap     ] GC(44)  Metaspace       used 31377K, committed 31872K, reserved 1114112K
[2025-09-02T20:40:46.479+0300][48.115s][debug][gc,heap     ] GC(44)   class space    used 3826K, committed 4032K, reserved 1048576K
[2025-09-02T20:40:46.479+0300][48.115s][info ][gc,task     ] GC(44) Using 10 workers of 10 for evacuation
[2025-09-02T20:40:46.481+0300][48.117s][info ][gc,phases   ] GC(44)   Pre Evacuate Collection Set: 0.2ms
[2025-09-02T20:40:46.481+0300][48.117s][info ][gc,phases   ] GC(44)   Merge Heap Roots: 0.1ms
[2025-09-02T20:40:46.481+0300][48.117s][info ][gc,phases   ] GC(44)   Evacuate Collection Set: 0.9ms
[2025-09-02T20:40:46.481+0300][48.117s][info ][gc,phases   ] GC(44)   Post Evacuate Collection Set: 0.2ms
[2025-09-02T20:40:46.481+0300][48.117s][info ][gc,phases   ] GC(44)   Other: 0.1ms
[2025-09-02T20:40:46.481+0300][48.117s][info ][gc,heap     ] GC(44) Eden regions: 99->0(99)
[2025-09-02T20:40:46.481+0300][48.117s][info ][gc,heap     ] GC(44) Survivor regions: 3->3(13)
[2025-09-02T20:40:46.481+0300][48.117s][info ][gc,heap     ] GC(44) Old regions: 1680->1680
[2025-09-02T20:40:46.481+0300][48.117s][info ][gc,heap     ] GC(44) Humongous regions: 8->8
[2025-09-02T20:40:46.481+0300][48.117s][info ][gc,metaspace] GC(44) Metaspace: 31377K(31872K)->31377K(31872K) NonClass: 27550K(27840K)->27550K(27840K) Class: 3826K(4032K)->3826K(4032K)
[2025-09-02T20:40:46.481+0300][48.117s][debug][gc,heap     ] GC(44) Heap after GC invocations=45 (full 0):
[2025-09-02T20:40:46.481+0300][48.117s][debug][gc,heap     ] GC(44)  garbage-first heap   total 2097152K, used 1731291K [0x0000000780000000, 0x0000000800000000)
[2025-09-02T20:40:46.481+0300][48.117s][debug][gc,heap     ] GC(44)   region size 1024K, 3 young (3072K), 3 survivors (3072K)
[2025-09-02T20:40:46.481+0300][48.117s][debug][gc,heap     ] GC(44)  Metaspace       used 31377K, committed 31872K, reserved 1114112K
[2025-09-02T20:40:46.481+0300][48.117s][debug][gc,heap     ] GC(44)   class space    used 3826K, committed 4032K, reserved 1048576K
[2025-09-02T20:40:46.481+0300][48.117s][info ][gc          ] GC(44) Pause Young (Concurrent Start) (G1 Evacuation Pause) 1789M->1690M(2048M) 1.816ms
[2025-09-02T20:40:46.481+0300][48.117s][info ][gc          ] GC(45) Concurrent Mark Cycle
[2025-09-02T20:40:46.481+0300][48.117s][info ][gc,marking  ] GC(45) Concurrent Scan Root Regions
[2025-09-02T20:40:46.481+0300][48.117s][info ][gc,cpu      ] GC(44) User=0.01s Sys=0.00s Real=0.01s
[2025-09-02T20:40:46.481+0300][48.118s][info ][gc,marking  ] GC(45) Concurrent Scan Root Regions 0.478ms
[2025-09-02T20:40:46.481+0300][48.118s][info ][gc,marking  ] GC(45) Concurrent Mark
[2025-09-02T20:40:46.481+0300][48.118s][info ][gc,marking  ] GC(45) Concurrent Mark From Roots
[2025-09-02T20:40:46.481+0300][48.118s][info ][gc,task     ] GC(45) Using 3 workers of 3 for marking
[2025-09-02T20:40:46.528+0300][48.164s][info ][gc,marking  ] GC(45) Concurrent Mark From Roots 46.496ms
[2025-09-02T20:40:46.528+0300][48.164s][info ][gc,marking  ] GC(45) Concurrent Preclean
[2025-09-02T20:40:46.528+0300][48.164s][info ][gc,marking  ] GC(45) Concurrent Preclean 0.114ms
[2025-09-02T20:40:46.528+0300][48.164s][info ][gc,start    ] GC(45) Pause Remark
[2025-09-02T20:40:46.530+0300][48.166s][info ][gc          ] GC(45) Pause Remark 1694M->1694M(2048M) 1.943ms
[2025-09-02T20:40:46.530+0300][48.166s][info ][gc,cpu      ] GC(45) User=0.02s Sys=0.00s Real=0.01s
[2025-09-02T20:40:46.530+0300][48.166s][info ][gc,marking  ] GC(45) Concurrent Mark 48.887ms
[2025-09-02T20:40:46.530+0300][48.167s][info ][gc,marking  ] GC(45) Concurrent Rebuild Remembered Sets and Scrub Regions
[2025-09-02T20:40:46.558+0300][48.195s][info ][gc,marking  ] GC(45) Concurrent Rebuild Remembered Sets and Scrub Regions 27.966ms
[2025-09-02T20:40:46.558+0300][48.195s][info ][gc,start    ] GC(45) Pause Cleanup
[2025-09-02T20:40:46.559+0300][48.195s][info ][gc          ] GC(45) Pause Cleanup 1697M->1697M(2048M) 0.306ms
[2025-09-02T20:40:46.559+0300][48.195s][info ][gc,cpu      ] GC(45) User=0.00s Sys=0.00s Real=0.00s
[2025-09-02T20:40:46.559+0300][48.195s][info ][gc,marking  ] GC(45) Concurrent Clear Claimed Marks
[2025-09-02T20:40:46.559+0300][48.195s][info ][gc,marking  ] GC(45) Concurrent Clear Claimed Marks 0.054ms
[2025-09-02T20:40:46.559+0300][48.195s][info ][gc,marking  ] GC(45) Concurrent Cleanup for Next Mark
[2025-09-02T20:40:46.561+0300][48.197s][info ][gc,marking  ] GC(45) Concurrent Cleanup for Next Mark 2.155ms
[2025-09-02T20:40:46.561+0300][48.197s][info ][gc          ] GC(45) Concurrent Mark Cycle 80.245ms
[2025-09-02T20:40:47.743+0300][49.379s][info ][gc,start    ] GC(46) Pause Young (Prepare Mixed) (G1 Evacuation Pause)
[2025-09-02T20:40:47.743+0300][49.379s][debug][gc,heap     ] GC(46) Heap before GC invocations=46 (full 0):
[2025-09-02T20:40:47.743+0300][49.379s][debug][gc,heap     ] GC(46)  garbage-first heap   total 2097152K, used 1832667K [0x0000000780000000, 0x0000000800000000)
[2025-09-02T20:40:47.743+0300][49.379s][debug][gc,heap     ] GC(46)   region size 1024K, 102 young (104448K), 3 survivors (3072K)
[2025-09-02T20:40:47.743+0300][49.379s][debug][gc,heap     ] GC(46)  Metaspace       used 31377K, committed 31872K, reserved 1114112K
[2025-09-02T20:40:47.743+0300][49.379s][debug][gc,heap     ] GC(46)   class space    used 3826K, committed 4032K, reserved 1048576K
[2025-09-02T20:40:47.743+0300][49.379s][info ][gc,task     ] GC(46) Using 10 workers of 10 for evacuation
[2025-09-02T20:40:47.744+0300][49.381s][info ][gc,phases   ] GC(46)   Pre Evacuate Collection Set: 0.2ms
[2025-09-02T20:40:47.744+0300][49.381s][info ][gc,phases   ] GC(46)   Merge Heap Roots: 0.1ms
[2025-09-02T20:40:47.744+0300][49.381s][info ][gc,phases   ] GC(46)   Evacuate Collection Set: 0.9ms
[2025-09-02T20:40:47.744+0300][49.381s][info ][gc,phases   ] GC(46)   Post Evacuate Collection Set: 0.2ms
[2025-09-02T20:40:47.744+0300][49.381s][info ][gc,phases   ] GC(46)   Other: 0.1ms
[2025-09-02T20:40:47.744+0300][49.381s][info ][gc,heap     ] GC(46) Eden regions: 99->0(99)
[2025-09-02T20:40:47.744+0300][49.381s][info ][gc,heap     ] GC(46) Survivor regions: 3->3(13)
[2025-09-02T20:40:47.744+0300][49.381s][info ][gc,heap     ] GC(46) Old regions: 1680->1680
[2025-09-02T20:40:47.744+0300][49.381s][info ][gc,heap     ] GC(46) Humongous regions: 8->8
[2025-09-02T20:40:47.744+0300][49.381s][info ][gc,metaspace] GC(46) Metaspace: 31377K(31872K)->31377K(31872K) NonClass: 27550K(27840K)->27550K(27840K) Class: 3826K(4032K)->3826K(4032K)
[2025-09-02T20:40:47.744+0300][49.381s][debug][gc,heap     ] GC(46) Heap after GC invocations=47 (full 0):
[2025-09-02T20:40:47.744+0300][49.381s][debug][gc,heap     ] GC(46)  garbage-first heap   total 2097152K, used 1731169K [0x0000000780000000, 0x0000000800000000)
[2025-09-02T20:40:47.745+0300][49.381s][debug][gc,heap     ] GC(46)   region size 1024K, 3 young (3072K), 3 survivors (3072K)
[2025-09-02T20:40:47.745+0300][49.381s][debug][gc,heap     ] GC(46)  Metaspace       used 31377K, committed 31872K, reserved 1114112K
[2025-09-02T20:40:47.745+0300][49.381s][debug][gc,heap     ] GC(46)   class space    used 3826K, committed 4032K, reserved 1048576K
[2025-09-02T20:40:47.745+0300][49.381s][info ][gc          ] GC(46) Pause Young (Prepare Mixed) (G1 Evacuation Pause) 1789M->1690M(2048M) 1.860ms
[2025-09-02T20:40:47.745+0300][49.381s][info ][gc,cpu      ] GC(46) User=0.02s Sys=0.00s Real=0.00s
[2025-09-02T20:40:48.984+0300][50.620s][info ][gc,start    ] GC(47) Pause Young (Mixed) (G1 Evacuation Pause)
[2025-09-02T20:40:48.984+0300][50.620s][debug][gc,heap     ] GC(47) Heap before GC invocations=47 (full 0):
[2025-09-02T20:40:48.984+0300][50.620s][debug][gc,heap     ] GC(47)  garbage-first heap   total 2097152K, used 1832545K [0x0000000780000000, 0x0000000800000000)
[2025-09-02T20:40:48.984+0300][50.620s][debug][gc,heap     ] GC(47)   region size 1024K, 102 young (104448K), 3 survivors (3072K)
[2025-09-02T20:40:48.984+0300][50.620s][debug][gc,heap     ] GC(47)  Metaspace       used 31377K, committed 31872K, reserved 1114112K
[2025-09-02T20:40:48.984+0300][50.620s][debug][gc,heap     ] GC(47)   class space    used 3826K, committed 4032K, reserved 1048576K
[2025-09-02T20:40:48.984+0300][50.620s][info ][gc,task     ] GC(47) Using 10 workers of 10 for evacuation
[2025-09-02T20:40:48.986+0300][50.622s][info ][gc,phases   ] GC(47)   Pre Evacuate Collection Set: 0.2ms
[2025-09-02T20:40:48.986+0300][50.622s][info ][gc,phases   ] GC(47)   Merge Heap Roots: 0.1ms
[2025-09-02T20:40:48.986+0300][50.622s][info ][gc,phases   ] GC(47)   Evacuate Collection Set: 1.4ms
[2025-09-02T20:40:48.986+0300][50.622s][info ][gc,phases   ] GC(47)   Post Evacuate Collection Set: 0.2ms
[2025-09-02T20:40:48.986+0300][50.622s][info ][gc,phases   ] GC(47)   Other: 0.1ms
[2025-09-02T20:40:48.986+0300][50.622s][info ][gc,heap     ] GC(47) Eden regions: 99->0(99)
[2025-09-02T20:40:48.986+0300][50.622s][info ][gc,heap     ] GC(47) Survivor regions: 3->3(13)
[2025-09-02T20:40:48.986+0300][50.623s][info ][gc,heap     ] GC(47) Old regions: 1680->1677
[2025-09-02T20:40:48.986+0300][50.623s][info ][gc,heap     ] GC(47) Humongous regions: 8->8
[2025-09-02T20:40:48.986+0300][50.623s][info ][gc,metaspace] GC(47) Metaspace: 31377K(31872K)->31377K(31872K) NonClass: 27550K(27840K)->27550K(27840K) Class: 3826K(4032K)->3826K(4032K)
[2025-09-02T20:40:48.986+0300][50.623s][debug][gc,heap     ] GC(47) Heap after GC invocations=48 (full 0):
[2025-09-02T20:40:48.986+0300][50.623s][debug][gc,heap     ] GC(47)  garbage-first heap   total 2097152K, used 1728277K [0x0000000780000000, 0x0000000800000000)
[2025-09-02T20:40:48.986+0300][50.623s][debug][gc,heap     ] GC(47)   region size 1024K, 3 young (3072K), 3 survivors (3072K)
[2025-09-02T20:40:48.986+0300][50.623s][debug][gc,heap     ] GC(47)  Metaspace       used 31377K, committed 31872K, reserved 1114112K
[2025-09-02T20:40:48.986+0300][50.623s][debug][gc,heap     ] GC(47)   class space    used 3826K, committed 4032K, reserved 1048576K
[2025-09-02T20:40:48.986+0300][50.623s][info ][gc          ] GC(47) Pause Young (Mixed) (G1 Evacuation Pause) 1789M->1687M(2048M) 2.381ms
[2025-09-02T20:40:48.986+0300][50.623s][info ][gc,cpu      ] GC(47) User=0.01s Sys=0.01s Real=0.00s
[2025-09-02T20:40:50.212+0300][51.848s][info ][gc,start    ] GC(48) Pause Young (Concurrent Start) (G1 Evacuation Pause)
[2025-09-02T20:40:50.212+0300][51.848s][debug][gc,heap     ] GC(48) Heap before GC invocations=48 (full 0):
[2025-09-02T20:40:50.212+0300][51.848s][debug][gc,heap     ] GC(48)  garbage-first heap   total 2097152K, used 1829653K [0x0000000780000000, 0x0000000800000000)
[2025-09-02T20:40:50.212+0300][51.848s][debug][gc,heap     ] GC(48)   region size 1024K, 102 young (104448K), 3 survivors (3072K)
[2025-09-02T20:40:50.212+0300][51.848s][debug][gc,heap     ] GC(48)  Metaspace       used 31399K, committed 31872K, reserved 1114112K
[2025-09-02T20:40:50.212+0300][51.848s][debug][gc,heap     ] GC(48)   class space    used 3826K, committed 4032K, reserved 1048576K
[2025-09-02T20:40:50.212+0300][51.848s][info ][gc,task     ] GC(48) Using 10 workers of 10 for evacuation
[2025-09-02T20:40:50.214+0300][51.850s][info ][gc,phases   ] GC(48)   Pre Evacuate Collection Set: 0.3ms
[2025-09-02T20:40:50.214+0300][51.850s][info ][gc,phases   ] GC(48)   Merge Heap Roots: 0.1ms
[2025-09-02T20:40:50.214+0300][51.850s][info ][gc,phases   ] GC(48)   Evacuate Collection Set: 1.1ms
[2025-09-02T20:40:50.214+0300][51.850s][info ][gc,phases   ] GC(48)   Post Evacuate Collection Set: 0.2ms
[2025-09-02T20:40:50.214+0300][51.850s][info ][gc,phases   ] GC(48)   Other: 0.1ms
[2025-09-02T20:40:50.214+0300][51.850s][info ][gc,heap     ] GC(48) Eden regions: 99->0(99)
[2025-09-02T20:40:50.214+0300][51.850s][info ][gc,heap     ] GC(48) Survivor regions: 3->3(13)
[2025-09-02T20:40:50.214+0300][51.850s][info ][gc,heap     ] GC(48) Old regions: 1677->1677
[2025-09-02T20:40:50.214+0300][51.850s][info ][gc,heap     ] GC(48) Humongous regions: 8->8
[2025-09-02T20:40:50.214+0300][51.850s][info ][gc,metaspace] GC(48) Metaspace: 31399K(31872K)->31399K(31872K) NonClass: 27572K(27840K)->27572K(27840K) Class: 3826K(4032K)->3826K(4032K)
[2025-09-02T20:40:50.214+0300][51.850s][debug][gc,heap     ] GC(48) Heap after GC invocations=49 (full 0):
[2025-09-02T20:40:50.214+0300][51.850s][debug][gc,heap     ] GC(48)  garbage-first heap   total 2097152K, used 1728116K [0x0000000780000000, 0x0000000800000000)
[2025-09-02T20:40:50.214+0300][51.851s][debug][gc,heap     ] GC(48)   region size 1024K, 3 young (3072K), 3 survivors (3072K)
[2025-09-02T20:40:50.214+0300][51.851s][debug][gc,heap     ] GC(48)  Metaspace       used 31399K, committed 31872K, reserved 1114112K
[2025-09-02T20:40:50.214+0300][51.851s][debug][gc,heap     ] GC(48)   class space    used 3826K, committed 4032K, reserved 1048576K
[2025-09-02T20:40:50.214+0300][51.851s][info ][gc          ] GC(48) Pause Young (Concurrent Start) (G1 Evacuation Pause) 1786M->1687M(2048M) 2.254ms
[2025-09-02T20:40:50.214+0300][51.851s][info ][gc          ] GC(49) Concurrent Mark Cycle
[2025-09-02T20:40:50.214+0300][51.851s][info ][gc,cpu      ] GC(48) User=0.01s Sys=0.00s Real=0.00s
[2025-09-02T20:40:50.214+0300][51.851s][info ][gc,marking  ] GC(49) Concurrent Scan Root Regions
[2025-09-02T20:40:50.215+0300][51.851s][info ][gc,marking  ] GC(49) Concurrent Scan Root Regions 0.654ms
[2025-09-02T20:40:50.215+0300][51.851s][info ][gc,marking  ] GC(49) Concurrent Mark
[2025-09-02T20:40:50.215+0300][51.851s][info ][gc,marking  ] GC(49) Concurrent Mark From Roots
[2025-09-02T20:40:50.215+0300][51.851s][info ][gc,task     ] GC(49) Using 3 workers of 3 for marking
[2025-09-02T20:40:50.269+0300][51.905s][info ][gc,marking  ] GC(49) Concurrent Mark From Roots 53.424ms
[2025-09-02T20:40:50.269+0300][51.905s][info ][gc,marking  ] GC(49) Concurrent Preclean
[2025-09-02T20:40:50.269+0300][51.905s][info ][gc,marking  ] GC(49) Concurrent Preclean 0.114ms
[2025-09-02T20:40:50.269+0300][51.905s][info ][gc,start    ] GC(49) Pause Remark
[2025-09-02T20:40:50.271+0300][51.907s][info ][gc          ] GC(49) Pause Remark 1692M->1692M(2048M) 1.844ms
[2025-09-02T20:40:50.271+0300][51.907s][info ][gc,cpu      ] GC(49) User=0.01s Sys=0.00s Real=0.01s
[2025-09-02T20:40:50.271+0300][51.907s][info ][gc,marking  ] GC(49) Concurrent Mark 55.630ms
[2025-09-02T20:40:50.271+0300][51.907s][info ][gc,marking  ] GC(49) Concurrent Rebuild Remembered Sets and Scrub Regions
[2025-09-02T20:40:50.301+0300][51.937s][info ][gc,marking  ] GC(49) Concurrent Rebuild Remembered Sets and Scrub Regions 30.037ms
[2025-09-02T20:40:50.301+0300][51.937s][info ][gc,start    ] GC(49) Pause Cleanup
[2025-09-02T20:40:50.301+0300][51.938s][info ][gc          ] GC(49) Pause Cleanup 1695M->1695M(2048M) 0.360ms
[2025-09-02T20:40:50.301+0300][51.938s][info ][gc,cpu      ] GC(49) User=0.01s Sys=0.00s Real=0.00s
[2025-09-02T20:40:50.301+0300][51.938s][info ][gc,marking  ] GC(49) Concurrent Clear Claimed Marks
[2025-09-02T20:40:50.301+0300][51.938s][info ][gc,marking  ] GC(49) Concurrent Clear Claimed Marks 0.032ms
[2025-09-02T20:40:50.301+0300][51.938s][info ][gc,marking  ] GC(49) Concurrent Cleanup for Next Mark
[2025-09-02T20:40:50.304+0300][51.940s][info ][gc,marking  ] GC(49) Concurrent Cleanup for Next Mark 2.135ms
[2025-09-02T20:40:50.304+0300][51.940s][info ][gc          ] GC(49) Concurrent Mark Cycle 89.295ms
[2025-09-02T20:40:51.430+0300][53.066s][info ][gc,start    ] GC(50) Pause Young (Prepare Mixed) (G1 Evacuation Pause)
[2025-09-02T20:40:51.430+0300][53.066s][debug][gc,heap     ] GC(50) Heap before GC invocations=50 (full 0):
[2025-09-02T20:40:51.430+0300][53.066s][debug][gc,heap     ] GC(50)  garbage-first heap   total 2097152K, used 1829492K [0x0000000780000000, 0x0000000800000000)
[2025-09-02T20:40:51.430+0300][53.066s][debug][gc,heap     ] GC(50)   region size 1024K, 102 young (104448K), 3 survivors (3072K)
[2025-09-02T20:40:51.430+0300][53.066s][debug][gc,heap     ] GC(50)  Metaspace       used 31399K, committed 31872K, reserved 1114112K
[2025-09-02T20:40:51.430+0300][53.066s][debug][gc,heap     ] GC(50)   class space    used 3826K, committed 4032K, reserved 1048576K
[2025-09-02T20:40:51.430+0300][53.066s][info ][gc,task     ] GC(50) Using 10 workers of 10 for evacuation
[2025-09-02T20:40:51.432+0300][53.068s][info ][gc,phases   ] GC(50)   Pre Evacuate Collection Set: 0.2ms
[2025-09-02T20:40:51.432+0300][53.068s][info ][gc,phases   ] GC(50)   Merge Heap Roots: 0.1ms
[2025-09-02T20:40:51.432+0300][53.068s][info ][gc,phases   ] GC(50)   Evacuate Collection Set: 1.2ms
[2025-09-02T20:40:51.432+0300][53.068s][info ][gc,phases   ] GC(50)   Post Evacuate Collection Set: 0.3ms
[2025-09-02T20:40:51.432+0300][53.068s][info ][gc,phases   ] GC(50)   Other: 0.1ms
[2025-09-02T20:40:51.432+0300][53.068s][info ][gc,heap     ] GC(50) Eden regions: 99->0(101)
[2025-09-02T20:40:51.432+0300][53.068s][info ][gc,heap     ] GC(50) Survivor regions: 3->1(13)
[2025-09-02T20:40:51.432+0300][53.068s][info ][gc,heap     ] GC(50) Old regions: 1677->1680
[2025-09-02T20:40:51.432+0300][53.068s][info ][gc,heap     ] GC(50) Humongous regions: 8->8
[2025-09-02T20:40:51.432+0300][53.068s][info ][gc,metaspace] GC(50) Metaspace: 31399K(31872K)->31399K(31872K) NonClass: 27572K(27840K)->27572K(27840K) Class: 3826K(4032K)->3826K(4032K)
[2025-09-02T20:40:51.432+0300][53.068s][debug][gc,heap     ] GC(50) Heap after GC invocations=51 (full 0):
[2025-09-02T20:40:51.432+0300][53.068s][debug][gc,heap     ] GC(50)  garbage-first heap   total 2097152K, used 1728200K [0x0000000780000000, 0x0000000800000000)
[2025-09-02T20:40:51.432+0300][53.068s][debug][gc,heap     ] GC(50)   region size 1024K, 1 young (1024K), 1 survivors (1024K)
[2025-09-02T20:40:51.432+0300][53.068s][debug][gc,heap     ] GC(50)  Metaspace       used 31399K, committed 31872K, reserved 1114112K
[2025-09-02T20:40:51.432+0300][53.068s][debug][gc,heap     ] GC(50)   class space    used 3826K, committed 4032K, reserved 1048576K
[2025-09-02T20:40:51.432+0300][53.068s][info ][gc          ] GC(50) Pause Young (Prepare Mixed) (G1 Evacuation Pause) 1786M->1687M(2048M) 2.131ms
[2025-09-02T20:40:51.432+0300][53.068s][info ][gc,cpu      ] GC(50) User=0.01s Sys=0.01s Real=0.00s
[2025-09-02T20:40:52.654+0300][54.290s][info ][gc,start    ] GC(51) Pause Young (Mixed) (G1 Evacuation Pause)
[2025-09-02T20:40:52.654+0300][54.290s][debug][gc,heap     ] GC(51) Heap before GC invocations=51 (full 0):
[2025-09-02T20:40:52.654+0300][54.290s][debug][gc,heap     ] GC(51)  garbage-first heap   total 2097152K, used 1831624K [0x0000000780000000, 0x0000000800000000)
[2025-09-02T20:40:52.654+0300][54.290s][debug][gc,heap     ] GC(51)   region size 1024K, 102 young (104448K), 1 survivors (1024K)
[2025-09-02T20:40:52.654+0300][54.290s][debug][gc,heap     ] GC(51)  Metaspace       used 31399K, committed 31872K, reserved 1114112K
[2025-09-02T20:40:52.654+0300][54.290s][debug][gc,heap     ] GC(51)   class space    used 3826K, committed 4032K, reserved 1048576K
[2025-09-02T20:40:52.654+0300][54.290s][info ][gc,task     ] GC(51) Using 10 workers of 10 for evacuation
[2025-09-02T20:40:52.656+0300][54.292s][info ][gc,phases   ] GC(51)   Pre Evacuate Collection Set: 0.2ms
[2025-09-02T20:40:52.656+0300][54.292s][info ][gc,phases   ] GC(51)   Merge Heap Roots: 0.1ms
[2025-09-02T20:40:52.656+0300][54.292s][info ][gc,phases   ] GC(51)   Evacuate Collection Set: 1.6ms
[2025-09-02T20:40:52.656+0300][54.292s][info ][gc,phases   ] GC(51)   Post Evacuate Collection Set: 0.2ms
[2025-09-02T20:40:52.656+0300][54.292s][info ][gc,phases   ] GC(51)   Other: 0.1ms
[2025-09-02T20:40:52.656+0300][54.292s][info ][gc,heap     ] GC(51) Eden regions: 101->0(101)
[2025-09-02T20:40:52.656+0300][54.292s][info ][gc,heap     ] GC(51) Survivor regions: 1->1(13)
[2025-09-02T20:40:52.656+0300][54.292s][info ][gc,heap     ] GC(51) Old regions: 1680->1677
[2025-09-02T20:40:52.656+0300][54.292s][info ][gc,heap     ] GC(51) Humongous regions: 8->8
[2025-09-02T20:40:52.656+0300][54.292s][info ][gc,metaspace] GC(51) Metaspace: 31399K(31872K)->31399K(31872K) NonClass: 27572K(27840K)->27572K(27840K) Class: 3826K(4032K)->3826K(4032K)
[2025-09-02T20:40:52.656+0300][54.292s][debug][gc,heap     ] GC(51) Heap after GC invocations=52 (full 0):
[2025-09-02T20:40:52.656+0300][54.292s][debug][gc,heap     ] GC(51)  garbage-first heap   total 2097152K, used 1725324K [0x0000000780000000, 0x0000000800000000)
[2025-09-02T20:40:52.656+0300][54.292s][debug][gc,heap     ] GC(51)   region size 1024K, 1 young (1024K), 1 survivors (1024K)
[2025-09-02T20:40:52.656+0300][54.292s][debug][gc,heap     ] GC(51)  Metaspace       used 31399K, committed 31872K, reserved 1114112K
[2025-09-02T20:40:52.656+0300][54.292s][debug][gc,heap     ] GC(51)   class space    used 3826K, committed 4032K, reserved 1048576K
[2025-09-02T20:40:52.656+0300][54.292s][info ][gc          ] GC(51) Pause Young (Mixed) (G1 Evacuation Pause) 1788M->1684M(2048M) 2.481ms
[2025-09-02T20:40:52.656+0300][54.293s][info ][gc,cpu      ] GC(51) User=0.01s Sys=0.01s Real=0.00s
[2025-09-02T20:40:59.010+0300][60.647s][info ][gc,heap,exit] Heap
[2025-09-02T20:40:59.010+0300][60.647s][info ][gc,heap,exit]  garbage-first heap   total 2097152K, used 1819554K [0x0000000780000000, 0x0000000800000000)
[2025-09-02T20:40:59.010+0300][60.647s][info ][gc,heap,exit]   region size 1024K, 94 young (96256K), 1 survivors (1024K)
[2025-09-02T20:40:59.011+0300][60.647s][info ][gc,heap,exit]  Metaspace       used 31568K, committed 32128K, reserved 1114112K
[2025-09-02T20:40:59.011+0300][60.647s][info ][gc,heap,exit]   class space    used 3856K, committed 4096K, reserved 1048576K
